Äctensorwatch.lv_types
StreamItem
q )Åq}q(X   valueqK K ÜqX	   exceptionqNX   stream_nameqX	   my_metricqX
   item_indexqK X   endedq	âX   stream_resetq
âub.Äctensorwatch.lv_types
StreamItem
q )Åq}q(X   valueqKKÜqX	   exceptionqNX   stream_nameqX	   my_metricqX
   item_indexqKX   endedq	âX   stream_resetq
âub.Äctensorwatch.lv_types
StreamItem
q )Åq}q(X   valueqKKÜqX	   exceptionqNX   stream_nameqX	   my_metricqX
   item_indexqKX   endedq	âX   stream_resetq
âub.Äctensorwatch.lv_types
StreamItem
q )Åq}q(X   valueqKK	ÜqX	   exceptionqNX   stream_nameqX	   my_metricqX
   item_indexqKX   endedq	âX   stream_resetq
âub.Äctensorwatch.lv_types
StreamItem
q )Åq}q(X   valueqKKÜqX	   exceptionqNX   stream_nameqX	   my_metricqX
   item_indexqKX   endedq	âX   stream_resetq
âub.Äctensorwatch.lv_types
StreamItem
q )Åq}q(X   valueqKKÜqX	   exceptionqNX   stream_nameqX	   my_metricqX
   item_indexqKX   endedq	âX   stream_resetq
âub.Äctensorwatch.lv_types
StreamItem
q )Åq}q(X   valueqKK$ÜqX	   exceptionqNX   stream_nameqX	   my_metricqX
   item_indexqKX   endedq	âX   stream_resetq
âub.Äctensorwatch.lv_types
StreamItem
q )Åq}q(X   valueqKK1ÜqX	   exceptionqNX   stream_nameqX	   my_metricqX
   item_indexqKX   endedq	âX   stream_resetq
âub.Äctensorwatch.lv_types
StreamItem
q )Åq}q(X   valueqKK@ÜqX	   exceptionqNX   stream_nameqX	   my_metricqX
   item_indexqKX   endedq	âX   stream_resetq
âub.Äctensorwatch.lv_types
StreamItem
q )Åq}q(X   valueqK	KQÜqX	   exceptionqNX   stream_nameqX	   my_metricqX
   item_indexqK	X   endedq	âX   stream_resetq
âub.Äctensorwatch.lv_types
StreamItem
q )Åq}q(X   valueqK
KdÜqX	   exceptionqNX   stream_nameqX	   my_metricqX
   item_indexqK
X   endedq	âX   stream_resetq
âub.Äctensorwatch.lv_types
StreamItem
q )Åq}q(X   valueqKKyÜqX	   exceptionqNX   stream_nameqX	   my_metricqX
   item_indexqKX   endedq	âX   stream_resetq
âub.Äctensorwatch.lv_types
StreamItem
q )Åq}q(X   valueqKKêÜqX	   exceptionqNX   stream_nameqX	   my_metricqX
   item_indexqKX   endedq	âX   stream_resetq
âub.Äctensorwatch.lv_types
StreamItem
q )Åq}q(X   valueqKK©ÜqX	   exceptionqNX   stream_nameqX	   my_metricqX
   item_indexqKX   endedq	âX   stream_resetq
âub.Äctensorwatch.lv_types
StreamItem
q )Åq}q(X   valueqKKƒÜqX	   exceptionqNX   stream_nameqX	   my_metricqX
   item_indexqKX   endedq	âX   stream_resetq
âub.Äctensorwatch.lv_types
StreamItem
q )Åq}q(X   valueqKK·ÜqX	   exceptionqNX   stream_nameqX	   my_metricqX
   item_indexqKX   endedq	âX   stream_resetq
âub.Äctensorwatch.lv_types
StreamItem
q )Åq}q(X   valueqKM ÜqX	   exceptionqNX   stream_nameqX	   my_metricqX
   item_indexqKX   endedq	âX   stream_resetq
âub.Äctensorwatch.lv_types
StreamItem
q )Åq}q(X   valueqKM!ÜqX	   exceptionqNX   stream_nameqX	   my_metricqX
   item_indexqKX   endedq	âX   stream_resetq
âub.Äctensorwatch.lv_types
StreamItem
q )Åq}q(X   valueqKMDÜqX	   exceptionqNX   stream_nameqX	   my_metricqX
   item_indexqKX   endedq	âX   stream_resetq
âub.Äctensorwatch.lv_types
StreamItem
q )Åq}q(X   valueqKMiÜqX	   exceptionqNX   stream_nameqX	   my_metricqX
   item_indexqKX   endedq	âX   stream_resetq
âub.Äctensorwatch.lv_types
StreamItem
q )Åq}q(X   valueqKMêÜqX	   exceptionqNX   stream_nameqX	   my_metricqX
   item_indexqKX   endedq	âX   stream_resetq
âub.Äctensorwatch.lv_types
StreamItem
q )Åq}q(X   valueqKMπÜqX	   exceptionqNX   stream_nameqX	   my_metricqX
   item_indexqKX   endedq	âX   stream_resetq
âub.Äctensorwatch.lv_types
StreamItem
q )Åq}q(X   valueqKM‰ÜqX	   exceptionqNX   stream_nameqX	   my_metricqX
   item_indexqKX   endedq	âX   stream_resetq
âub.Äctensorwatch.lv_types
StreamItem
q )Åq}q(X   valueqKMÜqX	   exceptionqNX   stream_nameqX	   my_metricqX
   item_indexqKX   endedq	âX   stream_resetq
âub.Äctensorwatch.lv_types
StreamItem
q )Åq}q(X   valueqKM@ÜqX	   exceptionqNX   stream_nameqX	   my_metricqX
   item_indexqKX   endedq	âX   stream_resetq
âub.Äctensorwatch.lv_types
StreamItem
q )Åq}q(X   valueqKMqÜqX	   exceptionqNX   stream_nameqX	   my_metricqX
   item_indexqKX   endedq	âX   stream_resetq
âub.Äctensorwatch.lv_types
StreamItem
q )Åq}q(X   valueqKM§ÜqX	   exceptionqNX   stream_nameqX	   my_metricqX
   item_indexqKX   endedq	âX   stream_resetq
âub.Äctensorwatch.lv_types
StreamItem
q )Åq}q(X   valueqKMŸÜqX	   exceptionqNX   stream_nameqX	   my_metricqX
   item_indexqKX   endedq	âX   stream_resetq
âub.Äctensorwatch.lv_types
StreamItem
q )Åq}q(X   valueqKMÜqX	   exceptionqNX   stream_nameqX	   my_metricqX
   item_indexqKX   endedq	âX   stream_resetq
âub.Äctensorwatch.lv_types
StreamItem
q )Åq}q(X   valueqKMIÜqX	   exceptionqNX   stream_nameqX	   my_metricqX
   item_indexqKX   endedq	âX   stream_resetq
âub.Äctensorwatch.lv_types
StreamItem
q )Åq}q(X   valueqKMÑÜqX	   exceptionqNX   stream_nameqX	   my_metricqX
   item_indexqKX   endedq	âX   stream_resetq
âub.Äctensorwatch.lv_types
StreamItem
q )Åq}q(X   valueqKM¡ÜqX	   exceptionqNX   stream_nameqX	   my_metricqX
   item_indexqKX   endedq	âX   stream_resetq
âub.Äctensorwatch.lv_types
StreamItem
q )Åq}q(X   valueqK M ÜqX	   exceptionqNX   stream_nameqX	   my_metricqX
   item_indexqK X   endedq	âX   stream_resetq
âub.Äctensorwatch.lv_types
StreamItem
q )Åq}q(X   valueqK!MAÜqX	   exceptionqNX   stream_nameqX	   my_metricqX
   item_indexqK!X   endedq	âX   stream_resetq
âub.Äctensorwatch.lv_types
StreamItem
q )Åq}q(X   valueqK"MÑÜqX	   exceptionqNX   stream_nameqX	   my_metricqX
   item_indexqK"X   endedq	âX   stream_resetq
âub.Äctensorwatch.lv_types
StreamItem
q )Åq}q(X   valueqK#M…ÜqX	   exceptionqNX   stream_nameqX	   my_metricqX
   item_indexqK#X   endedq	âX   stream_resetq
âub.Äctensorwatch.lv_types
StreamItem
q )Åq}q(X   valueqK$MÜqX	   exceptionqNX   stream_nameqX	   my_metricqX
   item_indexqK$X   endedq	âX   stream_resetq
âub.Äctensorwatch.lv_types
StreamItem
q )Åq}q(X   valueqK%MYÜqX	   exceptionqNX   stream_nameqX	   my_metricqX
   item_indexqK%X   endedq	âX   stream_resetq
âub.Äctensorwatch.lv_types
StreamItem
q )Åq}q(X   valueqK&M§ÜqX	   exceptionqNX   stream_nameqX	   my_metricqX
   item_indexqK&X   endedq	âX   stream_resetq
âub.Äctensorwatch.lv_types
StreamItem
q )Åq}q(X   valueqK'MÒÜqX	   exceptionqNX   stream_nameqX	   my_metricqX
   item_indexqK'X   endedq	âX   stream_resetq
âub.Äctensorwatch.lv_types
StreamItem
q )Åq}q(X   valueqK(M@ÜqX	   exceptionqNX   stream_nameqX	   my_metricqX
   item_indexqK(X   endedq	âX   stream_resetq
âub.Äctensorwatch.lv_types
StreamItem
q )Åq}q(X   valueqK)MëÜqX	   exceptionqNX   stream_nameqX	   my_metricqX
   item_indexqK)X   endedq	âX   stream_resetq
âub.Äctensorwatch.lv_types
StreamItem
q )Åq}q(X   valueqK*M‰ÜqX	   exceptionqNX   stream_nameqX	   my_metricqX
   item_indexqK*X   endedq	âX   stream_resetq
âub.Äctensorwatch.lv_types
StreamItem
q )Åq}q(X   valueqK+M9ÜqX	   exceptionqNX   stream_nameqX	   my_metricqX
   item_indexqK+X   endedq	âX   stream_resetq
âub.Äctensorwatch.lv_types
StreamItem
q )Åq}q(X   valueqK,MêÜqX	   exceptionqNX   stream_nameqX	   my_metricqX
   item_indexqK,X   endedq	âX   stream_resetq
âub.Äctensorwatch.lv_types
StreamItem
q )Åq}q(X   valueqK-MÈÜqX	   exceptionqNX   stream_nameqX	   my_metricqX
   item_indexqK-X   endedq	âX   stream_resetq
âub.Äctensorwatch.lv_types
StreamItem
q )Åq}q(X   valueqK.MDÜqX	   exceptionqNX   stream_nameqX	   my_metricqX
   item_indexqK.X   endedq	âX   stream_resetq
âub.Äctensorwatch.lv_types
StreamItem
q )Åq}q(X   valueqK/M°ÜqX	   exceptionqNX   stream_nameqX	   my_metricqX
   item_indexqK/X   endedq	âX   stream_resetq
âub.Äctensorwatch.lv_types
StreamItem
q )Åq}q(X   valueqK0M 	ÜqX	   exceptionqNX   stream_nameqX	   my_metricqX
   item_indexqK0X   endedq	âX   stream_resetq
âub.Äctensorwatch.lv_types
StreamItem
q )Åq}q(X   valueqK1Ma	ÜqX	   exceptionqNX   stream_nameqX	   my_metricqX
   item_indexqK1X   endedq	âX   stream_resetq
âub.Äctensorwatch.lv_types
StreamItem
q )Åq}q(X   valueqK2Mƒ	ÜqX	   exceptionqNX   stream_nameqX	   my_metricqX
   item_indexqK2X   endedq	âX   stream_resetq
âub.Äctensorwatch.lv_types
StreamItem
q )Åq}q(X   valueqK3M)
ÜqX	   exceptionqNX   stream_nameqX	   my_metricqX
   item_indexqK3X   endedq	âX   stream_resetq
âub.Äctensorwatch.lv_types
StreamItem
q )Åq}q(X   valueqK4Mê
ÜqX	   exceptionqNX   stream_nameqX	   my_metricqX
   item_indexqK4X   endedq	âX   stream_resetq
âub.Äctensorwatch.lv_types
StreamItem
q )Åq}q(X   valueqK5M˘
ÜqX	   exceptionqNX   stream_nameqX	   my_metricqX
   item_indexqK5X   endedq	âX   stream_resetq
âub.Äctensorwatch.lv_types
StreamItem
q )Åq}q(X   valueqK6MdÜqX	   exceptionqNX   stream_nameqX	   my_metricqX
   item_indexqK6X   endedq	âX   stream_resetq
âub.Äctensorwatch.lv_types
StreamItem
q )Åq}q(X   valueqK7M—ÜqX	   exceptionqNX   stream_nameqX	   my_metricqX
   item_indexqK7X   endedq	âX   stream_resetq
âub.Äctensorwatch.lv_types
StreamItem
q )Åq}q(X   valueqK8M@ÜqX	   exceptionqNX   stream_nameqX	   my_metricqX
   item_indexqK8X   endedq	âX   stream_resetq
âub.Äctensorwatch.lv_types
StreamItem
q )Åq}q(X   valueqK9M±ÜqX	   exceptionqNX   stream_nameqX	   my_metricqX
   item_indexqK9X   endedq	âX   stream_resetq
âub.Äctensorwatch.lv_types
StreamItem
q )Åq}q(X   valueqK:M$ÜqX	   exceptionqNX   stream_nameqX	   my_metricqX
   item_indexqK:X   endedq	âX   stream_resetq
âub.Äctensorwatch.lv_types
StreamItem
q )Åq}q(X   valueqK;MôÜqX	   exceptionqNX   stream_nameqX	   my_metricqX
   item_indexqK;X   endedq	âX   stream_resetq
âub.Äctensorwatch.lv_types
StreamItem
q )Åq}q(X   valueqK<MÜqX	   exceptionqNX   stream_nameqX	   my_metricqX
   item_indexqK<X   endedq	âX   stream_resetq
âub.Äctensorwatch.lv_types
StreamItem
q )Åq}q(X   valueqK=MâÜqX	   exceptionqNX   stream_nameqX	   my_metricqX
   item_indexqK=X   endedq	âX   stream_resetq
âub.Äctensorwatch.lv_types
StreamItem
q )Åq}q(X   valueqK>MÜqX	   exceptionqNX   stream_nameqX	   my_metricqX
   item_indexqK>X   endedq	âX   stream_resetq
âub.Äctensorwatch.lv_types
StreamItem
q )Åq}q(X   valueqK?MÅÜqX	   exceptionqNX   stream_nameqX	   my_metricqX
   item_indexqK?X   endedq	âX   stream_resetq
âub.Äctensorwatch.lv_types
StreamItem
q )Åq}q(X   valueqK@M ÜqX	   exceptionqNX   stream_nameqX	   my_metricqX
   item_indexqK@X   endedq	âX   stream_resetq
âub.Äctensorwatch.lv_types
StreamItem
q )Åq}q(X   valueqKAMÅÜqX	   exceptionqNX   stream_nameqX	   my_metricqX
   item_indexqKAX   endedq	âX   stream_resetq
âub.Äctensorwatch.lv_types
StreamItem
q )Åq}q(X   valueqKBMÜqX	   exceptionqNX   stream_nameqX	   my_metricqX
   item_indexqKBX   endedq	âX   stream_resetq
âub.Äctensorwatch.lv_types
StreamItem
q )Åq}q(X   valueqKCMâÜqX	   exceptionqNX   stream_nameqX	   my_metricqX
   item_indexqKCX   endedq	âX   stream_resetq
âub.Äctensorwatch.lv_types
StreamItem
q )Åq}q(X   valueqKDMÜqX	   exceptionqNX   stream_nameqX	   my_metricqX
   item_indexqKDX   endedq	âX   stream_resetq
âub.Äctensorwatch.lv_types
StreamItem
q )Åq}q(X   valueqKEMôÜqX	   exceptionqNX   stream_nameqX	   my_metricqX
   item_indexqKEX   endedq	âX   stream_resetq
âub.Äctensorwatch.lv_types
StreamItem
q )Åq}q(X   valueqKFM$ÜqX	   exceptionqNX   stream_nameqX	   my_metricqX
   item_indexqKFX   endedq	âX   stream_resetq
âub.Äctensorwatch.lv_types
StreamItem
q )Åq}q(X   valueqKGM±ÜqX	   exceptionqNX   stream_nameqX	   my_metricqX
   item_indexqKGX   endedq	âX   stream_resetq
âub.Äctensorwatch.lv_types
StreamItem
q )Åq}q(X   valueqKHM@ÜqX	   exceptionqNX   stream_nameqX	   my_metricqX
   item_indexqKHX   endedq	âX   stream_resetq
âub.Äctensorwatch.lv_types
StreamItem
q )Åq}q(X   valueqKIM—ÜqX	   exceptionqNX   stream_nameqX	   my_metricqX
   item_indexqKIX   endedq	âX   stream_resetq
âub.Äctensorwatch.lv_types
StreamItem
q )Åq}q(X   valueqKJMdÜqX	   exceptionqNX   stream_nameqX	   my_metricqX
   item_indexqKJX   endedq	âX   stream_resetq
âub.Äctensorwatch.lv_types
StreamItem
q )Åq}q(X   valueqKKM˘ÜqX	   exceptionqNX   stream_nameqX	   my_metricqX
   item_indexqKKX   endedq	âX   stream_resetq
âub.Äctensorwatch.lv_types
StreamItem
q )Åq}q(X   valueqKLMêÜqX	   exceptionqNX   stream_nameqX	   my_metricqX
   item_indexqKLX   endedq	âX   stream_resetq
âub.Äctensorwatch.lv_types
StreamItem
q )Åq}q(X   valueqKMM)ÜqX	   exceptionqNX   stream_nameqX	   my_metricqX
   item_indexqKMX   endedq	âX   stream_resetq
âub.Äctensorwatch.lv_types
StreamItem
q )Åq}q(X   valueqKNMƒÜqX	   exceptionqNX   stream_nameqX	   my_metricqX
   item_indexqKNX   endedq	âX   stream_resetq
âub.Äctensorwatch.lv_types
StreamItem
q )Åq}q(X   valueqKOMaÜqX	   exceptionqNX   stream_nameqX	   my_metricqX
   item_indexqKOX   endedq	âX   stream_resetq
âub.Äctensorwatch.lv_types
StreamItem
q )Åq}q(X   valueqKPM ÜqX	   exceptionqNX   stream_nameqX	   my_metricqX
   item_indexqKPX   endedq	âX   stream_resetq
âub.Äctensorwatch.lv_types
StreamItem
q )Åq}q(X   valueqKQM°ÜqX	   exceptionqNX   stream_nameqX	   my_metricqX
   item_indexqKQX   endedq	âX   stream_resetq
âub.Äctensorwatch.lv_types
StreamItem
q )Åq}q(X   valueqKRMDÜqX	   exceptionqNX   stream_nameqX	   my_metricqX
   item_indexqKRX   endedq	âX   stream_resetq
âub.Äctensorwatch.lv_types
StreamItem
q )Åq}q(X   valueqKSMÈÜqX	   exceptionqNX   stream_nameqX	   my_metricqX
   item_indexqKSX   endedq	âX   stream_resetq
âub.Äctensorwatch.lv_types
StreamItem
q )Åq}q(X   valueqKTMêÜqX	   exceptionqNX   stream_nameqX	   my_metricqX
   item_indexqKTX   endedq	âX   stream_resetq
âub.Äctensorwatch.lv_types
StreamItem
q )Åq}q(X   valueqKUM9ÜqX	   exceptionqNX   stream_nameqX	   my_metricqX
   item_indexqKUX   endedq	âX   stream_resetq
âub.Äctensorwatch.lv_types
StreamItem
q )Åq}q(X   valueqKVM‰ÜqX	   exceptionqNX   stream_nameqX	   my_metricqX
   item_indexqKVX   endedq	âX   stream_resetq
âub.Äctensorwatch.lv_types
StreamItem
q )Åq}q(X   valueqKWMëÜqX	   exceptionqNX   stream_nameqX	   my_metricqX
   item_indexqKWX   endedq	âX   stream_resetq
âub.Äctensorwatch.lv_types
StreamItem
q )Åq}q(X   valueqKXM@ÜqX	   exceptionqNX   stream_nameqX	   my_metricqX
   item_indexqKXX   endedq	âX   stream_resetq
âub.Äctensorwatch.lv_types
StreamItem
q )Åq}q(X   valueqKYMÒÜqX	   exceptionqNX   stream_nameqX	   my_metricqX
   item_indexqKYX   endedq	âX   stream_resetq
âub.Äctensorwatch.lv_types
StreamItem
q )Åq}q(X   valueqKZM§ÜqX	   exceptionqNX   stream_nameqX	   my_metricqX
   item_indexqKZX   endedq	âX   stream_resetq
âub.Äctensorwatch.lv_types
StreamItem
q )Åq}q(X   valueqK[MY ÜqX	   exceptionqNX   stream_nameqX	   my_metricqX
   item_indexqK[X   endedq	âX   stream_resetq
âub.Äctensorwatch.lv_types
StreamItem
q )Åq}q(X   valueqK\M!ÜqX	   exceptionqNX   stream_nameqX	   my_metricqX
   item_indexqK\X   endedq	âX   stream_resetq
âub.Äctensorwatch.lv_types
StreamItem
q )Åq}q(X   valueqK]M…!ÜqX	   exceptionqNX   stream_nameqX	   my_metricqX
   item_indexqK]X   endedq	âX   stream_resetq
âub.Äctensorwatch.lv_types
StreamItem
q )Åq}q(X   valueqK^MÑ"ÜqX	   exceptionqNX   stream_nameqX	   my_metricqX
   item_indexqK^X   endedq	âX   stream_resetq
âub.Äctensorwatch.lv_types
StreamItem
q )Åq}q(X   valueqK_MA#ÜqX	   exceptionqNX   stream_nameqX	   my_metricqX
   item_indexqK_X   endedq	âX   stream_resetq
âub.Äctensorwatch.lv_types
StreamItem
q )Åq}q(X   valueqK`M $ÜqX	   exceptionqNX   stream_nameqX	   my_metricqX
   item_indexqK`X   endedq	âX   stream_resetq
âub.Äctensorwatch.lv_types
StreamItem
q )Åq}q(X   valueqKaM¡$ÜqX	   exceptionqNX   stream_nameqX	   my_metricqX
   item_indexqKaX   endedq	âX   stream_resetq
âub.Äctensorwatch.lv_types
StreamItem
q )Åq}q(X   valueqKbMÑ%ÜqX	   exceptionqNX   stream_nameqX	   my_metricqX
   item_indexqKbX   endedq	âX   stream_resetq
âub.Äctensorwatch.lv_types
StreamItem
q )Åq}q(X   valueqKcMI&ÜqX	   exceptionqNX   stream_nameqX	   my_metricqX
   item_indexqKcX   endedq	âX   stream_resetq
âub.Äctensorwatch.lv_types
StreamItem
q )Åq}q(X   valueqKdM'ÜqX	   exceptionqNX   stream_nameqX	   my_metricqX
   item_indexqKdX   endedq	âX   stream_resetq
âub.Äctensorwatch.lv_types
StreamItem
q )Åq}q(X   valueqKeMŸ'ÜqX	   exceptionqNX   stream_nameqX	   my_metricqX
   item_indexqKeX   endedq	âX   stream_resetq
âub.Äctensorwatch.lv_types
StreamItem
q )Åq}q(X   valueqKfM§(ÜqX	   exceptionqNX   stream_nameqX	   my_metricqX
   item_indexqKfX   endedq	âX   stream_resetq
âub.Äctensorwatch.lv_types
StreamItem
q )Åq}q(X   valueqKgMq)ÜqX	   exceptionqNX   stream_nameqX	   my_metricqX
   item_indexqKgX   endedq	âX   stream_resetq
âub.Äctensorwatch.lv_types
StreamItem
q )Åq}q(X   valueqKhM@*ÜqX	   exceptionqNX   stream_nameqX	   my_metricqX
   item_indexqKhX   endedq	âX   stream_resetq
âub.Äctensorwatch.lv_types
StreamItem
q )Åq}q(X   valueqKiM+ÜqX	   exceptionqNX   stream_nameqX	   my_metricqX
   item_indexqKiX   endedq	âX   stream_resetq
âub.Äctensorwatch.lv_types
StreamItem
q )Åq}q(X   valueqKjM‰+ÜqX	   exceptionqNX   stream_nameqX	   my_metricqX
   item_indexqKjX   endedq	âX   stream_resetq
âub.Äctensorwatch.lv_types
StreamItem
q )Åq}q(X   valueqKkMπ,ÜqX	   exceptionqNX   stream_nameqX	   my_metricqX
   item_indexqKkX   endedq	âX   stream_resetq
âub.Äctensorwatch.lv_types
StreamItem
q )Åq}q(X   valueqKlMê-ÜqX	   exceptionqNX   stream_nameqX	   my_metricqX
   item_indexqKlX   endedq	âX   stream_resetq
âub.Äctensorwatch.lv_types
StreamItem
q )Åq}q(X   valueqKmMi.ÜqX	   exceptionqNX   stream_nameqX	   my_metricqX
   item_indexqKmX   endedq	âX   stream_resetq
âub.Äctensorwatch.lv_types
StreamItem
q )Åq}q(X   valueqKnMD/ÜqX	   exceptionqNX   stream_nameqX	   my_metricqX
   item_indexqKnX   endedq	âX   stream_resetq
âub.Äctensorwatch.lv_types
StreamItem
q )Åq}q(X   valueqKoM!0ÜqX	   exceptionqNX   stream_nameqX	   my_metricqX
   item_indexqKoX   endedq	âX   stream_resetq
âub.Äctensorwatch.lv_types
StreamItem
q )Åq}q(X   valueqKpM 1ÜqX	   exceptionqNX   stream_nameqX	   my_metricqX
   item_indexqKpX   endedq	âX   stream_resetq
âub.Äctensorwatch.lv_types
StreamItem
q )Åq}q(X   valueqKqM·1ÜqX	   exceptionqNX   stream_nameqX	   my_metricqX
   item_indexqKqX   endedq	âX   stream_resetq
âub.Äctensorwatch.lv_types
StreamItem
q )Åq}q(X   valueqKrMƒ2ÜqX	   exceptionqNX   stream_nameqX	   my_metricqX
   item_indexqKrX   endedq	âX   stream_resetq
âub.Äctensorwatch.lv_types
StreamItem
q )Åq}q(X   valueqKsM©3ÜqX	   exceptionqNX   stream_nameqX	   my_metricqX
   item_indexqKsX   endedq	âX   stream_resetq
âub.Äctensorwatch.lv_types
StreamItem
q )Åq}q(X   valueqKtMê4ÜqX	   exceptionqNX   stream_nameqX	   my_metricqX
   item_indexqKtX   endedq	âX   stream_resetq
âub.Äctensorwatch.lv_types
StreamItem
q )Åq}q(X   valueqKuMy5ÜqX	   exceptionqNX   stream_nameqX	   my_metricqX
   item_indexqKuX   endedq	âX   stream_resetq
âub.Äctensorwatch.lv_types
StreamItem
q )Åq}q(X   valueqKvMd6ÜqX	   exceptionqNX   stream_nameqX	   my_metricqX
   item_indexqKvX   endedq	âX   stream_resetq
âub.Äctensorwatch.lv_types
StreamItem
q )Åq}q(X   valueqKwMQ7ÜqX	   exceptionqNX   stream_nameqX	   my_metricqX
   item_indexqKwX   endedq	âX   stream_resetq
âub.Äctensorwatch.lv_types
StreamItem
q )Åq}q(X   valueqKxM@8ÜqX	   exceptionqNX   stream_nameqX	   my_metricqX
   item_indexqKxX   endedq	âX   stream_resetq
âub.Äctensorwatch.lv_types
StreamItem
q )Åq}q(X   valueqKyM19ÜqX	   exceptionqNX   stream_nameqX	   my_metricqX
   item_indexqKyX   endedq	âX   stream_resetq
âub.Äctensorwatch.lv_types
StreamItem
q )Åq}q(X   valueqKzM$:ÜqX	   exceptionqNX   stream_nameqX	   my_metricqX
   item_indexqKzX   endedq	âX   stream_resetq
âub.Äctensorwatch.lv_types
StreamItem
q )Åq}q(X   valueqK{M;ÜqX	   exceptionqNX   stream_nameqX	   my_metricqX
   item_indexqK{X   endedq	âX   stream_resetq
âub.Äctensorwatch.lv_types
StreamItem
q )Åq}q(X   valueqK|M<ÜqX	   exceptionqNX   stream_nameqX	   my_metricqX
   item_indexqK|X   endedq	âX   stream_resetq
âub.Äctensorwatch.lv_types
StreamItem
q )Åq}q(X   valueqK}M	=ÜqX	   exceptionqNX   stream_nameqX	   my_metricqX
   item_indexqK}X   endedq	âX   stream_resetq
âub.Äctensorwatch.lv_types
StreamItem
q )Åq}q(X   valueqK~M>ÜqX	   exceptionqNX   stream_nameqX	   my_metricqX
   item_indexqK~X   endedq	âX   stream_resetq
âub.Äctensorwatch.lv_types
StreamItem
q )Åq}q(X   valueqKM?ÜqX	   exceptionqNX   stream_nameqX	   my_metricqX
   item_indexqKX   endedq	âX   stream_resetq
âub.Äctensorwatch.lv_types
StreamItem
q )Åq}q(X   valueqKÄM @ÜqX	   exceptionqNX   stream_nameqX	   my_metricqX
   item_indexqKÄX   endedq	âX   stream_resetq
âub.Äctensorwatch.lv_types
StreamItem
q )Åq}q(X   valueqKÅMAÜqX	   exceptionqNX   stream_nameqX	   my_metricqX
   item_indexqKÅX   endedq	âX   stream_resetq
âub.Äctensorwatch.lv_types
StreamItem
q )Åq}q(X   valueqKÇMBÜqX	   exceptionqNX   stream_nameqX	   my_metricqX
   item_indexqKÇX   endedq	âX   stream_resetq
âub.Äctensorwatch.lv_types
StreamItem
q )Åq}q(X   valueqKÉM	CÜqX	   exceptionqNX   stream_nameqX	   my_metricqX
   item_indexqKÉX   endedq	âX   stream_resetq
âub.Äctensorwatch.lv_types
StreamItem
q )Åq}q(X   valueqKÑMDÜqX	   exceptionqNX   stream_nameqX	   my_metricqX
   item_indexqKÑX   endedq	âX   stream_resetq
âub.Äctensorwatch.lv_types
StreamItem
q )Åq}q(X   valueqKÖMEÜqX	   exceptionqNX   stream_nameqX	   my_metricqX
   item_indexqKÖX   endedq	âX   stream_resetq
âub.Äctensorwatch.lv_types
StreamItem
q )Åq}q(X   valueqKÜM$FÜqX	   exceptionqNX   stream_nameqX	   my_metricqX
   item_indexqKÜX   endedq	âX   stream_resetq
âub.Äctensorwatch.lv_types
StreamItem
q )Åq}q(X   valueqKáM1GÜqX	   exceptionqNX   stream_nameqX	   my_metricqX
   item_indexqKáX   endedq	âX   stream_resetq
âub.Äctensorwatch.lv_types
StreamItem
q )Åq}q(X   valueqKàM@HÜqX	   exceptionqNX   stream_nameqX	   my_metricqX
   item_indexqKàX   endedq	âX   stream_resetq
âub.Äctensorwatch.lv_types
StreamItem
q )Åq}q(X   valueqKâMQIÜqX	   exceptionqNX   stream_nameqX	   my_metricqX
   item_indexqKâX   endedq	âX   stream_resetq
âub.Äctensorwatch.lv_types
StreamItem
q )Åq}q(X   valueqKäMdJÜqX	   exceptionqNX   stream_nameqX	   my_metricqX
   item_indexqKäX   endedq	âX   stream_resetq
âub.Äctensorwatch.lv_types
StreamItem
q )Åq}q(X   valueqKãMyKÜqX	   exceptionqNX   stream_nameqX	   my_metricqX
   item_indexqKãX   endedq	âX   stream_resetq
âub.Äctensorwatch.lv_types
StreamItem
q )Åq}q(X   valueqKåMêLÜqX	   exceptionqNX   stream_nameqX	   my_metricqX
   item_indexqKåX   endedq	âX   stream_resetq
âub.Äctensorwatch.lv_types
StreamItem
q )Åq}q(X   valueqKçM©MÜqX	   exceptionqNX   stream_nameqX	   my_metricqX
   item_indexqKçX   endedq	âX   stream_resetq
âub.Äctensorwatch.lv_types
StreamItem
q )Åq}q(X   valueqKéMƒNÜqX	   exceptionqNX   stream_nameqX	   my_metricqX
   item_indexqKéX   endedq	âX   stream_resetq
âub.Äctensorwatch.lv_types
StreamItem
q )Åq}q(X   valueqKèM·OÜqX	   exceptionqNX   stream_nameqX	   my_metricqX
   item_indexqKèX   endedq	âX   stream_resetq
âub.Äctensorwatch.lv_types
StreamItem
q )Åq}q(X   valueqKêM QÜqX	   exceptionqNX   stream_nameqX	   my_metricqX
   item_indexqKêX   endedq	âX   stream_resetq
âub.Äctensorwatch.lv_types
StreamItem
q )Åq}q(X   valueqKëM!RÜqX	   exceptionqNX   stream_nameqX	   my_metricqX
   item_indexqKëX   endedq	âX   stream_resetq
âub.Äctensorwatch.lv_types
StreamItem
q )Åq}q(X   valueqKíMDSÜqX	   exceptionqNX   stream_nameqX	   my_metricqX
   item_indexqKíX   endedq	âX   stream_resetq
âub.Äctensorwatch.lv_types
StreamItem
q )Åq}q(X   valueqKìMiTÜqX	   exceptionqNX   stream_nameqX	   my_metricqX
   item_indexqKìX   endedq	âX   stream_resetq
âub.Äctensorwatch.lv_types
StreamItem
q )Åq}q(X   valueqKîMêUÜqX	   exceptionqNX   stream_nameqX	   my_metricqX
   item_indexqKîX   endedq	âX   stream_resetq
âub.Äctensorwatch.lv_types
StreamItem
q )Åq}q(X   valueqKïMπVÜqX	   exceptionqNX   stream_nameqX	   my_metricqX
   item_indexqKïX   endedq	âX   stream_resetq
âub.Äctensorwatch.lv_types
StreamItem
q )Åq}q(X   valueqKñM‰WÜqX	   exceptionqNX   stream_nameqX	   my_metricqX
   item_indexqKñX   endedq	âX   stream_resetq
âub.Äctensorwatch.lv_types
StreamItem
q )Åq}q(X   valueqKóMYÜqX	   exceptionqNX   stream_nameqX	   my_metricqX
   item_indexqKóX   endedq	âX   stream_resetq
âub.Äctensorwatch.lv_types
StreamItem
q )Åq}q(X   valueqKòM@ZÜqX	   exceptionqNX   stream_nameqX	   my_metricqX
   item_indexqKòX   endedq	âX   stream_resetq
âub.Äctensorwatch.lv_types
StreamItem
q )Åq}q(X   valueqKôMq[ÜqX	   exceptionqNX   stream_nameqX	   my_metricqX
   item_indexqKôX   endedq	âX   stream_resetq
âub.Äctensorwatch.lv_types
StreamItem
q )Åq}q(X   valueqKöM§\ÜqX	   exceptionqNX   stream_nameqX	   my_metricqX
   item_indexqKöX   endedq	âX   stream_resetq
âub.Äctensorwatch.lv_types
StreamItem
q )Åq}q(X   valueqKõMŸ]ÜqX	   exceptionqNX   stream_nameqX	   my_metricqX
   item_indexqKõX   endedq	âX   stream_resetq
âub.Äctensorwatch.lv_types
StreamItem
q )Åq}q(X   valueqKúM_ÜqX	   exceptionqNX   stream_nameqX	   my_metricqX
   item_indexqKúX   endedq	âX   stream_resetq
âub.Äctensorwatch.lv_types
StreamItem
q )Åq}q(X   valueqKùMI`ÜqX	   exceptionqNX   stream_nameqX	   my_metricqX
   item_indexqKùX   endedq	âX   stream_resetq
âub.Äctensorwatch.lv_types
StreamItem
q )Åq}q(X   valueqKûMÑaÜqX	   exceptionqNX   stream_nameqX	   my_metricqX
   item_indexqKûX   endedq	âX   stream_resetq
âub.Äctensorwatch.lv_types
StreamItem
q )Åq}q(X   valueqKüM¡bÜqX	   exceptionqNX   stream_nameqX	   my_metricqX
   item_indexqKüX   endedq	âX   stream_resetq
âub.Äctensorwatch.lv_types
StreamItem
q )Åq}q(X   valueqK†M dÜqX	   exceptionqNX   stream_nameqX	   my_metricqX
   item_indexqK†X   endedq	âX   stream_resetq
âub.Äctensorwatch.lv_types
StreamItem
q )Åq}q(X   valueqK°MAeÜqX	   exceptionqNX   stream_nameqX	   my_metricqX
   item_indexqK°X   endedq	âX   stream_resetq
âub.Äctensorwatch.lv_types
StreamItem
q )Åq}q(X   valueqK¢MÑfÜqX	   exceptionqNX   stream_nameqX	   my_metricqX
   item_indexqK¢X   endedq	âX   stream_resetq
âub.Äctensorwatch.lv_types
StreamItem
q )Åq}q(X   valueqK£M…gÜqX	   exceptionqNX   stream_nameqX	   my_metricqX
   item_indexqK£X   endedq	âX   stream_resetq
âub.Äctensorwatch.lv_types
StreamItem
q )Åq}q(X   valueqK§MiÜqX	   exceptionqNX   stream_nameqX	   my_metricqX
   item_indexqK§X   endedq	âX   stream_resetq
âub.Äctensorwatch.lv_types
StreamItem
q )Åq}q(X   valueqK•MYjÜqX	   exceptionqNX   stream_nameqX	   my_metricqX
   item_indexqK•X   endedq	âX   stream_resetq
âub.Äctensorwatch.lv_types
StreamItem
q )Åq}q(X   valueqK¶M§kÜqX	   exceptionqNX   stream_nameqX	   my_metricqX
   item_indexqK¶X   endedq	âX   stream_resetq
âub.Äctensorwatch.lv_types
StreamItem
q )Åq}q(X   valueqKßMÒlÜqX	   exceptionqNX   stream_nameqX	   my_metricqX
   item_indexqKßX   endedq	âX   stream_resetq
âub.Äctensorwatch.lv_types
StreamItem
q )Åq}q(X   valueqK®M@nÜqX	   exceptionqNX   stream_nameqX	   my_metricqX
   item_indexqK®X   endedq	âX   stream_resetq
âub.Äctensorwatch.lv_types
StreamItem
q )Åq}q(X   valueqK©MëoÜqX	   exceptionqNX   stream_nameqX	   my_metricqX
   item_indexqK©X   endedq	âX   stream_resetq
âub.Äctensorwatch.lv_types
StreamItem
q )Åq}q(X   valueqK™M‰pÜqX	   exceptionqNX   stream_nameqX	   my_metricqX
   item_indexqK™X   endedq	âX   stream_resetq
âub.Äctensorwatch.lv_types
StreamItem
q )Åq}q(X   valueqK´M9rÜqX	   exceptionqNX   stream_nameqX	   my_metricqX
   item_indexqK´X   endedq	âX   stream_resetq
âub.Äctensorwatch.lv_types
StreamItem
q )Åq}q(X   valueqK¨MêsÜqX	   exceptionqNX   stream_nameqX	   my_metricqX
   item_indexqK¨X   endedq	âX   stream_resetq
âub.Äctensorwatch.lv_types
StreamItem
q )Åq}q(X   valueqK≠MÈtÜqX	   exceptionqNX   stream_nameqX	   my_metricqX
   item_indexqK≠X   endedq	âX   stream_resetq
âub.Äctensorwatch.lv_types
StreamItem
q )Åq}q(X   valueqKÆMDvÜqX	   exceptionqNX   stream_nameqX	   my_metricqX
   item_indexqKÆX   endedq	âX   stream_resetq
âub.Äctensorwatch.lv_types
StreamItem
q )Åq}q(X   valueqKØM°wÜqX	   exceptionqNX   stream_nameqX	   my_metricqX
   item_indexqKØX   endedq	âX   stream_resetq
âub.Äctensorwatch.lv_types
StreamItem
q )Åq}q(X   valueqK∞M yÜqX	   exceptionqNX   stream_nameqX	   my_metricqX
   item_indexqK∞X   endedq	âX   stream_resetq
âub.Äctensorwatch.lv_types
StreamItem
q )Åq}q(X   valueqK±MazÜqX	   exceptionqNX   stream_nameqX	   my_metricqX
   item_indexqK±X   endedq	âX   stream_resetq
âub.Äctensorwatch.lv_types
StreamItem
q )Åq}q(X   valueqK≤Mƒ{ÜqX	   exceptionqNX   stream_nameqX	   my_metricqX
   item_indexqK≤X   endedq	âX   stream_resetq
âub.Äctensorwatch.lv_types
StreamItem
q )Åq}q(X   valueqK≥M)}ÜqX	   exceptionqNX   stream_nameqX	   my_metricqX
   item_indexqK≥X   endedq	âX   stream_resetq
âub.Äctensorwatch.lv_types
StreamItem
q )Åq}q(X   valueqK¥Mê~ÜqX	   exceptionqNX   stream_nameqX	   my_metricqX
   item_indexqK¥X   endedq	âX   stream_resetq
âub.Äctensorwatch.lv_types
StreamItem
q )Åq}q(X   valueqKµM˘ÜqX	   exceptionqNX   stream_nameqX	   my_metricqX
   item_indexqKµX   endedq	âX   stream_resetq
âub.Äctensorwatch.lv_types
StreamItem
q )Åq}q(X   valueqK∂MdÅÜqX	   exceptionqNX   stream_nameqX	   my_metricqX
   item_indexqK∂X   endedq	âX   stream_resetq
âub.Äctensorwatch.lv_types
StreamItem
q )Åq}q(X   valueqK∑M—ÇÜqX	   exceptionqNX   stream_nameqX	   my_metricqX
   item_indexqK∑X   endedq	âX   stream_resetq
âub.Äctensorwatch.lv_types
StreamItem
q )Åq}q(X   valueqK∏M@ÑÜqX	   exceptionqNX   stream_nameqX	   my_metricqX
   item_indexqK∏X   endedq	âX   stream_resetq
âub.Äctensorwatch.lv_types
StreamItem
q )Åq}q(X   valueqKπM±ÖÜqX	   exceptionqNX   stream_nameqX	   my_metricqX
   item_indexqKπX   endedq	âX   stream_resetq
âub.Äctensorwatch.lv_types
StreamItem
q )Åq}q(X   valueqK∫M$áÜqX	   exceptionqNX   stream_nameqX	   my_metricqX
   item_indexqK∫X   endedq	âX   stream_resetq
âub.Äctensorwatch.lv_types
StreamItem
q )Åq}q(X   valueqKªMôàÜqX	   exceptionqNX   stream_nameqX	   my_metricqX
   item_indexqKªX   endedq	âX   stream_resetq
âub.Äctensorwatch.lv_types
StreamItem
q )Åq}q(X   valueqKºMäÜqX	   exceptionqNX   stream_nameqX	   my_metricqX
   item_indexqKºX   endedq	âX   stream_resetq
âub.Äctensorwatch.lv_types
StreamItem
q )Åq}q(X   valueqKΩMâãÜqX	   exceptionqNX   stream_nameqX	   my_metricqX
   item_indexqKΩX   endedq	âX   stream_resetq
âub.Äctensorwatch.lv_types
StreamItem
q )Åq}q(X   valueqKæMçÜqX	   exceptionqNX   stream_nameqX	   my_metricqX
   item_indexqKæX   endedq	âX   stream_resetq
âub.Äctensorwatch.lv_types
StreamItem
q )Åq}q(X   valueqKøMÅéÜqX	   exceptionqNX   stream_nameqX	   my_metricqX
   item_indexqKøX   endedq	âX   stream_resetq
âub.Äctensorwatch.lv_types
StreamItem
q )Åq}q(X   valueqK¿M êÜqX	   exceptionqNX   stream_nameqX	   my_metricqX
   item_indexqK¿X   endedq	âX   stream_resetq
âub.Äctensorwatch.lv_types
StreamItem
q )Åq}q(X   valueqK¡MÅëÜqX	   exceptionqNX   stream_nameqX	   my_metricqX
   item_indexqK¡X   endedq	âX   stream_resetq
âub.Äctensorwatch.lv_types
StreamItem
q )Åq}q(X   valueqK¬MìÜqX	   exceptionqNX   stream_nameqX	   my_metricqX
   item_indexqK¬X   endedq	âX   stream_resetq
âub.Äctensorwatch.lv_types
StreamItem
q )Åq}q(X   valueqK√MâîÜqX	   exceptionqNX   stream_nameqX	   my_metricqX
   item_indexqK√X   endedq	âX   stream_resetq
âub.Äctensorwatch.lv_types
StreamItem
q )Åq}q(X   valueqKƒMñÜqX	   exceptionqNX   stream_nameqX	   my_metricqX
   item_indexqKƒX   endedq	âX   stream_resetq
âub.Äctensorwatch.lv_types
StreamItem
q )Åq}q(X   valueqK≈MôóÜqX	   exceptionqNX   stream_nameqX	   my_metricqX
   item_indexqK≈X   endedq	âX   stream_resetq
âub.Äctensorwatch.lv_types
StreamItem
q )Åq}q(X   valueqK∆M$ôÜqX	   exceptionqNX   stream_nameqX	   my_metricqX
   item_indexqK∆X   endedq	âX   stream_resetq
âub.Äctensorwatch.lv_types
StreamItem
q )Åq}q(X   valueqK«M±öÜqX	   exceptionqNX   stream_nameqX	   my_metricqX
   item_indexqK«X   endedq	âX   stream_resetq
âub.Äctensorwatch.lv_types
StreamItem
q )Åq}q(X   valueqK»M@úÜqX	   exceptionqNX   stream_nameqX	   my_metricqX
   item_indexqK»X   endedq	âX   stream_resetq
âub.Äctensorwatch.lv_types
StreamItem
q )Åq}q(X   valueqK…M—ùÜqX	   exceptionqNX   stream_nameqX	   my_metricqX
   item_indexqK…X   endedq	âX   stream_resetq
âub.Äctensorwatch.lv_types
StreamItem
q )Åq}q(X   valueqK MdüÜqX	   exceptionqNX   stream_nameqX	   my_metricqX
   item_indexqK X   endedq	âX   stream_resetq
âub.Äctensorwatch.lv_types
StreamItem
q )Åq}q(X   valueqKÀM˘†ÜqX	   exceptionqNX   stream_nameqX	   my_metricqX
   item_indexqKÀX   endedq	âX   stream_resetq
âub.Äctensorwatch.lv_types
StreamItem
q )Åq}q(X   valueqKÃMê¢ÜqX	   exceptionqNX   stream_nameqX	   my_metricqX
   item_indexqKÃX   endedq	âX   stream_resetq
âub.Äctensorwatch.lv_types
StreamItem
q )Åq}q(X   valueqKÕM)§ÜqX	   exceptionqNX   stream_nameqX	   my_metricqX
   item_indexqKÕX   endedq	âX   stream_resetq
âub.Äctensorwatch.lv_types
StreamItem
q )Åq}q(X   valueqKŒMƒ•ÜqX	   exceptionqNX   stream_nameqX	   my_metricqX
   item_indexqKŒX   endedq	âX   stream_resetq
âub.Äctensorwatch.lv_types
StreamItem
q )Åq}q(X   valueqKœMaßÜqX	   exceptionqNX   stream_nameqX	   my_metricqX
   item_indexqKœX   endedq	âX   stream_resetq
âub.Äctensorwatch.lv_types
StreamItem
q )Åq}q(X   valueqK–M ©ÜqX	   exceptionqNX   stream_nameqX	   my_metricqX
   item_indexqK–X   endedq	âX   stream_resetq
âub.Äctensorwatch.lv_types
StreamItem
q )Åq}q(X   valueqK—M°™ÜqX	   exceptionqNX   stream_nameqX	   my_metricqX
   item_indexqK—X   endedq	âX   stream_resetq
âub.Äctensorwatch.lv_types
StreamItem
q )Åq}q(X   valueqK“MD¨ÜqX	   exceptionqNX   stream_nameqX	   my_metricqX
   item_indexqK“X   endedq	âX   stream_resetq
âub.Äctensorwatch.lv_types
StreamItem
q )Åq}q(X   valueqK”MÈ≠ÜqX	   exceptionqNX   stream_nameqX	   my_metricqX
   item_indexqK”X   endedq	âX   stream_resetq
âub.Äctensorwatch.lv_types
StreamItem
q )Åq}q(X   valueqK‘MêØÜqX	   exceptionqNX   stream_nameqX	   my_metricqX
   item_indexqK‘X   endedq	âX   stream_resetq
âub.Äctensorwatch.lv_types
StreamItem
q )Åq}q(X   valueqK’M9±ÜqX	   exceptionqNX   stream_nameqX	   my_metricqX
   item_indexqK’X   endedq	âX   stream_resetq
âub.Äctensorwatch.lv_types
StreamItem
q )Åq}q(X   valueqK÷M‰≤ÜqX	   exceptionqNX   stream_nameqX	   my_metricqX
   item_indexqK÷X   endedq	âX   stream_resetq
âub.Äctensorwatch.lv_types
StreamItem
q )Åq}q(X   valueqK◊Më¥ÜqX	   exceptionqNX   stream_nameqX	   my_metricqX
   item_indexqK◊X   endedq	âX   stream_resetq
âub.Äctensorwatch.lv_types
StreamItem
q )Åq}q(X   valueqKÿM@∂ÜqX	   exceptionqNX   stream_nameqX	   my_metricqX
   item_indexqKÿX   endedq	âX   stream_resetq
âub.Äctensorwatch.lv_types
StreamItem
q )Åq}q(X   valueqKŸMÒ∑ÜqX	   exceptionqNX   stream_nameqX	   my_metricqX
   item_indexqKŸX   endedq	âX   stream_resetq
âub.Äctensorwatch.lv_types
StreamItem
q )Åq}q(X   valueqK⁄M§πÜqX	   exceptionqNX   stream_nameqX	   my_metricqX
   item_indexqK⁄X   endedq	âX   stream_resetq
âub.Äctensorwatch.lv_types
StreamItem
q )Åq}q(X   valueqK€MYªÜqX	   exceptionqNX   stream_nameqX	   my_metricqX
   item_indexqK€X   endedq	âX   stream_resetq
âub.Äctensorwatch.lv_types
StreamItem
q )Åq}q(X   valueqK‹MΩÜqX	   exceptionqNX   stream_nameqX	   my_metricqX
   item_indexqK‹X   endedq	âX   stream_resetq
âub.Äctensorwatch.lv_types
StreamItem
q )Åq}q(X   valueqK›M…æÜqX	   exceptionqNX   stream_nameqX	   my_metricqX
   item_indexqK›X   endedq	âX   stream_resetq
âub.Äctensorwatch.lv_types
StreamItem
q )Åq}q(X   valueqKﬁMÑ¿ÜqX	   exceptionqNX   stream_nameqX	   my_metricqX
   item_indexqKﬁX   endedq	âX   stream_resetq
âub.Äctensorwatch.lv_types
StreamItem
q )Åq}q(X   valueqKﬂMA¬ÜqX	   exceptionqNX   stream_nameqX	   my_metricqX
   item_indexqKﬂX   endedq	âX   stream_resetq
âub.Äctensorwatch.lv_types
StreamItem
q )Åq}q(X   valueqK‡M ƒÜqX	   exceptionqNX   stream_nameqX	   my_metricqX
   item_indexqK‡X   endedq	âX   stream_resetq
âub.Äctensorwatch.lv_types
StreamItem
q )Åq}q(X   valueqK·M¡≈ÜqX	   exceptionqNX   stream_nameqX	   my_metricqX
   item_indexqK·X   endedq	âX   stream_resetq
âub.Äctensorwatch.lv_types
StreamItem
q )Åq}q(X   valueqK‚MÑ«ÜqX	   exceptionqNX   stream_nameqX	   my_metricqX
   item_indexqK‚X   endedq	âX   stream_resetq
âub.Äctensorwatch.lv_types
StreamItem
q )Åq}q(X   valueqK„MI…ÜqX	   exceptionqNX   stream_nameqX	   my_metricqX
   item_indexqK„X   endedq	âX   stream_resetq
âub.Äctensorwatch.lv_types
StreamItem
q )Åq}q(X   valueqK‰MÀÜqX	   exceptionqNX   stream_nameqX	   my_metricqX
   item_indexqK‰X   endedq	âX   stream_resetq
âub.Äctensorwatch.lv_types
StreamItem
q )Åq}q(X   valueqKÂMŸÃÜqX	   exceptionqNX   stream_nameqX	   my_metricqX
   item_indexqKÂX   endedq	âX   stream_resetq
âub.Äctensorwatch.lv_types
StreamItem
q )Åq}q(X   valueqKÊM§ŒÜqX	   exceptionqNX   stream_nameqX	   my_metricqX
   item_indexqKÊX   endedq	âX   stream_resetq
âub.Äctensorwatch.lv_types
StreamItem
q )Åq}q(X   valueqKÁMq–ÜqX	   exceptionqNX   stream_nameqX	   my_metricqX
   item_indexqKÁX   endedq	âX   stream_resetq
âub.Äctensorwatch.lv_types
StreamItem
q )Åq}q(X   valueqKËM@“ÜqX	   exceptionqNX   stream_nameqX	   my_metricqX
   item_indexqKËX   endedq	âX   stream_resetq
âub.Äctensorwatch.lv_types
StreamItem
q )Åq}q(X   valueqKÈM‘ÜqX	   exceptionqNX   stream_nameqX	   my_metricqX
   item_indexqKÈX   endedq	âX   stream_resetq
âub.Äctensorwatch.lv_types
StreamItem
q )Åq}q(X   valueqKÍM‰’ÜqX	   exceptionqNX   stream_nameqX	   my_metricqX
   item_indexqKÍX   endedq	âX   stream_resetq
âub.Äctensorwatch.lv_types
StreamItem
q )Åq}q(X   valueqKÎMπ◊ÜqX	   exceptionqNX   stream_nameqX	   my_metricqX
   item_indexqKÎX   endedq	âX   stream_resetq
âub.Äctensorwatch.lv_types
StreamItem
q )Åq}q(X   valueqKÏMêŸÜqX	   exceptionqNX   stream_nameqX	   my_metricqX
   item_indexqKÏX   endedq	âX   stream_resetq
âub.Äctensorwatch.lv_types
StreamItem
q )Åq}q(X   valueqKÌMi€ÜqX	   exceptionqNX   stream_nameqX	   my_metricqX
   item_indexqKÌX   endedq	âX   stream_resetq
âub.Äctensorwatch.lv_types
StreamItem
q )Åq}q(X   valueqKÓMD›ÜqX	   exceptionqNX   stream_nameqX	   my_metricqX
   item_indexqKÓX   endedq	âX   stream_resetq
âub.Äctensorwatch.lv_types
StreamItem
q )Åq}q(X   valueqKÔM!ﬂÜqX	   exceptionqNX   stream_nameqX	   my_metricqX
   item_indexqKÔX   endedq	âX   stream_resetq
âub.Äctensorwatch.lv_types
StreamItem
q )Åq}q(X   valueqKM ·ÜqX	   exceptionqNX   stream_nameqX	   my_metricqX
   item_indexqKX   endedq	âX   stream_resetq
âub.Äctensorwatch.lv_types
StreamItem
q )Åq}q(X   valueqKÒM·‚ÜqX	   exceptionqNX   stream_nameqX	   my_metricqX
   item_indexqKÒX   endedq	âX   stream_resetq
âub.Äctensorwatch.lv_types
StreamItem
q )Åq}q(X   valueqKÚMƒ‰ÜqX	   exceptionqNX   stream_nameqX	   my_metricqX
   item_indexqKÚX   endedq	âX   stream_resetq
âub.Äctensorwatch.lv_types
StreamItem
q )Åq}q(X   valueqKÛM©ÊÜqX	   exceptionqNX   stream_nameqX	   my_metricqX
   item_indexqKÛX   endedq	âX   stream_resetq
âub.Äctensorwatch.lv_types
StreamItem
q )Åq}q(X   valueqKÙMêËÜqX	   exceptionqNX   stream_nameqX	   my_metricqX
   item_indexqKÙX   endedq	âX   stream_resetq
âub.Äctensorwatch.lv_types
StreamItem
q )Åq}q(X   valueqKıMyÍÜqX	   exceptionqNX   stream_nameqX	   my_metricqX
   item_indexqKıX   endedq	âX   stream_resetq
âub.Äctensorwatch.lv_types
StreamItem
q )Åq}q(X   valueqKˆMdÏÜqX	   exceptionqNX   stream_nameqX	   my_metricqX
   item_indexqKˆX   endedq	âX   stream_resetq
âub.Äctensorwatch.lv_types
StreamItem
q )Åq}q(X   valueqK˜MQÓÜqX	   exceptionqNX   stream_nameqX	   my_metricqX
   item_indexqK˜X   endedq	âX   stream_resetq
âub.Äctensorwatch.lv_types
StreamItem
q )Åq}q(X   valueqK¯M@ÜqX	   exceptionqNX   stream_nameqX	   my_metricqX
   item_indexqK¯X   endedq	âX   stream_resetq
âub.Äctensorwatch.lv_types
StreamItem
q )Åq}q(X   valueqK˘M1ÚÜqX	   exceptionqNX   stream_nameqX	   my_metricqX
   item_indexqK˘X   endedq	âX   stream_resetq
âub.Äctensorwatch.lv_types
StreamItem
q )Åq}q(X   valueqK˙M$ÙÜqX	   exceptionqNX   stream_nameqX	   my_metricqX
   item_indexqK˙X   endedq	âX   stream_resetq
âub.Äctensorwatch.lv_types
StreamItem
q )Åq}q(X   valueqK˚MˆÜqX	   exceptionqNX   stream_nameqX	   my_metricqX
   item_indexqK˚X   endedq	âX   stream_resetq
âub.Äctensorwatch.lv_types
StreamItem
q )Åq}q(X   valueqK¸M¯ÜqX	   exceptionqNX   stream_nameqX	   my_metricqX
   item_indexqK¸X   endedq	âX   stream_resetq
âub.Äctensorwatch.lv_types
StreamItem
q )Åq}q(X   valueqK˝M	˙ÜqX	   exceptionqNX   stream_nameqX	   my_metricqX
   item_indexqK˝X   endedq	âX   stream_resetq
âub.Äctensorwatch.lv_types
StreamItem
q )Åq}q(X   valueqK˛M¸ÜqX	   exceptionqNX   stream_nameqX	   my_metricqX
   item_indexqK˛X   endedq	âX   stream_resetq
âub.Äctensorwatch.lv_types
StreamItem
q )Åq}q(X   valueqKˇM˛ÜqX	   exceptionqNX   stream_nameqX	   my_metricqX
   item_indexqKˇX   endedq	âX   stream_resetq
âub.Äctensorwatch.lv_types
StreamItem
q )Åq}q(X   valueqM J   ÜqX	   exceptionqNX   stream_nameqX	   my_metricqX
   item_indexqM X   endedq	âX   stream_resetq
âub.Äctensorwatch.lv_types
StreamItem
q )Åq}q(X   valueqMJ ÜqX	   exceptionqNX   stream_nameqX	   my_metricqX
   item_indexqMX   endedq	âX   stream_resetq
âub.Äctensorwatch.lv_types
StreamItem
q )Åq}q(X   valueqMJ ÜqX	   exceptionqNX   stream_nameqX	   my_metricqX
   item_indexqMX   endedq	âX   stream_resetq
âub.Äctensorwatch.lv_types
StreamItem
q )Åq}q(X   valueqMJ	 ÜqX	   exceptionqNX   stream_nameqX	   my_metricqX
   item_indexqMX   endedq	âX   stream_resetq
âub.Äctensorwatch.lv_types
StreamItem
q )Åq}q(X   valueqMJ ÜqX	   exceptionqNX   stream_nameqX	   my_metricqX
   item_indexqMX   endedq	âX   stream_resetq
âub.Äctensorwatch.lv_types
StreamItem
q )Åq}q(X   valueqMJ
 ÜqX	   exceptionqNX   stream_nameqX	   my_metricqX
   item_indexqMX   endedq	âX   stream_resetq
âub.Äctensorwatch.lv_types
StreamItem
q )Åq}q(X   valueqMJ$ ÜqX	   exceptionqNX   stream_nameqX	   my_metricqX
   item_indexqMX   endedq	âX   stream_resetq
âub.Äctensorwatch.lv_types
StreamItem
q )Åq}q(X   valueqMJ1 ÜqX	   exceptionqNX   stream_nameqX	   my_metricqX
   item_indexqMX   endedq	âX   stream_resetq
âub.Äctensorwatch.lv_types
StreamItem
q )Åq}q(X   valueqMJ@ ÜqX	   exceptionqNX   stream_nameqX	   my_metricqX
   item_indexqMX   endedq	âX   stream_resetq
âub.Äctensorwatch.lv_types
StreamItem
q )Åq}q(X   valueqM	JQ ÜqX	   exceptionqNX   stream_nameqX	   my_metricqX
   item_indexqM	X   endedq	âX   stream_resetq
âub.Äctensorwatch.lv_types
StreamItem
q )Åq}q(X   valueqM
Jd ÜqX	   exceptionqNX   stream_nameqX	   my_metricqX
   item_indexqM
X   endedq	âX   stream_resetq
âub.Äctensorwatch.lv_types
StreamItem
q )Åq}q(X   valueqMJy ÜqX	   exceptionqNX   stream_nameqX	   my_metricqX
   item_indexqMX   endedq	âX   stream_resetq
âub.Äctensorwatch.lv_types
StreamItem
q )Åq}q(X   valueqMJê ÜqX	   exceptionqNX   stream_nameqX	   my_metricqX
   item_indexqMX   endedq	âX   stream_resetq
âub.Äctensorwatch.lv_types
StreamItem
q )Åq}q(X   valueqMJ© ÜqX	   exceptionqNX   stream_nameqX	   my_metricqX
   item_indexqMX   endedq	âX   stream_resetq
âub.Äctensorwatch.lv_types
StreamItem
q )Åq}q(X   valueqMJƒ ÜqX	   exceptionqNX   stream_nameqX	   my_metricqX
   item_indexqMX   endedq	âX   stream_resetq
âub.Äctensorwatch.lv_types
StreamItem
q )Åq}q(X   valueqMJ· ÜqX	   exceptionqNX   stream_nameqX	   my_metricqX
   item_indexqMX   endedq	âX   stream_resetq
âub.Äctensorwatch.lv_types
StreamItem
q )Åq}q(X   valueqMJ ! ÜqX	   exceptionqNX   stream_nameqX	   my_metricqX
   item_indexqMX   endedq	âX   stream_resetq
âub.Äctensorwatch.lv_types
StreamItem
q )Åq}q(X   valueqMJ!# ÜqX	   exceptionqNX   stream_nameqX	   my_metricqX
   item_indexqMX   endedq	âX   stream_resetq
âub.Äctensorwatch.lv_types
StreamItem
q )Åq}q(X   valueqMJD% ÜqX	   exceptionqNX   stream_nameqX	   my_metricqX
   item_indexqMX   endedq	âX   stream_resetq
âub.Äctensorwatch.lv_types
StreamItem
q )Åq}q(X   valueqMJi' ÜqX	   exceptionqNX   stream_nameqX	   my_metricqX
   item_indexqMX   endedq	âX   stream_resetq
âub.Äctensorwatch.lv_types
StreamItem
q )Åq}q(X   valueqMJê) ÜqX	   exceptionqNX   stream_nameqX	   my_metricqX
   item_indexqMX   endedq	âX   stream_resetq
âub.Äctensorwatch.lv_types
StreamItem
q )Åq}q(X   valueqMJπ+ ÜqX	   exceptionqNX   stream_nameqX	   my_metricqX
   item_indexqMX   endedq	âX   stream_resetq
âub.Äctensorwatch.lv_types
StreamItem
q )Åq}q(X   valueqMJ‰- ÜqX	   exceptionqNX   stream_nameqX	   my_metricqX
   item_indexqMX   endedq	âX   stream_resetq
âub.Äctensorwatch.lv_types
StreamItem
q )Åq}q(X   valueqMJ0 ÜqX	   exceptionqNX   stream_nameqX	   my_metricqX
   item_indexqMX   endedq	âX   stream_resetq
âub.Äctensorwatch.lv_types
StreamItem
q )Åq}q(X   valueqMJ@2 ÜqX	   exceptionqNX   stream_nameqX	   my_metricqX
   item_indexqMX   endedq	âX   stream_resetq
âub.Äctensorwatch.lv_types
StreamItem
q )Åq}q(X   valueqMJq4 ÜqX	   exceptionqNX   stream_nameqX	   my_metricqX
   item_indexqMX   endedq	âX   stream_resetq
âub.Äctensorwatch.lv_types
StreamItem
q )Åq}q(X   valueqMJ§6 ÜqX	   exceptionqNX   stream_nameqX	   my_metricqX
   item_indexqMX   endedq	âX   stream_resetq
âub.Äctensorwatch.lv_types
StreamItem
q )Åq}q(X   valueqMJŸ8 ÜqX	   exceptionqNX   stream_nameqX	   my_metricqX
   item_indexqMX   endedq	âX   stream_resetq
âub.Äctensorwatch.lv_types
StreamItem
q )Åq}q(X   valueqMJ; ÜqX	   exceptionqNX   stream_nameqX	   my_metricqX
   item_indexqMX   endedq	âX   stream_resetq
âub.Äctensorwatch.lv_types
StreamItem
q )Åq}q(X   valueqMJI= ÜqX	   exceptionqNX   stream_nameqX	   my_metricqX
   item_indexqMX   endedq	âX   stream_resetq
âub.Äctensorwatch.lv_types
StreamItem
q )Åq}q(X   valueqMJÑ? ÜqX	   exceptionqNX   stream_nameqX	   my_metricqX
   item_indexqMX   endedq	âX   stream_resetq
âub.Äctensorwatch.lv_types
StreamItem
q )Åq}q(X   valueqMJ¡A ÜqX	   exceptionqNX   stream_nameqX	   my_metricqX
   item_indexqMX   endedq	âX   stream_resetq
âub.Äctensorwatch.lv_types
StreamItem
q )Åq}q(X   valueqM J D ÜqX	   exceptionqNX   stream_nameqX	   my_metricqX
   item_indexqM X   endedq	âX   stream_resetq
âub.Äctensorwatch.lv_types
StreamItem
q )Åq}q(X   valueqM!JAF ÜqX	   exceptionqNX   stream_nameqX	   my_metricqX
   item_indexqM!X   endedq	âX   stream_resetq
âub.Äctensorwatch.lv_types
StreamItem
q )Åq}q(X   valueqM"JÑH ÜqX	   exceptionqNX   stream_nameqX	   my_metricqX
   item_indexqM"X   endedq	âX   stream_resetq
âub.Äctensorwatch.lv_types
StreamItem
q )Åq}q(X   valueqM#J…J ÜqX	   exceptionqNX   stream_nameqX	   my_metricqX
   item_indexqM#X   endedq	âX   stream_resetq
âub.Äctensorwatch.lv_types
StreamItem
q )Åq}q(X   valueqM$JM ÜqX	   exceptionqNX   stream_nameqX	   my_metricqX
   item_indexqM$X   endedq	âX   stream_resetq
âub.Äctensorwatch.lv_types
StreamItem
q )Åq}q(X   valueqM%JYO ÜqX	   exceptionqNX   stream_nameqX	   my_metricqX
   item_indexqM%X   endedq	âX   stream_resetq
âub.Äctensorwatch.lv_types
StreamItem
q )Åq}q(X   valueqM&J§Q ÜqX	   exceptionqNX   stream_nameqX	   my_metricqX
   item_indexqM&X   endedq	âX   stream_resetq
âub.Äctensorwatch.lv_types
StreamItem
q )Åq}q(X   valueqM'JÒS ÜqX	   exceptionqNX   stream_nameqX	   my_metricqX
   item_indexqM'X   endedq	âX   stream_resetq
âub.Äctensorwatch.lv_types
StreamItem
q )Åq}q(X   valueqM(J@V ÜqX	   exceptionqNX   stream_nameqX	   my_metricqX
   item_indexqM(X   endedq	âX   stream_resetq
âub.Äctensorwatch.lv_types
StreamItem
q )Åq}q(X   valueqM)JëX ÜqX	   exceptionqNX   stream_nameqX	   my_metricqX
   item_indexqM)X   endedq	âX   stream_resetq
âub.Äctensorwatch.lv_types
StreamItem
q )Åq}q(X   valueqM*J‰Z ÜqX	   exceptionqNX   stream_nameqX	   my_metricqX
   item_indexqM*X   endedq	âX   stream_resetq
âub.Äctensorwatch.lv_types
StreamItem
q )Åq}q(X   valueqM+J9] ÜqX	   exceptionqNX   stream_nameqX	   my_metricqX
   item_indexqM+X   endedq	âX   stream_resetq
âub.Äctensorwatch.lv_types
StreamItem
q )Åq}q(X   valueqM,Jê_ ÜqX	   exceptionqNX   stream_nameqX	   my_metricqX
   item_indexqM,X   endedq	âX   stream_resetq
âub.Äctensorwatch.lv_types
StreamItem
q )Åq}q(X   valueqM-JÈa ÜqX	   exceptionqNX   stream_nameqX	   my_metricqX
   item_indexqM-X   endedq	âX   stream_resetq
âub.Äctensorwatch.lv_types
StreamItem
q )Åq}q(X   valueqM.JDd ÜqX	   exceptionqNX   stream_nameqX	   my_metricqX
   item_indexqM.X   endedq	âX   stream_resetq
âub.Äctensorwatch.lv_types
StreamItem
q )Åq}q(X   valueqM/J°f ÜqX	   exceptionqNX   stream_nameqX	   my_metricqX
   item_indexqM/X   endedq	âX   stream_resetq
âub.Äctensorwatch.lv_types
StreamItem
q )Åq}q(X   valueqM0J i ÜqX	   exceptionqNX   stream_nameqX	   my_metricqX
   item_indexqM0X   endedq	âX   stream_resetq
âub.Äctensorwatch.lv_types
StreamItem
q )Åq}q(X   valueqM1Jak ÜqX	   exceptionqNX   stream_nameqX	   my_metricqX
   item_indexqM1X   endedq	âX   stream_resetq
âub.Äctensorwatch.lv_types
StreamItem
q )Åq}q(X   valueqM2Jƒm ÜqX	   exceptionqNX   stream_nameqX	   my_metricqX
   item_indexqM2X   endedq	âX   stream_resetq
âub.Äctensorwatch.lv_types
StreamItem
q )Åq}q(X   valueqM3J)p ÜqX	   exceptionqNX   stream_nameqX	   my_metricqX
   item_indexqM3X   endedq	âX   stream_resetq
âub.Äctensorwatch.lv_types
StreamItem
q )Åq}q(X   valueqM4Jêr ÜqX	   exceptionqNX   stream_nameqX	   my_metricqX
   item_indexqM4X   endedq	âX   stream_resetq
âub.Äctensorwatch.lv_types
StreamItem
q )Åq}q(X   valueqM5J˘t ÜqX	   exceptionqNX   stream_nameqX	   my_metricqX
   item_indexqM5X   endedq	âX   stream_resetq
âub.Äctensorwatch.lv_types
StreamItem
q )Åq}q(X   valueqM6Jdw ÜqX	   exceptionqNX   stream_nameqX	   my_metricqX
   item_indexqM6X   endedq	âX   stream_resetq
âub.Äctensorwatch.lv_types
StreamItem
q )Åq}q(X   valueqM7J—y ÜqX	   exceptionqNX   stream_nameqX	   my_metricqX
   item_indexqM7X   endedq	âX   stream_resetq
âub.Äctensorwatch.lv_types
StreamItem
q )Åq}q(X   valueqM8J@| ÜqX	   exceptionqNX   stream_nameqX	   my_metricqX
   item_indexqM8X   endedq	âX   stream_resetq
âub.Äctensorwatch.lv_types
StreamItem
q )Åq}q(X   valueqM9J±~ ÜqX	   exceptionqNX   stream_nameqX	   my_metricqX
   item_indexqM9X   endedq	âX   stream_resetq
âub.Äctensorwatch.lv_types
StreamItem
q )Åq}q(X   valueqM:J$Å ÜqX	   exceptionqNX   stream_nameqX	   my_metricqX
   item_indexqM:X   endedq	âX   stream_resetq
âub.Äctensorwatch.lv_types
StreamItem
q )Åq}q(X   valueqM;JôÉ ÜqX	   exceptionqNX   stream_nameqX	   my_metricqX
   item_indexqM;X   endedq	âX   stream_resetq
âub.Äctensorwatch.lv_types
StreamItem
q )Åq}q(X   valueqM<JÜ ÜqX	   exceptionqNX   stream_nameqX	   my_metricqX
   item_indexqM<X   endedq	âX   stream_resetq
âub.Äctensorwatch.lv_types
StreamItem
q )Åq}q(X   valueqM=Jâà ÜqX	   exceptionqNX   stream_nameqX	   my_metricqX
   item_indexqM=X   endedq	âX   stream_resetq
âub.Äctensorwatch.lv_types
StreamItem
q )Åq}q(X   valueqM>Jã ÜqX	   exceptionqNX   stream_nameqX	   my_metricqX
   item_indexqM>X   endedq	âX   stream_resetq
âub.Äctensorwatch.lv_types
StreamItem
q )Åq}q(X   valueqM?JÅç ÜqX	   exceptionqNX   stream_nameqX	   my_metricqX
   item_indexqM?X   endedq	âX   stream_resetq
âub.Äctensorwatch.lv_types
StreamItem
q )Åq}q(X   valueqM@J ê ÜqX	   exceptionqNX   stream_nameqX	   my_metricqX
   item_indexqM@X   endedq	âX   stream_resetq
âub.Äctensorwatch.lv_types
StreamItem
q )Åq}q(X   valueqMAJÅí ÜqX	   exceptionqNX   stream_nameqX	   my_metricqX
   item_indexqMAX   endedq	âX   stream_resetq
âub.Äctensorwatch.lv_types
StreamItem
q )Åq}q(X   valueqMBJï ÜqX	   exceptionqNX   stream_nameqX	   my_metricqX
   item_indexqMBX   endedq	âX   stream_resetq
âub.Äctensorwatch.lv_types
StreamItem
q )Åq}q(X   valueqMCJâó ÜqX	   exceptionqNX   stream_nameqX	   my_metricqX
   item_indexqMCX   endedq	âX   stream_resetq
âub.Äctensorwatch.lv_types
StreamItem
q )Åq}q(X   valueqMDJö ÜqX	   exceptionqNX   stream_nameqX	   my_metricqX
   item_indexqMDX   endedq	âX   stream_resetq
âub.Äctensorwatch.lv_types
StreamItem
q )Åq}q(X   valueqMEJôú ÜqX	   exceptionqNX   stream_nameqX	   my_metricqX
   item_indexqMEX   endedq	âX   stream_resetq
âub.Äctensorwatch.lv_types
StreamItem
q )Åq}q(X   valueqMFJ$ü ÜqX	   exceptionqNX   stream_nameqX	   my_metricqX
   item_indexqMFX   endedq	âX   stream_resetq
âub.Äctensorwatch.lv_types
StreamItem
q )Åq}q(X   valueqMGJ±° ÜqX	   exceptionqNX   stream_nameqX	   my_metricqX
   item_indexqMGX   endedq	âX   stream_resetq
âub.Äctensorwatch.lv_types
StreamItem
q )Åq}q(X   valueqMHJ@§ ÜqX	   exceptionqNX   stream_nameqX	   my_metricqX
   item_indexqMHX   endedq	âX   stream_resetq
âub.Äctensorwatch.lv_types
StreamItem
q )Åq}q(X   valueqMIJ—¶ ÜqX	   exceptionqNX   stream_nameqX	   my_metricqX
   item_indexqMIX   endedq	âX   stream_resetq
âub.Äctensorwatch.lv_types
StreamItem
q )Åq}q(X   valueqMJJd© ÜqX	   exceptionqNX   stream_nameqX	   my_metricqX
   item_indexqMJX   endedq	âX   stream_resetq
âub.Äctensorwatch.lv_types
StreamItem
q )Åq}q(X   valueqMKJ˘´ ÜqX	   exceptionqNX   stream_nameqX	   my_metricqX
   item_indexqMKX   endedq	âX   stream_resetq
âub.Äctensorwatch.lv_types
StreamItem
q )Åq}q(X   valueqMLJêÆ ÜqX	   exceptionqNX   stream_nameqX	   my_metricqX
   item_indexqMLX   endedq	âX   stream_resetq
âub.Äctensorwatch.lv_types
StreamItem
q )Åq}q(X   valueqMMJ)± ÜqX	   exceptionqNX   stream_nameqX	   my_metricqX
   item_indexqMMX   endedq	âX   stream_resetq
âub.Äctensorwatch.lv_types
StreamItem
q )Åq}q(X   valueqMNJƒ≥ ÜqX	   exceptionqNX   stream_nameqX	   my_metricqX
   item_indexqMNX   endedq	âX   stream_resetq
âub.Äctensorwatch.lv_types
StreamItem
q )Åq}q(X   valueqMOJa∂ ÜqX	   exceptionqNX   stream_nameqX	   my_metricqX
   item_indexqMOX   endedq	âX   stream_resetq
âub.Äctensorwatch.lv_types
StreamItem
q )Åq}q(X   valueqMPJ π ÜqX	   exceptionqNX   stream_nameqX	   my_metricqX
   item_indexqMPX   endedq	âX   stream_resetq
âub.Äctensorwatch.lv_types
StreamItem
q )Åq}q(X   valueqMQJ°ª ÜqX	   exceptionqNX   stream_nameqX	   my_metricqX
   item_indexqMQX   endedq	âX   stream_resetq
âub.Äctensorwatch.lv_types
StreamItem
q )Åq}q(X   valueqMRJDæ ÜqX	   exceptionqNX   stream_nameqX	   my_metricqX
   item_indexqMRX   endedq	âX   stream_resetq
âub.Äctensorwatch.lv_types
StreamItem
q )Åq}q(X   valueqMSJÈ¿ ÜqX	   exceptionqNX   stream_nameqX	   my_metricqX
   item_indexqMSX   endedq	âX   stream_resetq
âub.Äctensorwatch.lv_types
StreamItem
q )Åq}q(X   valueqMTJê√ ÜqX	   exceptionqNX   stream_nameqX	   my_metricqX
   item_indexqMTX   endedq	âX   stream_resetq
âub.Äctensorwatch.lv_types
StreamItem
q )Åq}q(X   valueqMUJ9∆ ÜqX	   exceptionqNX   stream_nameqX	   my_metricqX
   item_indexqMUX   endedq	âX   stream_resetq
âub.Äctensorwatch.lv_types
StreamItem
q )Åq}q(X   valueqMVJ‰» ÜqX	   exceptionqNX   stream_nameqX	   my_metricqX
   item_indexqMVX   endedq	âX   stream_resetq
âub.Äctensorwatch.lv_types
StreamItem
q )Åq}q(X   valueqMWJëÀ ÜqX	   exceptionqNX   stream_nameqX	   my_metricqX
   item_indexqMWX   endedq	âX   stream_resetq
âub.Äctensorwatch.lv_types
StreamItem
q )Åq}q(X   valueqMXJ@Œ ÜqX	   exceptionqNX   stream_nameqX	   my_metricqX
   item_indexqMXX   endedq	âX   stream_resetq
âub.Äctensorwatch.lv_types
StreamItem
q )Åq}q(X   valueqMYJÒ– ÜqX	   exceptionqNX   stream_nameqX	   my_metricqX
   item_indexqMYX   endedq	âX   stream_resetq
âub.Äctensorwatch.lv_types
StreamItem
q )Åq}q(X   valueqMZJ§” ÜqX	   exceptionqNX   stream_nameqX	   my_metricqX
   item_indexqMZX   endedq	âX   stream_resetq
âub.Äctensorwatch.lv_types
StreamItem
q )Åq}q(X   valueqM[JY÷ ÜqX	   exceptionqNX   stream_nameqX	   my_metricqX
   item_indexqM[X   endedq	âX   stream_resetq
âub.Äctensorwatch.lv_types
StreamItem
q )Åq}q(X   valueqM\JŸ ÜqX	   exceptionqNX   stream_nameqX	   my_metricqX
   item_indexqM\X   endedq	âX   stream_resetq
âub.Äctensorwatch.lv_types
StreamItem
q )Åq}q(X   valueqM]J…€ ÜqX	   exceptionqNX   stream_nameqX	   my_metricqX
   item_indexqM]X   endedq	âX   stream_resetq
âub.Äctensorwatch.lv_types
StreamItem
q )Åq}q(X   valueqM^JÑﬁ ÜqX	   exceptionqNX   stream_nameqX	   my_metricqX
   item_indexqM^X   endedq	âX   stream_resetq
âub.Äctensorwatch.lv_types
StreamItem
q )Åq}q(X   valueqM_JA· ÜqX	   exceptionqNX   stream_nameqX	   my_metricqX
   item_indexqM_X   endedq	âX   stream_resetq
âub.Äctensorwatch.lv_types
StreamItem
q )Åq}q(X   valueqM`J ‰ ÜqX	   exceptionqNX   stream_nameqX	   my_metricqX
   item_indexqM`X   endedq	âX   stream_resetq
âub.Äctensorwatch.lv_types
StreamItem
q )Åq}q(X   valueqMaJ¡Ê ÜqX	   exceptionqNX   stream_nameqX	   my_metricqX
   item_indexqMaX   endedq	âX   stream_resetq
âub.Äctensorwatch.lv_types
StreamItem
q )Åq}q(X   valueqMbJÑÈ ÜqX	   exceptionqNX   stream_nameqX	   my_metricqX
   item_indexqMbX   endedq	âX   stream_resetq
âub.Äctensorwatch.lv_types
StreamItem
q )Åq}q(X   valueqMcJIÏ ÜqX	   exceptionqNX   stream_nameqX	   my_metricqX
   item_indexqMcX   endedq	âX   stream_resetq
âub.Äctensorwatch.lv_types
StreamItem
q )Åq}q(X   valueqMdJÔ ÜqX	   exceptionqNX   stream_nameqX	   my_metricqX
   item_indexqMdX   endedq	âX   stream_resetq
âub.Äctensorwatch.lv_types
StreamItem
q )Åq}q(X   valueqMeJŸÒ ÜqX	   exceptionqNX   stream_nameqX	   my_metricqX
   item_indexqMeX   endedq	âX   stream_resetq
âub.Äctensorwatch.lv_types
StreamItem
q )Åq}q(X   valueqMfJ§Ù ÜqX	   exceptionqNX   stream_nameqX	   my_metricqX
   item_indexqMfX   endedq	âX   stream_resetq
âub.Äctensorwatch.lv_types
StreamItem
q )Åq}q(X   valueqMgJq˜ ÜqX	   exceptionqNX   stream_nameqX	   my_metricqX
   item_indexqMgX   endedq	âX   stream_resetq
âub.Äctensorwatch.lv_types
StreamItem
q )Åq}q(X   valueqMhJ@˙ ÜqX	   exceptionqNX   stream_nameqX	   my_metricqX
   item_indexqMhX   endedq	âX   stream_resetq
âub.Äctensorwatch.lv_types
StreamItem
q )Åq}q(X   valueqMiJ˝ ÜqX	   exceptionqNX   stream_nameqX	   my_metricqX
   item_indexqMiX   endedq	âX   stream_resetq
âub.Äctensorwatch.lv_types
StreamItem
q )Åq}q(X   valueqMjJ‰ˇ ÜqX	   exceptionqNX   stream_nameqX	   my_metricqX
   item_indexqMjX   endedq	âX   stream_resetq
âub.Äctensorwatch.lv_types
StreamItem
q )Åq}q(X   valueqMkJπ ÜqX	   exceptionqNX   stream_nameqX	   my_metricqX
   item_indexqMkX   endedq	âX   stream_resetq
âub.Äctensorwatch.lv_types
StreamItem
q )Åq}q(X   valueqMlJê ÜqX	   exceptionqNX   stream_nameqX	   my_metricqX
   item_indexqMlX   endedq	âX   stream_resetq
âub.Äctensorwatch.lv_types
StreamItem
q )Åq}q(X   valueqMmJi ÜqX	   exceptionqNX   stream_nameqX	   my_metricqX
   item_indexqMmX   endedq	âX   stream_resetq
âub.Äctensorwatch.lv_types
StreamItem
q )Åq}q(X   valueqMnJD ÜqX	   exceptionqNX   stream_nameqX	   my_metricqX
   item_indexqMnX   endedq	âX   stream_resetq
âub.Äctensorwatch.lv_types
StreamItem
q )Åq}q(X   valueqMoJ! ÜqX	   exceptionqNX   stream_nameqX	   my_metricqX
   item_indexqMoX   endedq	âX   stream_resetq
âub.Äctensorwatch.lv_types
StreamItem
q )Åq}q(X   valueqMpJ  ÜqX	   exceptionqNX   stream_nameqX	   my_metricqX
   item_indexqMpX   endedq	âX   stream_resetq
âub.Äctensorwatch.lv_types
StreamItem
q )Åq}q(X   valueqMqJ· ÜqX	   exceptionqNX   stream_nameqX	   my_metricqX
   item_indexqMqX   endedq	âX   stream_resetq
âub.Äctensorwatch.lv_types
StreamItem
q )Åq}q(X   valueqMrJƒ ÜqX	   exceptionqNX   stream_nameqX	   my_metricqX
   item_indexqMrX   endedq	âX   stream_resetq
âub.Äctensorwatch.lv_types
StreamItem
q )Åq}q(X   valueqMsJ© ÜqX	   exceptionqNX   stream_nameqX	   my_metricqX
   item_indexqMsX   endedq	âX   stream_resetq
âub.Äctensorwatch.lv_types
StreamItem
q )Åq}q(X   valueqMtJê ÜqX	   exceptionqNX   stream_nameqX	   my_metricqX
   item_indexqMtX   endedq	âX   stream_resetq
âub.Äctensorwatch.lv_types
StreamItem
q )Åq}q(X   valueqMuJy ÜqX	   exceptionqNX   stream_nameqX	   my_metricqX
   item_indexqMuX   endedq	âX   stream_resetq
âub.Äctensorwatch.lv_types
StreamItem
q )Åq}q(X   valueqMvJd" ÜqX	   exceptionqNX   stream_nameqX	   my_metricqX
   item_indexqMvX   endedq	âX   stream_resetq
âub.Äctensorwatch.lv_types
StreamItem
q )Åq}q(X   valueqMwJQ% ÜqX	   exceptionqNX   stream_nameqX	   my_metricqX
   item_indexqMwX   endedq	âX   stream_resetq
âub.Äctensorwatch.lv_types
StreamItem
q )Åq}q(X   valueqMxJ@( ÜqX	   exceptionqNX   stream_nameqX	   my_metricqX
   item_indexqMxX   endedq	âX   stream_resetq
âub.Äctensorwatch.lv_types
StreamItem
q )Åq}q(X   valueqMyJ1+ ÜqX	   exceptionqNX   stream_nameqX	   my_metricqX
   item_indexqMyX   endedq	âX   stream_resetq
âub.Äctensorwatch.lv_types
StreamItem
q )Åq}q(X   valueqMzJ$. ÜqX	   exceptionqNX   stream_nameqX	   my_metricqX
   item_indexqMzX   endedq	âX   stream_resetq
âub.Äctensorwatch.lv_types
StreamItem
q )Åq}q(X   valueqM{J1 ÜqX	   exceptionqNX   stream_nameqX	   my_metricqX
   item_indexqM{X   endedq	âX   stream_resetq
âub.Äctensorwatch.lv_types
StreamItem
q )Åq}q(X   valueqM|J4 ÜqX	   exceptionqNX   stream_nameqX	   my_metricqX
   item_indexqM|X   endedq	âX   stream_resetq
âub.Äctensorwatch.lv_types
StreamItem
q )Åq}q(X   valueqM}J	7 ÜqX	   exceptionqNX   stream_nameqX	   my_metricqX
   item_indexqM}X   endedq	âX   stream_resetq
âub.Äctensorwatch.lv_types
StreamItem
q )Åq}q(X   valueqM~J: ÜqX	   exceptionqNX   stream_nameqX	   my_metricqX
   item_indexqM~X   endedq	âX   stream_resetq
âub.Äctensorwatch.lv_types
StreamItem
q )Åq}q(X   valueqMJ= ÜqX	   exceptionqNX   stream_nameqX	   my_metricqX
   item_indexqMX   endedq	âX   stream_resetq
âub.Äctensorwatch.lv_types
StreamItem
q )Åq}q(X   valueqMÄJ @ ÜqX	   exceptionqNX   stream_nameqX	   my_metricqX
   item_indexqMÄX   endedq	âX   stream_resetq
âub.Äctensorwatch.lv_types
StreamItem
q )Åq}q(X   valueqMÅJC ÜqX	   exceptionqNX   stream_nameqX	   my_metricqX
   item_indexqMÅX   endedq	âX   stream_resetq
âub.Äctensorwatch.lv_types
StreamItem
q )Åq}q(X   valueqMÇJF ÜqX	   exceptionqNX   stream_nameqX	   my_metricqX
   item_indexqMÇX   endedq	âX   stream_resetq
âub.Äctensorwatch.lv_types
StreamItem
q )Åq}q(X   valueqMÉJ	I ÜqX	   exceptionqNX   stream_nameqX	   my_metricqX
   item_indexqMÉX   endedq	âX   stream_resetq
âub.Äctensorwatch.lv_types
StreamItem
q )Åq}q(X   valueqMÑJL ÜqX	   exceptionqNX   stream_nameqX	   my_metricqX
   item_indexqMÑX   endedq	âX   stream_resetq
âub.Äctensorwatch.lv_types
StreamItem
q )Åq}q(X   valueqMÖJO ÜqX	   exceptionqNX   stream_nameqX	   my_metricqX
   item_indexqMÖX   endedq	âX   stream_resetq
âub.Äctensorwatch.lv_types
StreamItem
q )Åq}q(X   valueqMÜJ$R ÜqX	   exceptionqNX   stream_nameqX	   my_metricqX
   item_indexqMÜX   endedq	âX   stream_resetq
âub.Äctensorwatch.lv_types
StreamItem
q )Åq}q(X   valueqMáJ1U ÜqX	   exceptionqNX   stream_nameqX	   my_metricqX
   item_indexqMáX   endedq	âX   stream_resetq
âub.Äctensorwatch.lv_types
StreamItem
q )Åq}q(X   valueqMàJ@X ÜqX	   exceptionqNX   stream_nameqX	   my_metricqX
   item_indexqMàX   endedq	âX   stream_resetq
âub.Äctensorwatch.lv_types
StreamItem
q )Åq}q(X   valueqMâJQ[ ÜqX	   exceptionqNX   stream_nameqX	   my_metricqX
   item_indexqMâX   endedq	âX   stream_resetq
âub.Äctensorwatch.lv_types
StreamItem
q )Åq}q(X   valueqMäJd^ ÜqX	   exceptionqNX   stream_nameqX	   my_metricqX
   item_indexqMäX   endedq	âX   stream_resetq
âub.Äctensorwatch.lv_types
StreamItem
q )Åq}q(X   valueqMãJya ÜqX	   exceptionqNX   stream_nameqX	   my_metricqX
   item_indexqMãX   endedq	âX   stream_resetq
âub.Äctensorwatch.lv_types
StreamItem
q )Åq}q(X   valueqMåJêd ÜqX	   exceptionqNX   stream_nameqX	   my_metricqX
   item_indexqMåX   endedq	âX   stream_resetq
âub.Äctensorwatch.lv_types
StreamItem
q )Åq}q(X   valueqMçJ©g ÜqX	   exceptionqNX   stream_nameqX	   my_metricqX
   item_indexqMçX   endedq	âX   stream_resetq
âub.Äctensorwatch.lv_types
StreamItem
q )Åq}q(X   valueqMéJƒj ÜqX	   exceptionqNX   stream_nameqX	   my_metricqX
   item_indexqMéX   endedq	âX   stream_resetq
âub.Äctensorwatch.lv_types
StreamItem
q )Åq}q(X   valueqMèJ·m ÜqX	   exceptionqNX   stream_nameqX	   my_metricqX
   item_indexqMèX   endedq	âX   stream_resetq
âub.Äctensorwatch.lv_types
StreamItem
q )Åq}q(X   valueqMêJ q ÜqX	   exceptionqNX   stream_nameqX	   my_metricqX
   item_indexqMêX   endedq	âX   stream_resetq
âub.Äctensorwatch.lv_types
StreamItem
q )Åq}q(X   valueqMëJ!t ÜqX	   exceptionqNX   stream_nameqX	   my_metricqX
   item_indexqMëX   endedq	âX   stream_resetq
âub.Äctensorwatch.lv_types
StreamItem
q )Åq}q(X   valueqMíJDw ÜqX	   exceptionqNX   stream_nameqX	   my_metricqX
   item_indexqMíX   endedq	âX   stream_resetq
âub.Äctensorwatch.lv_types
StreamItem
q )Åq}q(X   valueqMìJiz ÜqX	   exceptionqNX   stream_nameqX	   my_metricqX
   item_indexqMìX   endedq	âX   stream_resetq
âub.Äctensorwatch.lv_types
StreamItem
q )Åq}q(X   valueqMîJê} ÜqX	   exceptionqNX   stream_nameqX	   my_metricqX
   item_indexqMîX   endedq	âX   stream_resetq
âub.Äctensorwatch.lv_types
StreamItem
q )Åq}q(X   valueqMïJπÄ ÜqX	   exceptionqNX   stream_nameqX	   my_metricqX
   item_indexqMïX   endedq	âX   stream_resetq
âub.Äctensorwatch.lv_types
StreamItem
q )Åq}q(X   valueqMñJ‰É ÜqX	   exceptionqNX   stream_nameqX	   my_metricqX
   item_indexqMñX   endedq	âX   stream_resetq
âub.Äctensorwatch.lv_types
StreamItem
q )Åq}q(X   valueqMóJá ÜqX	   exceptionqNX   stream_nameqX	   my_metricqX
   item_indexqMóX   endedq	âX   stream_resetq
âub.Äctensorwatch.lv_types
StreamItem
q )Åq}q(X   valueqMòJ@ä ÜqX	   exceptionqNX   stream_nameqX	   my_metricqX
   item_indexqMòX   endedq	âX   stream_resetq
âub.Äctensorwatch.lv_types
StreamItem
q )Åq}q(X   valueqMôJqç ÜqX	   exceptionqNX   stream_nameqX	   my_metricqX
   item_indexqMôX   endedq	âX   stream_resetq
âub.Äctensorwatch.lv_types
StreamItem
q )Åq}q(X   valueqMöJ§ê ÜqX	   exceptionqNX   stream_nameqX	   my_metricqX
   item_indexqMöX   endedq	âX   stream_resetq
âub.Äctensorwatch.lv_types
StreamItem
q )Åq}q(X   valueqMõJŸì ÜqX	   exceptionqNX   stream_nameqX	   my_metricqX
   item_indexqMõX   endedq	âX   stream_resetq
âub.Äctensorwatch.lv_types
StreamItem
q )Åq}q(X   valueqMúJó ÜqX	   exceptionqNX   stream_nameqX	   my_metricqX
   item_indexqMúX   endedq	âX   stream_resetq
âub.Äctensorwatch.lv_types
StreamItem
q )Åq}q(X   valueqMùJIö ÜqX	   exceptionqNX   stream_nameqX	   my_metricqX
   item_indexqMùX   endedq	âX   stream_resetq
âub.Äctensorwatch.lv_types
StreamItem
q )Åq}q(X   valueqMûJÑù ÜqX	   exceptionqNX   stream_nameqX	   my_metricqX
   item_indexqMûX   endedq	âX   stream_resetq
âub.Äctensorwatch.lv_types
StreamItem
q )Åq}q(X   valueqMüJ¡† ÜqX	   exceptionqNX   stream_nameqX	   my_metricqX
   item_indexqMüX   endedq	âX   stream_resetq
âub.Äctensorwatch.lv_types
StreamItem
q )Åq}q(X   valueqM†J § ÜqX	   exceptionqNX   stream_nameqX	   my_metricqX
   item_indexqM†X   endedq	âX   stream_resetq
âub.Äctensorwatch.lv_types
StreamItem
q )Åq}q(X   valueqM°JAß ÜqX	   exceptionqNX   stream_nameqX	   my_metricqX
   item_indexqM°X   endedq	âX   stream_resetq
âub.Äctensorwatch.lv_types
StreamItem
q )Åq}q(X   valueqM¢JÑ™ ÜqX	   exceptionqNX   stream_nameqX	   my_metricqX
   item_indexqM¢X   endedq	âX   stream_resetq
âub.Äctensorwatch.lv_types
StreamItem
q )Åq}q(X   valueqM£J…≠ ÜqX	   exceptionqNX   stream_nameqX	   my_metricqX
   item_indexqM£X   endedq	âX   stream_resetq
âub.Äctensorwatch.lv_types
StreamItem
q )Åq}q(X   valueqM§J± ÜqX	   exceptionqNX   stream_nameqX	   my_metricqX
   item_indexqM§X   endedq	âX   stream_resetq
âub.Äctensorwatch.lv_types
StreamItem
q )Åq}q(X   valueqM•JY¥ ÜqX	   exceptionqNX   stream_nameqX	   my_metricqX
   item_indexqM•X   endedq	âX   stream_resetq
âub.Äctensorwatch.lv_types
StreamItem
q )Åq}q(X   valueqM¶J§∑ ÜqX	   exceptionqNX   stream_nameqX	   my_metricqX
   item_indexqM¶X   endedq	âX   stream_resetq
âub.Äctensorwatch.lv_types
StreamItem
q )Åq}q(X   valueqMßJÒ∫ ÜqX	   exceptionqNX   stream_nameqX	   my_metricqX
   item_indexqMßX   endedq	âX   stream_resetq
âub.Äctensorwatch.lv_types
StreamItem
q )Åq}q(X   valueqM®J@æ ÜqX	   exceptionqNX   stream_nameqX	   my_metricqX
   item_indexqM®X   endedq	âX   stream_resetq
âub.Äctensorwatch.lv_types
StreamItem
q )Åq}q(X   valueqM©Jë¡ ÜqX	   exceptionqNX   stream_nameqX	   my_metricqX
   item_indexqM©X   endedq	âX   stream_resetq
âub.Äctensorwatch.lv_types
StreamItem
q )Åq}q(X   valueqM™J‰ƒ ÜqX	   exceptionqNX   stream_nameqX	   my_metricqX
   item_indexqM™X   endedq	âX   stream_resetq
âub.Äctensorwatch.lv_types
StreamItem
q )Åq}q(X   valueqM´J9» ÜqX	   exceptionqNX   stream_nameqX	   my_metricqX
   item_indexqM´X   endedq	âX   stream_resetq
âub.Äctensorwatch.lv_types
StreamItem
q )Åq}q(X   valueqM¨JêÀ ÜqX	   exceptionqNX   stream_nameqX	   my_metricqX
   item_indexqM¨X   endedq	âX   stream_resetq
âub.Äctensorwatch.lv_types
StreamItem
q )Åq}q(X   valueqM≠JÈŒ ÜqX	   exceptionqNX   stream_nameqX	   my_metricqX
   item_indexqM≠X   endedq	âX   stream_resetq
âub.Äctensorwatch.lv_types
StreamItem
q )Åq}q(X   valueqMÆJD“ ÜqX	   exceptionqNX   stream_nameqX	   my_metricqX
   item_indexqMÆX   endedq	âX   stream_resetq
âub.Äctensorwatch.lv_types
StreamItem
q )Åq}q(X   valueqMØJ°’ ÜqX	   exceptionqNX   stream_nameqX	   my_metricqX
   item_indexqMØX   endedq	âX   stream_resetq
âub.Äctensorwatch.lv_types
StreamItem
q )Åq}q(X   valueqM∞J Ÿ ÜqX	   exceptionqNX   stream_nameqX	   my_metricqX
   item_indexqM∞X   endedq	âX   stream_resetq
âub.Äctensorwatch.lv_types
StreamItem
q )Åq}q(X   valueqM±Ja‹ ÜqX	   exceptionqNX   stream_nameqX	   my_metricqX
   item_indexqM±X   endedq	âX   stream_resetq
âub.Äctensorwatch.lv_types
StreamItem
q )Åq}q(X   valueqM≤Jƒﬂ ÜqX	   exceptionqNX   stream_nameqX	   my_metricqX
   item_indexqM≤X   endedq	âX   stream_resetq
âub.Äctensorwatch.lv_types
StreamItem
q )Åq}q(X   valueqM≥J)„ ÜqX	   exceptionqNX   stream_nameqX	   my_metricqX
   item_indexqM≥X   endedq	âX   stream_resetq
âub.Äctensorwatch.lv_types
StreamItem
q )Åq}q(X   valueqM¥JêÊ ÜqX	   exceptionqNX   stream_nameqX	   my_metricqX
   item_indexqM¥X   endedq	âX   stream_resetq
âub.Äctensorwatch.lv_types
StreamItem
q )Åq}q(X   valueqMµJ˘È ÜqX	   exceptionqNX   stream_nameqX	   my_metricqX
   item_indexqMµX   endedq	âX   stream_resetq
âub.Äctensorwatch.lv_types
StreamItem
q )Åq}q(X   valueqM∂JdÌ ÜqX	   exceptionqNX   stream_nameqX	   my_metricqX
   item_indexqM∂X   endedq	âX   stream_resetq
âub.Äctensorwatch.lv_types
StreamItem
q )Åq}q(X   valueqM∑J— ÜqX	   exceptionqNX   stream_nameqX	   my_metricqX
   item_indexqM∑X   endedq	âX   stream_resetq
âub.Äctensorwatch.lv_types
StreamItem
q )Åq}q(X   valueqM∏J@Ù ÜqX	   exceptionqNX   stream_nameqX	   my_metricqX
   item_indexqM∏X   endedq	âX   stream_resetq
âub.Äctensorwatch.lv_types
StreamItem
q )Åq}q(X   valueqMπJ±˜ ÜqX	   exceptionqNX   stream_nameqX	   my_metricqX
   item_indexqMπX   endedq	âX   stream_resetq
âub.Äctensorwatch.lv_types
StreamItem
q )Åq}q(X   valueqM∫J$˚ ÜqX	   exceptionqNX   stream_nameqX	   my_metricqX
   item_indexqM∫X   endedq	âX   stream_resetq
âub.Äctensorwatch.lv_types
StreamItem
q )Åq}q(X   valueqMªJô˛ ÜqX	   exceptionqNX   stream_nameqX	   my_metricqX
   item_indexqMªX   endedq	âX   stream_resetq
âub.Äctensorwatch.lv_types
StreamItem
q )Åq}q(X   valueqMºJ ÜqX	   exceptionqNX   stream_nameqX	   my_metricqX
   item_indexqMºX   endedq	âX   stream_resetq
âub.Äctensorwatch.lv_types
StreamItem
q )Åq}q(X   valueqMΩJâ ÜqX	   exceptionqNX   stream_nameqX	   my_metricqX
   item_indexqMΩX   endedq	âX   stream_resetq
âub.Äctensorwatch.lv_types
StreamItem
q )Åq}q(X   valueqMæJ	 ÜqX	   exceptionqNX   stream_nameqX	   my_metricqX
   item_indexqMæX   endedq	âX   stream_resetq
âub.Äctensorwatch.lv_types
StreamItem
q )Åq}q(X   valueqMøJÅ ÜqX	   exceptionqNX   stream_nameqX	   my_metricqX
   item_indexqMøX   endedq	âX   stream_resetq
âub.Äctensorwatch.lv_types
StreamItem
q )Åq}q(X   valueqM¿J  ÜqX	   exceptionqNX   stream_nameqX	   my_metricqX
   item_indexqM¿X   endedq	âX   stream_resetq
âub.Äctensorwatch.lv_types
StreamItem
q )Åq}q(X   valueqM¡JÅ ÜqX	   exceptionqNX   stream_nameqX	   my_metricqX
   item_indexqM¡X   endedq	âX   stream_resetq
âub.Äctensorwatch.lv_types
StreamItem
q )Åq}q(X   valueqM¬J ÜqX	   exceptionqNX   stream_nameqX	   my_metricqX
   item_indexqM¬X   endedq	âX   stream_resetq
âub.Äctensorwatch.lv_types
StreamItem
q )Åq}q(X   valueqM√Jâ ÜqX	   exceptionqNX   stream_nameqX	   my_metricqX
   item_indexqM√X   endedq	âX   stream_resetq
âub.Äctensorwatch.lv_types
StreamItem
q )Åq}q(X   valueqMƒJ ÜqX	   exceptionqNX   stream_nameqX	   my_metricqX
   item_indexqMƒX   endedq	âX   stream_resetq
âub.Äctensorwatch.lv_types
StreamItem
q )Åq}q(X   valueqM≈Jô! ÜqX	   exceptionqNX   stream_nameqX	   my_metricqX
   item_indexqM≈X   endedq	âX   stream_resetq
âub.Äctensorwatch.lv_types
StreamItem
q )Åq}q(X   valueqM∆J$% ÜqX	   exceptionqNX   stream_nameqX	   my_metricqX
   item_indexqM∆X   endedq	âX   stream_resetq
âub.Äctensorwatch.lv_types
StreamItem
q )Åq}q(X   valueqM«J±( ÜqX	   exceptionqNX   stream_nameqX	   my_metricqX
   item_indexqM«X   endedq	âX   stream_resetq
âub.Äctensorwatch.lv_types
StreamItem
q )Åq}q(X   valueqM»J@, ÜqX	   exceptionqNX   stream_nameqX	   my_metricqX
   item_indexqM»X   endedq	âX   stream_resetq
âub.Äctensorwatch.lv_types
StreamItem
q )Åq}q(X   valueqM…J—/ ÜqX	   exceptionqNX   stream_nameqX	   my_metricqX
   item_indexqM…X   endedq	âX   stream_resetq
âub.Äctensorwatch.lv_types
StreamItem
q )Åq}q(X   valueqM Jd3 ÜqX	   exceptionqNX   stream_nameqX	   my_metricqX
   item_indexqM X   endedq	âX   stream_resetq
âub.Äctensorwatch.lv_types
StreamItem
q )Åq}q(X   valueqMÀJ˘6 ÜqX	   exceptionqNX   stream_nameqX	   my_metricqX
   item_indexqMÀX   endedq	âX   stream_resetq
âub.Äctensorwatch.lv_types
StreamItem
q )Åq}q(X   valueqMÃJê: ÜqX	   exceptionqNX   stream_nameqX	   my_metricqX
   item_indexqMÃX   endedq	âX   stream_resetq
âub.Äctensorwatch.lv_types
StreamItem
q )Åq}q(X   valueqMÕJ)> ÜqX	   exceptionqNX   stream_nameqX	   my_metricqX
   item_indexqMÕX   endedq	âX   stream_resetq
âub.Äctensorwatch.lv_types
StreamItem
q )Åq}q(X   valueqMŒJƒA ÜqX	   exceptionqNX   stream_nameqX	   my_metricqX
   item_indexqMŒX   endedq	âX   stream_resetq
âub.Äctensorwatch.lv_types
StreamItem
q )Åq}q(X   valueqMœJaE ÜqX	   exceptionqNX   stream_nameqX	   my_metricqX
   item_indexqMœX   endedq	âX   stream_resetq
âub.Äctensorwatch.lv_types
StreamItem
q )Åq}q(X   valueqM–J I ÜqX	   exceptionqNX   stream_nameqX	   my_metricqX
   item_indexqM–X   endedq	âX   stream_resetq
âub.Äctensorwatch.lv_types
StreamItem
q )Åq}q(X   valueqM—J°L ÜqX	   exceptionqNX   stream_nameqX	   my_metricqX
   item_indexqM—X   endedq	âX   stream_resetq
âub.Äctensorwatch.lv_types
StreamItem
q )Åq}q(X   valueqM“JDP ÜqX	   exceptionqNX   stream_nameqX	   my_metricqX
   item_indexqM“X   endedq	âX   stream_resetq
âub.Äctensorwatch.lv_types
StreamItem
q )Åq}q(X   valueqM”JÈS ÜqX	   exceptionqNX   stream_nameqX	   my_metricqX
   item_indexqM”X   endedq	âX   stream_resetq
âub.Äctensorwatch.lv_types
StreamItem
q )Åq}q(X   valueqM‘JêW ÜqX	   exceptionqNX   stream_nameqX	   my_metricqX
   item_indexqM‘X   endedq	âX   stream_resetq
âub.Äctensorwatch.lv_types
StreamItem
q )Åq}q(X   valueqM’J9[ ÜqX	   exceptionqNX   stream_nameqX	   my_metricqX
   item_indexqM’X   endedq	âX   stream_resetq
âub.Äctensorwatch.lv_types
StreamItem
q )Åq}q(X   valueqM÷J‰^ ÜqX	   exceptionqNX   stream_nameqX	   my_metricqX
   item_indexqM÷X   endedq	âX   stream_resetq
âub.Äctensorwatch.lv_types
StreamItem
q )Åq}q(X   valueqM◊Jëb ÜqX	   exceptionqNX   stream_nameqX	   my_metricqX
   item_indexqM◊X   endedq	âX   stream_resetq
âub.Äctensorwatch.lv_types
StreamItem
q )Åq}q(X   valueqMÿJ@f ÜqX	   exceptionqNX   stream_nameqX	   my_metricqX
   item_indexqMÿX   endedq	âX   stream_resetq
âub.Äctensorwatch.lv_types
StreamItem
q )Åq}q(X   valueqMŸJÒi ÜqX	   exceptionqNX   stream_nameqX	   my_metricqX
   item_indexqMŸX   endedq	âX   stream_resetq
âub.Äctensorwatch.lv_types
StreamItem
q )Åq}q(X   valueqM⁄J§m ÜqX	   exceptionqNX   stream_nameqX	   my_metricqX
   item_indexqM⁄X   endedq	âX   stream_resetq
âub.Äctensorwatch.lv_types
StreamItem
q )Åq}q(X   valueqM€JYq ÜqX	   exceptionqNX   stream_nameqX	   my_metricqX
   item_indexqM€X   endedq	âX   stream_resetq
âub.Äctensorwatch.lv_types
StreamItem
q )Åq}q(X   valueqM‹Ju ÜqX	   exceptionqNX   stream_nameqX	   my_metricqX
   item_indexqM‹X   endedq	âX   stream_resetq
âub.Äctensorwatch.lv_types
StreamItem
q )Åq}q(X   valueqM›J…x ÜqX	   exceptionqNX   stream_nameqX	   my_metricqX
   item_indexqM›X   endedq	âX   stream_resetq
âub.Äctensorwatch.lv_types
StreamItem
q )Åq}q(X   valueqMﬁJÑ| ÜqX	   exceptionqNX   stream_nameqX	   my_metricqX
   item_indexqMﬁX   endedq	âX   stream_resetq
âub.Äctensorwatch.lv_types
StreamItem
q )Åq}q(X   valueqMﬂJAÄ ÜqX	   exceptionqNX   stream_nameqX	   my_metricqX
   item_indexqMﬂX   endedq	âX   stream_resetq
âub.Äctensorwatch.lv_types
StreamItem
q )Åq}q(X   valueqM‡J Ñ ÜqX	   exceptionqNX   stream_nameqX	   my_metricqX
   item_indexqM‡X   endedq	âX   stream_resetq
âub.Äctensorwatch.lv_types
StreamItem
q )Åq}q(X   valueqM·J¡á ÜqX	   exceptionqNX   stream_nameqX	   my_metricqX
   item_indexqM·X   endedq	âX   stream_resetq
âub.Äctensorwatch.lv_types
StreamItem
q )Åq}q(X   valueqM‚JÑã ÜqX	   exceptionqNX   stream_nameqX	   my_metricqX
   item_indexqM‚X   endedq	âX   stream_resetq
âub.Äctensorwatch.lv_types
StreamItem
q )Åq}q(X   valueqM„JIè ÜqX	   exceptionqNX   stream_nameqX	   my_metricqX
   item_indexqM„X   endedq	âX   stream_resetq
âub.Äctensorwatch.lv_types
StreamItem
q )Åq}q(X   valueqM‰Jì ÜqX	   exceptionqNX   stream_nameqX	   my_metricqX
   item_indexqM‰X   endedq	âX   stream_resetq
âub.Äctensorwatch.lv_types
StreamItem
q )Åq}q(X   valueqMÂJŸñ ÜqX	   exceptionqNX   stream_nameqX	   my_metricqX
   item_indexqMÂX   endedq	âX   stream_resetq
âub.Äctensorwatch.lv_types
StreamItem
q )Åq}q(X   valueqMÊJ§ö ÜqX	   exceptionqNX   stream_nameqX	   my_metricqX
   item_indexqMÊX   endedq	âX   stream_resetq
âub.Äctensorwatch.lv_types
StreamItem
q )Åq}q(X   valueqMÁJqû ÜqX	   exceptionqNX   stream_nameqX	   my_metricqX
   item_indexqMÁX   endedq	âX   stream_resetq
âub.Äctensorwatch.lv_types
StreamItem
q )Åq}q(X   valueqMËJ@¢ ÜqX	   exceptionqNX   stream_nameqX	   my_metricqX
   item_indexqMËX   endedq	âX   stream_resetq
âub.Äctensorwatch.lv_types
StreamItem
q )Åq}q(X   valueqMÈJ¶ ÜqX	   exceptionqNX   stream_nameqX	   my_metricqX
   item_indexqMÈX   endedq	âX   stream_resetq
âub.Äctensorwatch.lv_types
StreamItem
q )Åq}q(X   valueqMÍJ‰© ÜqX	   exceptionqNX   stream_nameqX	   my_metricqX
   item_indexqMÍX   endedq	âX   stream_resetq
âub.Äctensorwatch.lv_types
StreamItem
q )Åq}q(X   valueqMÎJπ≠ ÜqX	   exceptionqNX   stream_nameqX	   my_metricqX
   item_indexqMÎX   endedq	âX   stream_resetq
âub.Äctensorwatch.lv_types
StreamItem
q )Åq}q(X   valueqMÏJê± ÜqX	   exceptionqNX   stream_nameqX	   my_metricqX
   item_indexqMÏX   endedq	âX   stream_resetq
âub.Äctensorwatch.lv_types
StreamItem
q )Åq}q(X   valueqMÌJiµ ÜqX	   exceptionqNX   stream_nameqX	   my_metricqX
   item_indexqMÌX   endedq	âX   stream_resetq
âub.Äctensorwatch.lv_types
StreamItem
q )Åq}q(X   valueqMÓJDπ ÜqX	   exceptionqNX   stream_nameqX	   my_metricqX
   item_indexqMÓX   endedq	âX   stream_resetq
âub.Äctensorwatch.lv_types
StreamItem
q )Åq}q(X   valueqMÔJ!Ω ÜqX	   exceptionqNX   stream_nameqX	   my_metricqX
   item_indexqMÔX   endedq	âX   stream_resetq
âub.Äctensorwatch.lv_types
StreamItem
q )Åq}q(X   valueqMJ ¡ ÜqX	   exceptionqNX   stream_nameqX	   my_metricqX
   item_indexqMX   endedq	âX   stream_resetq
âub.Äctensorwatch.lv_types
StreamItem
q )Åq}q(X   valueqMÒJ·ƒ ÜqX	   exceptionqNX   stream_nameqX	   my_metricqX
   item_indexqMÒX   endedq	âX   stream_resetq
âub.Äctensorwatch.lv_types
StreamItem
q )Åq}q(X   valueqMÚJƒ» ÜqX	   exceptionqNX   stream_nameqX	   my_metricqX
   item_indexqMÚX   endedq	âX   stream_resetq
âub.Äctensorwatch.lv_types
StreamItem
q )Åq}q(X   valueqMÛJ©Ã ÜqX	   exceptionqNX   stream_nameqX	   my_metricqX
   item_indexqMÛX   endedq	âX   stream_resetq
âub.Äctensorwatch.lv_types
StreamItem
q )Åq}q(X   valueqMÙJê– ÜqX	   exceptionqNX   stream_nameqX	   my_metricqX
   item_indexqMÙX   endedq	âX   stream_resetq
âub.Äctensorwatch.lv_types
StreamItem
q )Åq}q(X   valueqMıJy‘ ÜqX	   exceptionqNX   stream_nameqX	   my_metricqX
   item_indexqMıX   endedq	âX   stream_resetq
âub.Äctensorwatch.lv_types
StreamItem
q )Åq}q(X   valueqMˆJdÿ ÜqX	   exceptionqNX   stream_nameqX	   my_metricqX
   item_indexqMˆX   endedq	âX   stream_resetq
âub.Äctensorwatch.lv_types
StreamItem
q )Åq}q(X   valueqM˜JQ‹ ÜqX	   exceptionqNX   stream_nameqX	   my_metricqX
   item_indexqM˜X   endedq	âX   stream_resetq
âub.Äctensorwatch.lv_types
StreamItem
q )Åq}q(X   valueqM¯J@‡ ÜqX	   exceptionqNX   stream_nameqX	   my_metricqX
   item_indexqM¯X   endedq	âX   stream_resetq
âub.Äctensorwatch.lv_types
StreamItem
q )Åq}q(X   valueqM˘J1‰ ÜqX	   exceptionqNX   stream_nameqX	   my_metricqX
   item_indexqM˘X   endedq	âX   stream_resetq
âub.Äctensorwatch.lv_types
StreamItem
q )Åq}q(X   valueqM˙J$Ë ÜqX	   exceptionqNX   stream_nameqX	   my_metricqX
   item_indexqM˙X   endedq	âX   stream_resetq
âub.Äctensorwatch.lv_types
StreamItem
q )Åq}q(X   valueqM˚JÏ ÜqX	   exceptionqNX   stream_nameqX	   my_metricqX
   item_indexqM˚X   endedq	âX   stream_resetq
âub.Äctensorwatch.lv_types
StreamItem
q )Åq}q(X   valueqM¸J ÜqX	   exceptionqNX   stream_nameqX	   my_metricqX
   item_indexqM¸X   endedq	âX   stream_resetq
âub.Äctensorwatch.lv_types
StreamItem
q )Åq}q(X   valueqM˝J	Ù ÜqX	   exceptionqNX   stream_nameqX	   my_metricqX
   item_indexqM˝X   endedq	âX   stream_resetq
âub.Äctensorwatch.lv_types
StreamItem
q )Åq}q(X   valueqM˛J¯ ÜqX	   exceptionqNX   stream_nameqX	   my_metricqX
   item_indexqM˛X   endedq	âX   stream_resetq
âub.Äctensorwatch.lv_types
StreamItem
q )Åq}q(X   valueqMˇJ¸ ÜqX	   exceptionqNX   stream_nameqX	   my_metricqX
   item_indexqMˇX   endedq	âX   stream_resetq
âub.Äctensorwatch.lv_types
StreamItem
q )Åq}q(X   valueqM J   ÜqX	   exceptionqNX   stream_nameqX	   my_metricqX
   item_indexqM X   endedq	âX   stream_resetq
âub.Äctensorwatch.lv_types
StreamItem
q )Åq}q(X   valueqMJ ÜqX	   exceptionqNX   stream_nameqX	   my_metricqX
   item_indexqMX   endedq	âX   stream_resetq
âub.Äctensorwatch.lv_types
StreamItem
q )Åq}q(X   valueqMJ ÜqX	   exceptionqNX   stream_nameqX	   my_metricqX
   item_indexqMX   endedq	âX   stream_resetq
âub.Äctensorwatch.lv_types
StreamItem
q )Åq}q(X   valueqMJ	 ÜqX	   exceptionqNX   stream_nameqX	   my_metricqX
   item_indexqMX   endedq	âX   stream_resetq
âub.Äctensorwatch.lv_types
StreamItem
q )Åq}q(X   valueqMJ ÜqX	   exceptionqNX   stream_nameqX	   my_metricqX
   item_indexqMX   endedq	âX   stream_resetq
âub.Äctensorwatch.lv_types
StreamItem
q )Åq}q(X   valueqMJ ÜqX	   exceptionqNX   stream_nameqX	   my_metricqX
   item_indexqMX   endedq	âX   stream_resetq
âub.Äctensorwatch.lv_types
StreamItem
q )Åq}q(X   valueqMJ$ ÜqX	   exceptionqNX   stream_nameqX	   my_metricqX
   item_indexqMX   endedq	âX   stream_resetq
âub.Äctensorwatch.lv_types
StreamItem
q )Åq}q(X   valueqMJ1 ÜqX	   exceptionqNX   stream_nameqX	   my_metricqX
   item_indexqMX   endedq	âX   stream_resetq
âub.Äctensorwatch.lv_types
StreamItem
q )Åq}q(X   valueqMJ@  ÜqX	   exceptionqNX   stream_nameqX	   my_metricqX
   item_indexqMX   endedq	âX   stream_resetq
âub.Äctensorwatch.lv_types
StreamItem
q )Åq}q(X   valueqM	JQ$ ÜqX	   exceptionqNX   stream_nameqX	   my_metricqX
   item_indexqM	X   endedq	âX   stream_resetq
âub.Äctensorwatch.lv_types
StreamItem
q )Åq}q(X   valueqM
Jd( ÜqX	   exceptionqNX   stream_nameqX	   my_metricqX
   item_indexqM
X   endedq	âX   stream_resetq
âub.Äctensorwatch.lv_types
StreamItem
q )Åq}q(X   valueqMJy, ÜqX	   exceptionqNX   stream_nameqX	   my_metricqX
   item_indexqMX   endedq	âX   stream_resetq
âub.Äctensorwatch.lv_types
StreamItem
q )Åq}q(X   valueqMJê0 ÜqX	   exceptionqNX   stream_nameqX	   my_metricqX
   item_indexqMX   endedq	âX   stream_resetq
âub.Äctensorwatch.lv_types
StreamItem
q )Åq}q(X   valueqMJ©4 ÜqX	   exceptionqNX   stream_nameqX	   my_metricqX
   item_indexqMX   endedq	âX   stream_resetq
âub.Äctensorwatch.lv_types
StreamItem
q )Åq}q(X   valueqMJƒ8 ÜqX	   exceptionqNX   stream_nameqX	   my_metricqX
   item_indexqMX   endedq	âX   stream_resetq
âub.Äctensorwatch.lv_types
StreamItem
q )Åq}q(X   valueqMJ·< ÜqX	   exceptionqNX   stream_nameqX	   my_metricqX
   item_indexqMX   endedq	âX   stream_resetq
âub.Äctensorwatch.lv_types
StreamItem
q )Åq}q(X   valueqMJ A ÜqX	   exceptionqNX   stream_nameqX	   my_metricqX
   item_indexqMX   endedq	âX   stream_resetq
âub.Äctensorwatch.lv_types
StreamItem
q )Åq}q(X   valueqMJ!E ÜqX	   exceptionqNX   stream_nameqX	   my_metricqX
   item_indexqMX   endedq	âX   stream_resetq
âub.Äctensorwatch.lv_types
StreamItem
q )Åq}q(X   valueqMJDI ÜqX	   exceptionqNX   stream_nameqX	   my_metricqX
   item_indexqMX   endedq	âX   stream_resetq
âub.Äctensorwatch.lv_types
StreamItem
q )Åq}q(X   valueqMJiM ÜqX	   exceptionqNX   stream_nameqX	   my_metricqX
   item_indexqMX   endedq	âX   stream_resetq
âub.Äctensorwatch.lv_types
StreamItem
q )Åq}q(X   valueqMJêQ ÜqX	   exceptionqNX   stream_nameqX	   my_metricqX
   item_indexqMX   endedq	âX   stream_resetq
âub.Äctensorwatch.lv_types
StreamItem
q )Åq}q(X   valueqMJπU ÜqX	   exceptionqNX   stream_nameqX	   my_metricqX
   item_indexqMX   endedq	âX   stream_resetq
âub.Äctensorwatch.lv_types
StreamItem
q )Åq}q(X   valueqMJ‰Y ÜqX	   exceptionqNX   stream_nameqX	   my_metricqX
   item_indexqMX   endedq	âX   stream_resetq
âub.Äctensorwatch.lv_types
StreamItem
q )Åq}q(X   valueqMJ^ ÜqX	   exceptionqNX   stream_nameqX	   my_metricqX
   item_indexqMX   endedq	âX   stream_resetq
âub.Äctensorwatch.lv_types
StreamItem
q )Åq}q(X   valueqMJ@b ÜqX	   exceptionqNX   stream_nameqX	   my_metricqX
   item_indexqMX   endedq	âX   stream_resetq
âub.Äctensorwatch.lv_types
StreamItem
q )Åq}q(X   valueqMJqf ÜqX	   exceptionqNX   stream_nameqX	   my_metricqX
   item_indexqMX   endedq	âX   stream_resetq
âub.Äctensorwatch.lv_types
StreamItem
q )Åq}q(X   valueqMJ§j ÜqX	   exceptionqNX   stream_nameqX	   my_metricqX
   item_indexqMX   endedq	âX   stream_resetq
âub.Äctensorwatch.lv_types
StreamItem
q )Åq}q(X   valueqMJŸn ÜqX	   exceptionqNX   stream_nameqX	   my_metricqX
   item_indexqMX   endedq	âX   stream_resetq
âub.Äctensorwatch.lv_types
StreamItem
q )Åq}q(X   valueqMJs ÜqX	   exceptionqNX   stream_nameqX	   my_metricqX
   item_indexqMX   endedq	âX   stream_resetq
âub.Äctensorwatch.lv_types
StreamItem
q )Åq}q(X   valueqMJIw ÜqX	   exceptionqNX   stream_nameqX	   my_metricqX
   item_indexqMX   endedq	âX   stream_resetq
âub.Äctensorwatch.lv_types
StreamItem
q )Åq}q(X   valueqMJÑ{ ÜqX	   exceptionqNX   stream_nameqX	   my_metricqX
   item_indexqMX   endedq	âX   stream_resetq
âub.Äctensorwatch.lv_types
StreamItem
q )Åq}q(X   valueqMJ¡ ÜqX	   exceptionqNX   stream_nameqX	   my_metricqX
   item_indexqMX   endedq	âX   stream_resetq
âub.Äctensorwatch.lv_types
StreamItem
q )Åq}q(X   valueqM J Ñ ÜqX	   exceptionqNX   stream_nameqX	   my_metricqX
   item_indexqM X   endedq	âX   stream_resetq
âub.Äctensorwatch.lv_types
StreamItem
q )Åq}q(X   valueqM!JAà ÜqX	   exceptionqNX   stream_nameqX	   my_metricqX
   item_indexqM!X   endedq	âX   stream_resetq
âub.Äctensorwatch.lv_types
StreamItem
q )Åq}q(X   valueqM"JÑå ÜqX	   exceptionqNX   stream_nameqX	   my_metricqX
   item_indexqM"X   endedq	âX   stream_resetq
âub.Äctensorwatch.lv_types
StreamItem
q )Åq}q(X   valueqM#J…ê ÜqX	   exceptionqNX   stream_nameqX	   my_metricqX
   item_indexqM#X   endedq	âX   stream_resetq
âub.Äctensorwatch.lv_types
StreamItem
q )Åq}q(X   valueqM$Jï ÜqX	   exceptionqNX   stream_nameqX	   my_metricqX
   item_indexqM$X   endedq	âX   stream_resetq
âub.Äctensorwatch.lv_types
StreamItem
q )Åq}q(X   valueqM%JYô ÜqX	   exceptionqNX   stream_nameqX	   my_metricqX
   item_indexqM%X   endedq	âX   stream_resetq
âub.Äctensorwatch.lv_types
StreamItem
q )Åq}q(X   valueqM&J§ù ÜqX	   exceptionqNX   stream_nameqX	   my_metricqX
   item_indexqM&X   endedq	âX   stream_resetq
âub.Äctensorwatch.lv_types
StreamItem
q )Åq}q(X   valueqM'JÒ° ÜqX	   exceptionqNX   stream_nameqX	   my_metricqX
   item_indexqM'X   endedq	âX   stream_resetq
âub.Äctensorwatch.lv_types
StreamItem
q )Åq}q(X   valueqM(J@¶ ÜqX	   exceptionqNX   stream_nameqX	   my_metricqX
   item_indexqM(X   endedq	âX   stream_resetq
âub.Äctensorwatch.lv_types
StreamItem
q )Åq}q(X   valueqM)Jë™ ÜqX	   exceptionqNX   stream_nameqX	   my_metricqX
   item_indexqM)X   endedq	âX   stream_resetq
âub.Äctensorwatch.lv_types
StreamItem
q )Åq}q(X   valueqM*J‰Æ ÜqX	   exceptionqNX   stream_nameqX	   my_metricqX
   item_indexqM*X   endedq	âX   stream_resetq
âub.Äctensorwatch.lv_types
StreamItem
q )Åq}q(X   valueqM+J9≥ ÜqX	   exceptionqNX   stream_nameqX	   my_metricqX
   item_indexqM+X   endedq	âX   stream_resetq
âub.Äctensorwatch.lv_types
StreamItem
q )Åq}q(X   valueqM,Jê∑ ÜqX	   exceptionqNX   stream_nameqX	   my_metricqX
   item_indexqM,X   endedq	âX   stream_resetq
âub.Äctensorwatch.lv_types
StreamItem
q )Åq}q(X   valueqM-JÈª ÜqX	   exceptionqNX   stream_nameqX	   my_metricqX
   item_indexqM-X   endedq	âX   stream_resetq
âub.Äctensorwatch.lv_types
StreamItem
q )Åq}q(X   valueqM.JD¿ ÜqX	   exceptionqNX   stream_nameqX	   my_metricqX
   item_indexqM.X   endedq	âX   stream_resetq
âub.Äctensorwatch.lv_types
StreamItem
q )Åq}q(X   valueqM/J°ƒ ÜqX	   exceptionqNX   stream_nameqX	   my_metricqX
   item_indexqM/X   endedq	âX   stream_resetq
âub.Äctensorwatch.lv_types
StreamItem
q )Åq}q(X   valueqM0J … ÜqX	   exceptionqNX   stream_nameqX	   my_metricqX
   item_indexqM0X   endedq	âX   stream_resetq
âub.Äctensorwatch.lv_types
StreamItem
q )Åq}q(X   valueqM1JaÕ ÜqX	   exceptionqNX   stream_nameqX	   my_metricqX
   item_indexqM1X   endedq	âX   stream_resetq
âub.Äctensorwatch.lv_types
StreamItem
q )Åq}q(X   valueqM2Jƒ— ÜqX	   exceptionqNX   stream_nameqX	   my_metricqX
   item_indexqM2X   endedq	âX   stream_resetq
âub.Äctensorwatch.lv_types
StreamItem
q )Åq}q(X   valueqM3J)÷ ÜqX	   exceptionqNX   stream_nameqX	   my_metricqX
   item_indexqM3X   endedq	âX   stream_resetq
âub.Äctensorwatch.lv_types
StreamItem
q )Åq}q(X   valueqM4Jê⁄ ÜqX	   exceptionqNX   stream_nameqX	   my_metricqX
   item_indexqM4X   endedq	âX   stream_resetq
âub.Äctensorwatch.lv_types
StreamItem
q )Åq}q(X   valueqM5J˘ﬁ ÜqX	   exceptionqNX   stream_nameqX	   my_metricqX
   item_indexqM5X   endedq	âX   stream_resetq
âub.Äctensorwatch.lv_types
StreamItem
q )Åq}q(X   valueqM6Jd„ ÜqX	   exceptionqNX   stream_nameqX	   my_metricqX
   item_indexqM6X   endedq	âX   stream_resetq
âub.Äctensorwatch.lv_types
StreamItem
q )Åq}q(X   valueqM7J—Á ÜqX	   exceptionqNX   stream_nameqX	   my_metricqX
   item_indexqM7X   endedq	âX   stream_resetq
âub.Äctensorwatch.lv_types
StreamItem
q )Åq}q(X   valueqM8J@Ï ÜqX	   exceptionqNX   stream_nameqX	   my_metricqX
   item_indexqM8X   endedq	âX   stream_resetq
âub.Äctensorwatch.lv_types
StreamItem
q )Åq}q(X   valueqM9J± ÜqX	   exceptionqNX   stream_nameqX	   my_metricqX
   item_indexqM9X   endedq	âX   stream_resetq
âub.Äctensorwatch.lv_types
StreamItem
q )Åq}q(X   valueqM:J$ı ÜqX	   exceptionqNX   stream_nameqX	   my_metricqX
   item_indexqM:X   endedq	âX   stream_resetq
âub.Äctensorwatch.lv_types
StreamItem
q )Åq}q(X   valueqM;Jô˘ ÜqX	   exceptionqNX   stream_nameqX	   my_metricqX
   item_indexqM;X   endedq	âX   stream_resetq
âub.Äctensorwatch.lv_types
StreamItem
q )Åq}q(X   valueqM<J˛ ÜqX	   exceptionqNX   stream_nameqX	   my_metricqX
   item_indexqM<X   endedq	âX   stream_resetq
âub.Äctensorwatch.lv_types
StreamItem
q )Åq}q(X   valueqM=Jâ ÜqX	   exceptionqNX   stream_nameqX	   my_metricqX
   item_indexqM=X   endedq	âX   stream_resetq
âub.Äctensorwatch.lv_types
StreamItem
q )Åq}q(X   valueqM>J ÜqX	   exceptionqNX   stream_nameqX	   my_metricqX
   item_indexqM>X   endedq	âX   stream_resetq
âub.Äctensorwatch.lv_types
StreamItem
q )Åq}q(X   valueqM?JÅ ÜqX	   exceptionqNX   stream_nameqX	   my_metricqX
   item_indexqM?X   endedq	âX   stream_resetq
âub.Äctensorwatch.lv_types
StreamItem
q )Åq}q(X   valueqM@J  ÜqX	   exceptionqNX   stream_nameqX	   my_metricqX
   item_indexqM@X   endedq	âX   stream_resetq
âub.Äctensorwatch.lv_types
StreamItem
q )Åq}q(X   valueqMAJÅ ÜqX	   exceptionqNX   stream_nameqX	   my_metricqX
   item_indexqMAX   endedq	âX   stream_resetq
âub.Äctensorwatch.lv_types
StreamItem
q )Åq}q(X   valueqMBJ ÜqX	   exceptionqNX   stream_nameqX	   my_metricqX
   item_indexqMBX   endedq	âX   stream_resetq
âub.Äctensorwatch.lv_types
StreamItem
q )Åq}q(X   valueqMCJâ ÜqX	   exceptionqNX   stream_nameqX	   my_metricqX
   item_indexqMCX   endedq	âX   stream_resetq
âub.Äctensorwatch.lv_types
StreamItem
q )Åq}q(X   valueqMDJ" ÜqX	   exceptionqNX   stream_nameqX	   my_metricqX
   item_indexqMDX   endedq	âX   stream_resetq
âub.Äctensorwatch.lv_types
StreamItem
q )Åq}q(X   valueqMEJô& ÜqX	   exceptionqNX   stream_nameqX	   my_metricqX
   item_indexqMEX   endedq	âX   stream_resetq
âub.Äctensorwatch.lv_types
StreamItem
q )Åq}q(X   valueqMFJ$+ ÜqX	   exceptionqNX   stream_nameqX	   my_metricqX
   item_indexqMFX   endedq	âX   stream_resetq
âub.Äctensorwatch.lv_types
StreamItem
q )Åq}q(X   valueqMGJ±/ ÜqX	   exceptionqNX   stream_nameqX	   my_metricqX
   item_indexqMGX   endedq	âX   stream_resetq
âub.Äctensorwatch.lv_types
StreamItem
q )Åq}q(X   valueqMHJ@4 ÜqX	   exceptionqNX   stream_nameqX	   my_metricqX
   item_indexqMHX   endedq	âX   stream_resetq
âub.Äctensorwatch.lv_types
StreamItem
q )Åq}q(X   valueqMIJ—8 ÜqX	   exceptionqNX   stream_nameqX	   my_metricqX
   item_indexqMIX   endedq	âX   stream_resetq
âub.Äctensorwatch.lv_types
StreamItem
q )Åq}q(X   valueqMJJd= ÜqX	   exceptionqNX   stream_nameqX	   my_metricqX
   item_indexqMJX   endedq	âX   stream_resetq
âub.Äctensorwatch.lv_types
StreamItem
q )Åq}q(X   valueqMKJ˘A ÜqX	   exceptionqNX   stream_nameqX	   my_metricqX
   item_indexqMKX   endedq	âX   stream_resetq
âub.Äctensorwatch.lv_types
StreamItem
q )Åq}q(X   valueqMLJêF ÜqX	   exceptionqNX   stream_nameqX	   my_metricqX
   item_indexqMLX   endedq	âX   stream_resetq
âub.Äctensorwatch.lv_types
StreamItem
q )Åq}q(X   valueqMMJ)K ÜqX	   exceptionqNX   stream_nameqX	   my_metricqX
   item_indexqMMX   endedq	âX   stream_resetq
âub.Äctensorwatch.lv_types
StreamItem
q )Åq}q(X   valueqMNJƒO ÜqX	   exceptionqNX   stream_nameqX	   my_metricqX
   item_indexqMNX   endedq	âX   stream_resetq
âub.Äctensorwatch.lv_types
StreamItem
q )Åq}q(X   valueqMOJaT ÜqX	   exceptionqNX   stream_nameqX	   my_metricqX
   item_indexqMOX   endedq	âX   stream_resetq
âub.Äctensorwatch.lv_types
StreamItem
q )Åq}q(X   valueqMPJ Y ÜqX	   exceptionqNX   stream_nameqX	   my_metricqX
   item_indexqMPX   endedq	âX   stream_resetq
âub.Äctensorwatch.lv_types
StreamItem
q )Åq}q(X   valueqMQJ°] ÜqX	   exceptionqNX   stream_nameqX	   my_metricqX
   item_indexqMQX   endedq	âX   stream_resetq
âub.Äctensorwatch.lv_types
StreamItem
q )Åq}q(X   valueqMRJDb ÜqX	   exceptionqNX   stream_nameqX	   my_metricqX
   item_indexqMRX   endedq	âX   stream_resetq
âub.Äctensorwatch.lv_types
StreamItem
q )Åq}q(X   valueqMSJÈf ÜqX	   exceptionqNX   stream_nameqX	   my_metricqX
   item_indexqMSX   endedq	âX   stream_resetq
âub.Äctensorwatch.lv_types
StreamItem
q )Åq}q(X   valueqMTJêk ÜqX	   exceptionqNX   stream_nameqX	   my_metricqX
   item_indexqMTX   endedq	âX   stream_resetq
âub.Äctensorwatch.lv_types
StreamItem
q )Åq}q(X   valueqMUJ9p ÜqX	   exceptionqNX   stream_nameqX	   my_metricqX
   item_indexqMUX   endedq	âX   stream_resetq
âub.Äctensorwatch.lv_types
StreamItem
q )Åq}q(X   valueqMVJ‰t ÜqX	   exceptionqNX   stream_nameqX	   my_metricqX
   item_indexqMVX   endedq	âX   stream_resetq
âub.Äctensorwatch.lv_types
StreamItem
q )Åq}q(X   valueqMWJëy ÜqX	   exceptionqNX   stream_nameqX	   my_metricqX
   item_indexqMWX   endedq	âX   stream_resetq
âub.Äctensorwatch.lv_types
StreamItem
q )Åq}q(X   valueqMXJ@~ ÜqX	   exceptionqNX   stream_nameqX	   my_metricqX
   item_indexqMXX   endedq	âX   stream_resetq
âub.Äctensorwatch.lv_types
StreamItem
q )Åq}q(X   valueqMYJÒÇ ÜqX	   exceptionqNX   stream_nameqX	   my_metricqX
   item_indexqMYX   endedq	âX   stream_resetq
âub.Äctensorwatch.lv_types
StreamItem
q )Åq}q(X   valueqMZJ§á ÜqX	   exceptionqNX   stream_nameqX	   my_metricqX
   item_indexqMZX   endedq	âX   stream_resetq
âub.Äctensorwatch.lv_types
StreamItem
q )Åq}q(X   valueqM[JYå ÜqX	   exceptionqNX   stream_nameqX	   my_metricqX
   item_indexqM[X   endedq	âX   stream_resetq
âub.Äctensorwatch.lv_types
StreamItem
q )Åq}q(X   valueqM\Jë ÜqX	   exceptionqNX   stream_nameqX	   my_metricqX
   item_indexqM\X   endedq	âX   stream_resetq
âub.Äctensorwatch.lv_types
StreamItem
q )Åq}q(X   valueqM]J…ï ÜqX	   exceptionqNX   stream_nameqX	   my_metricqX
   item_indexqM]X   endedq	âX   stream_resetq
âub.Äctensorwatch.lv_types
StreamItem
q )Åq}q(X   valueqM^JÑö ÜqX	   exceptionqNX   stream_nameqX	   my_metricqX
   item_indexqM^X   endedq	âX   stream_resetq
âub.Äctensorwatch.lv_types
StreamItem
q )Åq}q(X   valueqM_JAü ÜqX	   exceptionqNX   stream_nameqX	   my_metricqX
   item_indexqM_X   endedq	âX   stream_resetq
âub.Äctensorwatch.lv_types
StreamItem
q )Åq}q(X   valueqM`J § ÜqX	   exceptionqNX   stream_nameqX	   my_metricqX
   item_indexqM`X   endedq	âX   stream_resetq
âub.Äctensorwatch.lv_types
StreamItem
q )Åq}q(X   valueqMaJ¡® ÜqX	   exceptionqNX   stream_nameqX	   my_metricqX
   item_indexqMaX   endedq	âX   stream_resetq
âub.Äctensorwatch.lv_types
StreamItem
q )Åq}q(X   valueqMbJÑ≠ ÜqX	   exceptionqNX   stream_nameqX	   my_metricqX
   item_indexqMbX   endedq	âX   stream_resetq
âub.Äctensorwatch.lv_types
StreamItem
q )Åq}q(X   valueqMcJI≤ ÜqX	   exceptionqNX   stream_nameqX	   my_metricqX
   item_indexqMcX   endedq	âX   stream_resetq
âub.Äctensorwatch.lv_types
StreamItem
q )Åq}q(X   valueqMdJ∑ ÜqX	   exceptionqNX   stream_nameqX	   my_metricqX
   item_indexqMdX   endedq	âX   stream_resetq
âub.Äctensorwatch.lv_types
StreamItem
q )Åq}q(X   valueqMeJŸª ÜqX	   exceptionqNX   stream_nameqX	   my_metricqX
   item_indexqMeX   endedq	âX   stream_resetq
âub.Äctensorwatch.lv_types
StreamItem
q )Åq}q(X   valueqMfJ§¿ ÜqX	   exceptionqNX   stream_nameqX	   my_metricqX
   item_indexqMfX   endedq	âX   stream_resetq
âub.Äctensorwatch.lv_types
StreamItem
q )Åq}q(X   valueqMgJq≈ ÜqX	   exceptionqNX   stream_nameqX	   my_metricqX
   item_indexqMgX   endedq	âX   stream_resetq
âub.Äctensorwatch.lv_types
StreamItem
q )Åq}q(X   valueqMhJ@  ÜqX	   exceptionqNX   stream_nameqX	   my_metricqX
   item_indexqMhX   endedq	âX   stream_resetq
âub.Äctensorwatch.lv_types
StreamItem
q )Åq}q(X   valueqMiJœ ÜqX	   exceptionqNX   stream_nameqX	   my_metricqX
   item_indexqMiX   endedq	âX   stream_resetq
âub.Äctensorwatch.lv_types
StreamItem
q )Åq}q(X   valueqMjJ‰” ÜqX	   exceptionqNX   stream_nameqX	   my_metricqX
   item_indexqMjX   endedq	âX   stream_resetq
âub.Äctensorwatch.lv_types
StreamItem
q )Åq}q(X   valueqMkJπÿ ÜqX	   exceptionqNX   stream_nameqX	   my_metricqX
   item_indexqMkX   endedq	âX   stream_resetq
âub.Äctensorwatch.lv_types
StreamItem
q )Åq}q(X   valueqMlJê› ÜqX	   exceptionqNX   stream_nameqX	   my_metricqX
   item_indexqMlX   endedq	âX   stream_resetq
âub.Äctensorwatch.lv_types
StreamItem
q )Åq}q(X   valueqMmJi‚ ÜqX	   exceptionqNX   stream_nameqX	   my_metricqX
   item_indexqMmX   endedq	âX   stream_resetq
âub.Äctensorwatch.lv_types
StreamItem
q )Åq}q(X   valueqMnJDÁ ÜqX	   exceptionqNX   stream_nameqX	   my_metricqX
   item_indexqMnX   endedq	âX   stream_resetq
âub.Äctensorwatch.lv_types
StreamItem
q )Åq}q(X   valueqMoJ!Ï ÜqX	   exceptionqNX   stream_nameqX	   my_metricqX
   item_indexqMoX   endedq	âX   stream_resetq
âub.Äctensorwatch.lv_types
StreamItem
q )Åq}q(X   valueqMpJ Ò ÜqX	   exceptionqNX   stream_nameqX	   my_metricqX
   item_indexqMpX   endedq	âX   stream_resetq
âub.Äctensorwatch.lv_types
StreamItem
q )Åq}q(X   valueqMqJ·ı ÜqX	   exceptionqNX   stream_nameqX	   my_metricqX
   item_indexqMqX   endedq	âX   stream_resetq
âub.Äctensorwatch.lv_types
StreamItem
q )Åq}q(X   valueqMrJƒ˙ ÜqX	   exceptionqNX   stream_nameqX	   my_metricqX
   item_indexqMrX   endedq	âX   stream_resetq
âub.Äctensorwatch.lv_types
StreamItem
q )Åq}q(X   valueqMsJ©ˇ ÜqX	   exceptionqNX   stream_nameqX	   my_metricqX
   item_indexqMsX   endedq	âX   stream_resetq
âub.Äctensorwatch.lv_types
StreamItem
q )Åq}q(X   valueqMtJê ÜqX	   exceptionqNX   stream_nameqX	   my_metricqX
   item_indexqMtX   endedq	âX   stream_resetq
âub.Äctensorwatch.lv_types
StreamItem
q )Åq}q(X   valueqMuJy	 ÜqX	   exceptionqNX   stream_nameqX	   my_metricqX
   item_indexqMuX   endedq	âX   stream_resetq
âub.Äctensorwatch.lv_types
StreamItem
q )Åq}q(X   valueqMvJd ÜqX	   exceptionqNX   stream_nameqX	   my_metricqX
   item_indexqMvX   endedq	âX   stream_resetq
âub.Äctensorwatch.lv_types
StreamItem
q )Åq}q(X   valueqMwJQ ÜqX	   exceptionqNX   stream_nameqX	   my_metricqX
   item_indexqMwX   endedq	âX   stream_resetq
âub.Äctensorwatch.lv_types
StreamItem
q )Åq}q(X   valueqMxJ@ ÜqX	   exceptionqNX   stream_nameqX	   my_metricqX
   item_indexqMxX   endedq	âX   stream_resetq
âub.Äctensorwatch.lv_types
StreamItem
q )Åq}q(X   valueqMyJ1 ÜqX	   exceptionqNX   stream_nameqX	   my_metricqX
   item_indexqMyX   endedq	âX   stream_resetq
âub.Äctensorwatch.lv_types
StreamItem
q )Åq}q(X   valueqMzJ$" ÜqX	   exceptionqNX   stream_nameqX	   my_metricqX
   item_indexqMzX   endedq	âX   stream_resetq
âub.Äctensorwatch.lv_types
StreamItem
q )Åq}q(X   valueqM{J' ÜqX	   exceptionqNX   stream_nameqX	   my_metricqX
   item_indexqM{X   endedq	âX   stream_resetq
âub.Äctensorwatch.lv_types
StreamItem
q )Åq}q(X   valueqM|J, ÜqX	   exceptionqNX   stream_nameqX	   my_metricqX
   item_indexqM|X   endedq	âX   stream_resetq
âub.Äctensorwatch.lv_types
StreamItem
q )Åq}q(X   valueqM}J	1 ÜqX	   exceptionqNX   stream_nameqX	   my_metricqX
   item_indexqM}X   endedq	âX   stream_resetq
âub.Äctensorwatch.lv_types
StreamItem
q )Åq}q(X   valueqM~J6 ÜqX	   exceptionqNX   stream_nameqX	   my_metricqX
   item_indexqM~X   endedq	âX   stream_resetq
âub.Äctensorwatch.lv_types
StreamItem
q )Åq}q(X   valueqMJ; ÜqX	   exceptionqNX   stream_nameqX	   my_metricqX
   item_indexqMX   endedq	âX   stream_resetq
âub.Äctensorwatch.lv_types
StreamItem
q )Åq}q(X   valueqMÄJ @ ÜqX	   exceptionqNX   stream_nameqX	   my_metricqX
   item_indexqMÄX   endedq	âX   stream_resetq
âub.Äctensorwatch.lv_types
StreamItem
q )Åq}q(X   valueqMÅJE ÜqX	   exceptionqNX   stream_nameqX	   my_metricqX
   item_indexqMÅX   endedq	âX   stream_resetq
âub.Äctensorwatch.lv_types
StreamItem
q )Åq}q(X   valueqMÇJJ ÜqX	   exceptionqNX   stream_nameqX	   my_metricqX
   item_indexqMÇX   endedq	âX   stream_resetq
âub.Äctensorwatch.lv_types
StreamItem
q )Åq}q(X   valueqMÉJ	O ÜqX	   exceptionqNX   stream_nameqX	   my_metricqX
   item_indexqMÉX   endedq	âX   stream_resetq
âub.Äctensorwatch.lv_types
StreamItem
q )Åq}q(X   valueqMÑJT ÜqX	   exceptionqNX   stream_nameqX	   my_metricqX
   item_indexqMÑX   endedq	âX   stream_resetq
âub.Äctensorwatch.lv_types
StreamItem
q )Åq}q(X   valueqMÖJY ÜqX	   exceptionqNX   stream_nameqX	   my_metricqX
   item_indexqMÖX   endedq	âX   stream_resetq
âub.Äctensorwatch.lv_types
StreamItem
q )Åq}q(X   valueqMÜJ$^ ÜqX	   exceptionqNX   stream_nameqX	   my_metricqX
   item_indexqMÜX   endedq	âX   stream_resetq
âub.Äctensorwatch.lv_types
StreamItem
q )Åq}q(X   valueqMáJ1c ÜqX	   exceptionqNX   stream_nameqX	   my_metricqX
   item_indexqMáX   endedq	âX   stream_resetq
âub.Äctensorwatch.lv_types
StreamItem
q )Åq}q(X   valueqMàJ@h ÜqX	   exceptionqNX   stream_nameqX	   my_metricqX
   item_indexqMàX   endedq	âX   stream_resetq
âub.Äctensorwatch.lv_types
StreamItem
q )Åq}q(X   valueqMâJQm ÜqX	   exceptionqNX   stream_nameqX	   my_metricqX
   item_indexqMâX   endedq	âX   stream_resetq
âub.Äctensorwatch.lv_types
StreamItem
q )Åq}q(X   valueqMäJdr ÜqX	   exceptionqNX   stream_nameqX	   my_metricqX
   item_indexqMäX   endedq	âX   stream_resetq
âub.Äctensorwatch.lv_types
StreamItem
q )Åq}q(X   valueqMãJyw ÜqX	   exceptionqNX   stream_nameqX	   my_metricqX
   item_indexqMãX   endedq	âX   stream_resetq
âub.Äctensorwatch.lv_types
StreamItem
q )Åq}q(X   valueqMåJê| ÜqX	   exceptionqNX   stream_nameqX	   my_metricqX
   item_indexqMåX   endedq	âX   stream_resetq
âub.Äctensorwatch.lv_types
StreamItem
q )Åq}q(X   valueqMçJ©Å ÜqX	   exceptionqNX   stream_nameqX	   my_metricqX
   item_indexqMçX   endedq	âX   stream_resetq
âub.Äctensorwatch.lv_types
StreamItem
q )Åq}q(X   valueqMéJƒÜ ÜqX	   exceptionqNX   stream_nameqX	   my_metricqX
   item_indexqMéX   endedq	âX   stream_resetq
âub.Äctensorwatch.lv_types
StreamItem
q )Åq}q(X   valueqMèJ·ã ÜqX	   exceptionqNX   stream_nameqX	   my_metricqX
   item_indexqMèX   endedq	âX   stream_resetq
âub.Äctensorwatch.lv_types
StreamItem
q )Åq}q(X   valueqMêJ ë ÜqX	   exceptionqNX   stream_nameqX	   my_metricqX
   item_indexqMêX   endedq	âX   stream_resetq
âub.Äctensorwatch.lv_types
StreamItem
q )Åq}q(X   valueqMëJ!ñ ÜqX	   exceptionqNX   stream_nameqX	   my_metricqX
   item_indexqMëX   endedq	âX   stream_resetq
âub.Äctensorwatch.lv_types
StreamItem
q )Åq}q(X   valueqMíJDõ ÜqX	   exceptionqNX   stream_nameqX	   my_metricqX
   item_indexqMíX   endedq	âX   stream_resetq
âub.Äctensorwatch.lv_types
StreamItem
q )Åq}q(X   valueqMìJi† ÜqX	   exceptionqNX   stream_nameqX	   my_metricqX
   item_indexqMìX   endedq	âX   stream_resetq
âub.Äctensorwatch.lv_types
StreamItem
q )Åq}q(X   valueqMîJê• ÜqX	   exceptionqNX   stream_nameqX	   my_metricqX
   item_indexqMîX   endedq	âX   stream_resetq
âub.Äctensorwatch.lv_types
StreamItem
q )Åq}q(X   valueqMïJπ™ ÜqX	   exceptionqNX   stream_nameqX	   my_metricqX
   item_indexqMïX   endedq	âX   stream_resetq
âub.Äctensorwatch.lv_types
StreamItem
q )Åq}q(X   valueqMñJ‰Ø ÜqX	   exceptionqNX   stream_nameqX	   my_metricqX
   item_indexqMñX   endedq	âX   stream_resetq
âub.Äctensorwatch.lv_types
StreamItem
q )Åq}q(X   valueqMóJµ ÜqX	   exceptionqNX   stream_nameqX	   my_metricqX
   item_indexqMóX   endedq	âX   stream_resetq
âub.Äctensorwatch.lv_types
StreamItem
q )Åq}q(X   valueqMòJ@∫ ÜqX	   exceptionqNX   stream_nameqX	   my_metricqX
   item_indexqMòX   endedq	âX   stream_resetq
âub.Äctensorwatch.lv_types
StreamItem
q )Åq}q(X   valueqMôJqø ÜqX	   exceptionqNX   stream_nameqX	   my_metricqX
   item_indexqMôX   endedq	âX   stream_resetq
âub.Äctensorwatch.lv_types
StreamItem
q )Åq}q(X   valueqMöJ§ƒ ÜqX	   exceptionqNX   stream_nameqX	   my_metricqX
   item_indexqMöX   endedq	âX   stream_resetq
âub.Äctensorwatch.lv_types
StreamItem
q )Åq}q(X   valueqMõJŸ… ÜqX	   exceptionqNX   stream_nameqX	   my_metricqX
   item_indexqMõX   endedq	âX   stream_resetq
âub.Äctensorwatch.lv_types
StreamItem
q )Åq}q(X   valueqMúJœ ÜqX	   exceptionqNX   stream_nameqX	   my_metricqX
   item_indexqMúX   endedq	âX   stream_resetq
âub.Äctensorwatch.lv_types
StreamItem
q )Åq}q(X   valueqMùJI‘ ÜqX	   exceptionqNX   stream_nameqX	   my_metricqX
   item_indexqMùX   endedq	âX   stream_resetq
âub.Äctensorwatch.lv_types
StreamItem
q )Åq}q(X   valueqMûJÑŸ ÜqX	   exceptionqNX   stream_nameqX	   my_metricqX
   item_indexqMûX   endedq	âX   stream_resetq
âub.Äctensorwatch.lv_types
StreamItem
q )Åq}q(X   valueqMüJ¡ﬁ ÜqX	   exceptionqNX   stream_nameqX	   my_metricqX
   item_indexqMüX   endedq	âX   stream_resetq
âub.Äctensorwatch.lv_types
StreamItem
q )Åq}q(X   valueqM†J ‰ ÜqX	   exceptionqNX   stream_nameqX	   my_metricqX
   item_indexqM†X   endedq	âX   stream_resetq
âub.Äctensorwatch.lv_types
StreamItem
q )Åq}q(X   valueqM°JAÈ ÜqX	   exceptionqNX   stream_nameqX	   my_metricqX
   item_indexqM°X   endedq	âX   stream_resetq
âub.Äctensorwatch.lv_types
StreamItem
q )Åq}q(X   valueqM¢JÑÓ ÜqX	   exceptionqNX   stream_nameqX	   my_metricqX
   item_indexqM¢X   endedq	âX   stream_resetq
âub.Äctensorwatch.lv_types
StreamItem
q )Åq}q(X   valueqM£J…Û ÜqX	   exceptionqNX   stream_nameqX	   my_metricqX
   item_indexqM£X   endedq	âX   stream_resetq
âub.Äctensorwatch.lv_types
StreamItem
q )Åq}q(X   valueqM§J˘ ÜqX	   exceptionqNX   stream_nameqX	   my_metricqX
   item_indexqM§X   endedq	âX   stream_resetq
âub.Äctensorwatch.lv_types
StreamItem
q )Åq}q(X   valueqM•JY˛ ÜqX	   exceptionqNX   stream_nameqX	   my_metricqX
   item_indexqM•X   endedq	âX   stream_resetq
âub.Äctensorwatch.lv_types
StreamItem
q )Åq}q(X   valueqM¶J§ ÜqX	   exceptionqNX   stream_nameqX	   my_metricqX
   item_indexqM¶X   endedq	âX   stream_resetq
âub.Äctensorwatch.lv_types
StreamItem
q )Åq}q(X   valueqMßJÒ ÜqX	   exceptionqNX   stream_nameqX	   my_metricqX
   item_indexqMßX   endedq	âX   stream_resetq
âub.Äctensorwatch.lv_types
StreamItem
q )Åq}q(X   valueqM®J@ ÜqX	   exceptionqNX   stream_nameqX	   my_metricqX
   item_indexqM®X   endedq	âX   stream_resetq
âub.Äctensorwatch.lv_types
StreamItem
q )Åq}q(X   valueqM©Jë ÜqX	   exceptionqNX   stream_nameqX	   my_metricqX
   item_indexqM©X   endedq	âX   stream_resetq
âub.Äctensorwatch.lv_types
StreamItem
q )Åq}q(X   valueqM™J‰ ÜqX	   exceptionqNX   stream_nameqX	   my_metricqX
   item_indexqM™X   endedq	âX   stream_resetq
âub.Äctensorwatch.lv_types
StreamItem
q )Åq}q(X   valueqM´J9 ÜqX	   exceptionqNX   stream_nameqX	   my_metricqX
   item_indexqM´X   endedq	âX   stream_resetq
âub.Äctensorwatch.lv_types
StreamItem
q )Åq}q(X   valueqM¨Jê# ÜqX	   exceptionqNX   stream_nameqX	   my_metricqX
   item_indexqM¨X   endedq	âX   stream_resetq
âub.Äctensorwatch.lv_types
StreamItem
q )Åq}q(X   valueqM≠JÈ( ÜqX	   exceptionqNX   stream_nameqX	   my_metricqX
   item_indexqM≠X   endedq	âX   stream_resetq
âub.Äctensorwatch.lv_types
StreamItem
q )Åq}q(X   valueqMÆJD. ÜqX	   exceptionqNX   stream_nameqX	   my_metricqX
   item_indexqMÆX   endedq	âX   stream_resetq
âub.Äctensorwatch.lv_types
StreamItem
q )Åq}q(X   valueqMØJ°3 ÜqX	   exceptionqNX   stream_nameqX	   my_metricqX
   item_indexqMØX   endedq	âX   stream_resetq
âub.Äctensorwatch.lv_types
StreamItem
q )Åq}q(X   valueqM∞J 9 ÜqX	   exceptionqNX   stream_nameqX	   my_metricqX
   item_indexqM∞X   endedq	âX   stream_resetq
âub.Äctensorwatch.lv_types
StreamItem
q )Åq}q(X   valueqM±Ja> ÜqX	   exceptionqNX   stream_nameqX	   my_metricqX
   item_indexqM±X   endedq	âX   stream_resetq
âub.Äctensorwatch.lv_types
StreamItem
q )Åq}q(X   valueqM≤JƒC ÜqX	   exceptionqNX   stream_nameqX	   my_metricqX
   item_indexqM≤X   endedq	âX   stream_resetq
âub.Äctensorwatch.lv_types
StreamItem
q )Åq}q(X   valueqM≥J)I ÜqX	   exceptionqNX   stream_nameqX	   my_metricqX
   item_indexqM≥X   endedq	âX   stream_resetq
âub.Äctensorwatch.lv_types
StreamItem
q )Åq}q(X   valueqM¥JêN ÜqX	   exceptionqNX   stream_nameqX	   my_metricqX
   item_indexqM¥X   endedq	âX   stream_resetq
âub.Äctensorwatch.lv_types
StreamItem
q )Åq}q(X   valueqMµJ˘S ÜqX	   exceptionqNX   stream_nameqX	   my_metricqX
   item_indexqMµX   endedq	âX   stream_resetq
âub.Äctensorwatch.lv_types
StreamItem
q )Åq}q(X   valueqM∂JdY ÜqX	   exceptionqNX   stream_nameqX	   my_metricqX
   item_indexqM∂X   endedq	âX   stream_resetq
âub.Äctensorwatch.lv_types
StreamItem
q )Åq}q(X   valueqM∑J—^ ÜqX	   exceptionqNX   stream_nameqX	   my_metricqX
   item_indexqM∑X   endedq	âX   stream_resetq
âub.Äctensorwatch.lv_types
StreamItem
q )Åq}q(X   valueqM∏J@d ÜqX	   exceptionqNX   stream_nameqX	   my_metricqX
   item_indexqM∏X   endedq	âX   stream_resetq
âub.Äctensorwatch.lv_types
StreamItem
q )Åq}q(X   valueqMπJ±i ÜqX	   exceptionqNX   stream_nameqX	   my_metricqX
   item_indexqMπX   endedq	âX   stream_resetq
âub.Äctensorwatch.lv_types
StreamItem
q )Åq}q(X   valueqM∫J$o ÜqX	   exceptionqNX   stream_nameqX	   my_metricqX
   item_indexqM∫X   endedq	âX   stream_resetq
âub.Äctensorwatch.lv_types
StreamItem
q )Åq}q(X   valueqMªJôt ÜqX	   exceptionqNX   stream_nameqX	   my_metricqX
   item_indexqMªX   endedq	âX   stream_resetq
âub.Äctensorwatch.lv_types
StreamItem
q )Åq}q(X   valueqMºJz ÜqX	   exceptionqNX   stream_nameqX	   my_metricqX
   item_indexqMºX   endedq	âX   stream_resetq
âub.Äctensorwatch.lv_types
StreamItem
q )Åq}q(X   valueqMΩJâ ÜqX	   exceptionqNX   stream_nameqX	   my_metricqX
   item_indexqMΩX   endedq	âX   stream_resetq
âub.Äctensorwatch.lv_types
StreamItem
q )Åq}q(X   valueqMæJÖ ÜqX	   exceptionqNX   stream_nameqX	   my_metricqX
   item_indexqMæX   endedq	âX   stream_resetq
âub.Äctensorwatch.lv_types
StreamItem
q )Åq}q(X   valueqMøJÅä ÜqX	   exceptionqNX   stream_nameqX	   my_metricqX
   item_indexqMøX   endedq	âX   stream_resetq
âub.Äctensorwatch.lv_types
StreamItem
q )Åq}q(X   valueqM¿J ê ÜqX	   exceptionqNX   stream_nameqX	   my_metricqX
   item_indexqM¿X   endedq	âX   stream_resetq
âub.Äctensorwatch.lv_types
StreamItem
q )Åq}q(X   valueqM¡JÅï ÜqX	   exceptionqNX   stream_nameqX	   my_metricqX
   item_indexqM¡X   endedq	âX   stream_resetq
âub.Äctensorwatch.lv_types
StreamItem
q )Åq}q(X   valueqM¬Jõ ÜqX	   exceptionqNX   stream_nameqX	   my_metricqX
   item_indexqM¬X   endedq	âX   stream_resetq
âub.Äctensorwatch.lv_types
StreamItem
q )Åq}q(X   valueqM√Jâ† ÜqX	   exceptionqNX   stream_nameqX	   my_metricqX
   item_indexqM√X   endedq	âX   stream_resetq
âub.Äctensorwatch.lv_types
StreamItem
q )Åq}q(X   valueqMƒJ¶ ÜqX	   exceptionqNX   stream_nameqX	   my_metricqX
   item_indexqMƒX   endedq	âX   stream_resetq
âub.Äctensorwatch.lv_types
StreamItem
q )Åq}q(X   valueqM≈Jô´ ÜqX	   exceptionqNX   stream_nameqX	   my_metricqX
   item_indexqM≈X   endedq	âX   stream_resetq
âub.Äctensorwatch.lv_types
StreamItem
q )Åq}q(X   valueqM∆J$± ÜqX	   exceptionqNX   stream_nameqX	   my_metricqX
   item_indexqM∆X   endedq	âX   stream_resetq
âub.Äctensorwatch.lv_types
StreamItem
q )Åq}q(X   valueqM«J±∂ ÜqX	   exceptionqNX   stream_nameqX	   my_metricqX
   item_indexqM«X   endedq	âX   stream_resetq
âub.Äctensorwatch.lv_types
StreamItem
q )Åq}q(X   valueqM»J@º ÜqX	   exceptionqNX   stream_nameqX	   my_metricqX
   item_indexqM»X   endedq	âX   stream_resetq
âub.Äctensorwatch.lv_types
StreamItem
q )Åq}q(X   valueqM…J—¡ ÜqX	   exceptionqNX   stream_nameqX	   my_metricqX
   item_indexqM…X   endedq	âX   stream_resetq
âub.Äctensorwatch.lv_types
StreamItem
q )Åq}q(X   valueqM Jd« ÜqX	   exceptionqNX   stream_nameqX	   my_metricqX
   item_indexqM X   endedq	âX   stream_resetq
âub.Äctensorwatch.lv_types
StreamItem
q )Åq}q(X   valueqMÀJ˘Ã ÜqX	   exceptionqNX   stream_nameqX	   my_metricqX
   item_indexqMÀX   endedq	âX   stream_resetq
âub.Äctensorwatch.lv_types
StreamItem
q )Åq}q(X   valueqMÃJê“ ÜqX	   exceptionqNX   stream_nameqX	   my_metricqX
   item_indexqMÃX   endedq	âX   stream_resetq
âub.Äctensorwatch.lv_types
StreamItem
q )Åq}q(X   valueqMÕJ)ÿ ÜqX	   exceptionqNX   stream_nameqX	   my_metricqX
   item_indexqMÕX   endedq	âX   stream_resetq
âub.Äctensorwatch.lv_types
StreamItem
q )Åq}q(X   valueqMŒJƒ› ÜqX	   exceptionqNX   stream_nameqX	   my_metricqX
   item_indexqMŒX   endedq	âX   stream_resetq
âub.Äctensorwatch.lv_types
StreamItem
q )Åq}q(X   valueqMœJa„ ÜqX	   exceptionqNX   stream_nameqX	   my_metricqX
   item_indexqMœX   endedq	âX   stream_resetq
âub.Äctensorwatch.lv_types
StreamItem
q )Åq}q(X   valueqM–J È ÜqX	   exceptionqNX   stream_nameqX	   my_metricqX
   item_indexqM–X   endedq	âX   stream_resetq
âub.Äctensorwatch.lv_types
StreamItem
q )Åq}q(X   valueqM—J°Ó ÜqX	   exceptionqNX   stream_nameqX	   my_metricqX
   item_indexqM—X   endedq	âX   stream_resetq
âub.Äctensorwatch.lv_types
StreamItem
q )Åq}q(X   valueqM“JDÙ ÜqX	   exceptionqNX   stream_nameqX	   my_metricqX
   item_indexqM“X   endedq	âX   stream_resetq
âub.Äctensorwatch.lv_types
StreamItem
q )Åq}q(X   valueqM”JÈ˘ ÜqX	   exceptionqNX   stream_nameqX	   my_metricqX
   item_indexqM”X   endedq	âX   stream_resetq
âub.Äctensorwatch.lv_types
StreamItem
q )Åq}q(X   valueqM‘Jêˇ ÜqX	   exceptionqNX   stream_nameqX	   my_metricqX
   item_indexqM‘X   endedq	âX   stream_resetq
âub.Äctensorwatch.lv_types
StreamItem
q )Åq}q(X   valueqM’J9 ÜqX	   exceptionqNX   stream_nameqX	   my_metricqX
   item_indexqM’X   endedq	âX   stream_resetq
âub.Äctensorwatch.lv_types
StreamItem
q )Åq}q(X   valueqM÷J‰
 ÜqX	   exceptionqNX   stream_nameqX	   my_metricqX
   item_indexqM÷X   endedq	âX   stream_resetq
âub.Äctensorwatch.lv_types
StreamItem
q )Åq}q(X   valueqM◊Jë ÜqX	   exceptionqNX   stream_nameqX	   my_metricqX
   item_indexqM◊X   endedq	âX   stream_resetq
âub.Äctensorwatch.lv_types
StreamItem
q )Åq}q(X   valueqMÿJ@ ÜqX	   exceptionqNX   stream_nameqX	   my_metricqX
   item_indexqMÿX   endedq	âX   stream_resetq
âub.Äctensorwatch.lv_types
StreamItem
q )Åq}q(X   valueqMŸJÒ ÜqX	   exceptionqNX   stream_nameqX	   my_metricqX
   item_indexqMŸX   endedq	âX   stream_resetq
âub.Äctensorwatch.lv_types
StreamItem
q )Åq}q(X   valueqM⁄J§! ÜqX	   exceptionqNX   stream_nameqX	   my_metricqX
   item_indexqM⁄X   endedq	âX   stream_resetq
âub.Äctensorwatch.lv_types
StreamItem
q )Åq}q(X   valueqM€JY' ÜqX	   exceptionqNX   stream_nameqX	   my_metricqX
   item_indexqM€X   endedq	âX   stream_resetq
âub.Äctensorwatch.lv_types
StreamItem
q )Åq}q(X   valueqM‹J- ÜqX	   exceptionqNX   stream_nameqX	   my_metricqX
   item_indexqM‹X   endedq	âX   stream_resetq
âub.Äctensorwatch.lv_types
StreamItem
q )Åq}q(X   valueqM›J…2 ÜqX	   exceptionqNX   stream_nameqX	   my_metricqX
   item_indexqM›X   endedq	âX   stream_resetq
âub.Äctensorwatch.lv_types
StreamItem
q )Åq}q(X   valueqMﬁJÑ8 ÜqX	   exceptionqNX   stream_nameqX	   my_metricqX
   item_indexqMﬁX   endedq	âX   stream_resetq
âub.Äctensorwatch.lv_types
StreamItem
q )Åq}q(X   valueqMﬂJA> ÜqX	   exceptionqNX   stream_nameqX	   my_metricqX
   item_indexqMﬂX   endedq	âX   stream_resetq
âub.Äctensorwatch.lv_types
StreamItem
q )Åq}q(X   valueqM‡J D ÜqX	   exceptionqNX   stream_nameqX	   my_metricqX
   item_indexqM‡X   endedq	âX   stream_resetq
âub.Äctensorwatch.lv_types
StreamItem
q )Åq}q(X   valueqM·J¡I ÜqX	   exceptionqNX   stream_nameqX	   my_metricqX
   item_indexqM·X   endedq	âX   stream_resetq
âub.Äctensorwatch.lv_types
StreamItem
q )Åq}q(X   valueqM‚JÑO ÜqX	   exceptionqNX   stream_nameqX	   my_metricqX
   item_indexqM‚X   endedq	âX   stream_resetq
âub.Äctensorwatch.lv_types
StreamItem
q )Åq}q(X   valueqM„JIU ÜqX	   exceptionqNX   stream_nameqX	   my_metricqX
   item_indexqM„X   endedq	âX   stream_resetq
âub.Äctensorwatch.lv_types
StreamItem
q )Åq}q(X   valueqM‰J[ ÜqX	   exceptionqNX   stream_nameqX	   my_metricqX
   item_indexqM‰X   endedq	âX   stream_resetq
âub.Äctensorwatch.lv_types
StreamItem
q )Åq}q(X   valueqMÂJŸ` ÜqX	   exceptionqNX   stream_nameqX	   my_metricqX
   item_indexqMÂX   endedq	âX   stream_resetq
âub.Äctensorwatch.lv_types
StreamItem
q )Åq}q(X   valueqMÊJ§f ÜqX	   exceptionqNX   stream_nameqX	   my_metricqX
   item_indexqMÊX   endedq	âX   stream_resetq
âub.Äctensorwatch.lv_types
StreamItem
q )Åq}q(X   valueqMÁJql ÜqX	   exceptionqNX   stream_nameqX	   my_metricqX
   item_indexqMÁX   endedq	âX   stream_resetq
âub.Äctensorwatch.lv_types
StreamItem
q )Åq}q(X   valueqMËJ@r ÜqX	   exceptionqNX   stream_nameqX	   my_metricqX
   item_indexqMËX   endedq	âX   stream_resetq
âub.Äctensorwatch.lv_types
StreamItem
q )Åq}q(X   valueqMÈJx ÜqX	   exceptionqNX   stream_nameqX	   my_metricqX
   item_indexqMÈX   endedq	âX   stream_resetq
âub.Äctensorwatch.lv_types
StreamItem
q )Åq}q(X   valueqMÍJ‰} ÜqX	   exceptionqNX   stream_nameqX	   my_metricqX
   item_indexqMÍX   endedq	âX   stream_resetq
âub.Äctensorwatch.lv_types
StreamItem
q )Åq}q(X   valueqMÎJπÉ ÜqX	   exceptionqNX   stream_nameqX	   my_metricqX
   item_indexqMÎX   endedq	âX   stream_resetq
âub.Äctensorwatch.lv_types
StreamItem
q )Åq}q(X   valueqMÏJêâ ÜqX	   exceptionqNX   stream_nameqX	   my_metricqX
   item_indexqMÏX   endedq	âX   stream_resetq
âub.Äctensorwatch.lv_types
StreamItem
q )Åq}q(X   valueqMÌJiè ÜqX	   exceptionqNX   stream_nameqX	   my_metricqX
   item_indexqMÌX   endedq	âX   stream_resetq
âub.Äctensorwatch.lv_types
StreamItem
q )Åq}q(X   valueqMÓJDï ÜqX	   exceptionqNX   stream_nameqX	   my_metricqX
   item_indexqMÓX   endedq	âX   stream_resetq
âub.Äctensorwatch.lv_types
StreamItem
q )Åq}q(X   valueqMÔJ!õ ÜqX	   exceptionqNX   stream_nameqX	   my_metricqX
   item_indexqMÔX   endedq	âX   stream_resetq
âub.Äctensorwatch.lv_types
StreamItem
q )Åq}q(X   valueqMJ ° ÜqX	   exceptionqNX   stream_nameqX	   my_metricqX
   item_indexqMX   endedq	âX   stream_resetq
âub.Äctensorwatch.lv_types
StreamItem
q )Åq}q(X   valueqMÒJ·¶ ÜqX	   exceptionqNX   stream_nameqX	   my_metricqX
   item_indexqMÒX   endedq	âX   stream_resetq
âub.Äctensorwatch.lv_types
StreamItem
q )Åq}q(X   valueqMÚJƒ¨ ÜqX	   exceptionqNX   stream_nameqX	   my_metricqX
   item_indexqMÚX   endedq	âX   stream_resetq
âub.Äctensorwatch.lv_types
StreamItem
q )Åq}q(X   valueqMÛJ©≤ ÜqX	   exceptionqNX   stream_nameqX	   my_metricqX
   item_indexqMÛX   endedq	âX   stream_resetq
âub.Äctensorwatch.lv_types
StreamItem
q )Åq}q(X   valueqMÙJê∏ ÜqX	   exceptionqNX   stream_nameqX	   my_metricqX
   item_indexqMÙX   endedq	âX   stream_resetq
âub.Äctensorwatch.lv_types
StreamItem
q )Åq}q(X   valueqMıJyæ ÜqX	   exceptionqNX   stream_nameqX	   my_metricqX
   item_indexqMıX   endedq	âX   stream_resetq
âub.Äctensorwatch.lv_types
StreamItem
q )Åq}q(X   valueqMˆJdƒ ÜqX	   exceptionqNX   stream_nameqX	   my_metricqX
   item_indexqMˆX   endedq	âX   stream_resetq
âub.Äctensorwatch.lv_types
StreamItem
q )Åq}q(X   valueqM˜JQ  ÜqX	   exceptionqNX   stream_nameqX	   my_metricqX
   item_indexqM˜X   endedq	âX   stream_resetq
âub.Äctensorwatch.lv_types
StreamItem
q )Åq}q(X   valueqM¯J@– ÜqX	   exceptionqNX   stream_nameqX	   my_metricqX
   item_indexqM¯X   endedq	âX   stream_resetq
âub.Äctensorwatch.lv_types
StreamItem
q )Åq}q(X   valueqM˘J1÷ ÜqX	   exceptionqNX   stream_nameqX	   my_metricqX
   item_indexqM˘X   endedq	âX   stream_resetq
âub.Äctensorwatch.lv_types
StreamItem
q )Åq}q(X   valueqM˙J$‹ ÜqX	   exceptionqNX   stream_nameqX	   my_metricqX
   item_indexqM˙X   endedq	âX   stream_resetq
âub.Äctensorwatch.lv_types
StreamItem
q )Åq}q(X   valueqM˚J‚ ÜqX	   exceptionqNX   stream_nameqX	   my_metricqX
   item_indexqM˚X   endedq	âX   stream_resetq
âub.Äctensorwatch.lv_types
StreamItem
q )Åq}q(X   valueqM¸JË ÜqX	   exceptionqNX   stream_nameqX	   my_metricqX
   item_indexqM¸X   endedq	âX   stream_resetq
âub.Äctensorwatch.lv_types
StreamItem
q )Åq}q(X   valueqM˝J	Ó ÜqX	   exceptionqNX   stream_nameqX	   my_metricqX
   item_indexqM˝X   endedq	âX   stream_resetq
âub.Äctensorwatch.lv_types
StreamItem
q )Åq}q(X   valueqM˛JÙ ÜqX	   exceptionqNX   stream_nameqX	   my_metricqX
   item_indexqM˛X   endedq	âX   stream_resetq
âub.Äctensorwatch.lv_types
StreamItem
q )Åq}q(X   valueqMˇJ˙ ÜqX	   exceptionqNX   stream_nameqX	   my_metricqX
   item_indexqMˇX   endedq	âX   stream_resetq
âub.Äctensorwatch.lv_types
StreamItem
q )Åq}q(X   valueqM J  	 ÜqX	   exceptionqNX   stream_nameqX	   my_metricqX
   item_indexqM X   endedq	âX   stream_resetq
âub.Äctensorwatch.lv_types
StreamItem
q )Åq}q(X   valueqMJ	 ÜqX	   exceptionqNX   stream_nameqX	   my_metricqX
   item_indexqMX   endedq	âX   stream_resetq
âub.Äctensorwatch.lv_types
StreamItem
q )Åq}q(X   valueqMJ	 ÜqX	   exceptionqNX   stream_nameqX	   my_metricqX
   item_indexqMX   endedq	âX   stream_resetq
âub.Äctensorwatch.lv_types
StreamItem
q )Åq}q(X   valueqMJ		 ÜqX	   exceptionqNX   stream_nameqX	   my_metricqX
   item_indexqMX   endedq	âX   stream_resetq
âub.Äctensorwatch.lv_types
StreamItem
q )Åq}q(X   valueqMJ	 ÜqX	   exceptionqNX   stream_nameqX	   my_metricqX
   item_indexqMX   endedq	âX   stream_resetq
âub.Äctensorwatch.lv_types
StreamItem
q )Åq}q(X   valueqMJ	 ÜqX	   exceptionqNX   stream_nameqX	   my_metricqX
   item_indexqMX   endedq	âX   stream_resetq
âub.Äctensorwatch.lv_types
StreamItem
q )Åq}q(X   valueqMJ$$	 ÜqX	   exceptionqNX   stream_nameqX	   my_metricqX
   item_indexqMX   endedq	âX   stream_resetq
âub.Äctensorwatch.lv_types
StreamItem
q )Åq}q(X   valueqMJ1*	 ÜqX	   exceptionqNX   stream_nameqX	   my_metricqX
   item_indexqMX   endedq	âX   stream_resetq
âub.Äctensorwatch.lv_types
StreamItem
q )Åq}q(X   valueqMJ@0	 ÜqX	   exceptionqNX   stream_nameqX	   my_metricqX
   item_indexqMX   endedq	âX   stream_resetq
âub.Äctensorwatch.lv_types
StreamItem
q )Åq}q(X   valueqM	JQ6	 ÜqX	   exceptionqNX   stream_nameqX	   my_metricqX
   item_indexqM	X   endedq	âX   stream_resetq
âub.Äctensorwatch.lv_types
StreamItem
q )Åq}q(X   valueqM
Jd<	 ÜqX	   exceptionqNX   stream_nameqX	   my_metricqX
   item_indexqM
X   endedq	âX   stream_resetq
âub.Äctensorwatch.lv_types
StreamItem
q )Åq}q(X   valueqMJyB	 ÜqX	   exceptionqNX   stream_nameqX	   my_metricqX
   item_indexqMX   endedq	âX   stream_resetq
âub.Äctensorwatch.lv_types
StreamItem
q )Åq}q(X   valueqMJêH	 ÜqX	   exceptionqNX   stream_nameqX	   my_metricqX
   item_indexqMX   endedq	âX   stream_resetq
âub.Äctensorwatch.lv_types
StreamItem
q )Åq}q(X   valueqMJ©N	 ÜqX	   exceptionqNX   stream_nameqX	   my_metricqX
   item_indexqMX   endedq	âX   stream_resetq
âub.Äctensorwatch.lv_types
StreamItem
q )Åq}q(X   valueqMJƒT	 ÜqX	   exceptionqNX   stream_nameqX	   my_metricqX
   item_indexqMX   endedq	âX   stream_resetq
âub.Äctensorwatch.lv_types
StreamItem
q )Åq}q(X   valueqMJ·Z	 ÜqX	   exceptionqNX   stream_nameqX	   my_metricqX
   item_indexqMX   endedq	âX   stream_resetq
âub.Äctensorwatch.lv_types
StreamItem
q )Åq}q(X   valueqMJ a	 ÜqX	   exceptionqNX   stream_nameqX	   my_metricqX
   item_indexqMX   endedq	âX   stream_resetq
âub.Äctensorwatch.lv_types
StreamItem
q )Åq}q(X   valueqMJ!g	 ÜqX	   exceptionqNX   stream_nameqX	   my_metricqX
   item_indexqMX   endedq	âX   stream_resetq
âub.Äctensorwatch.lv_types
StreamItem
q )Åq}q(X   valueqMJDm	 ÜqX	   exceptionqNX   stream_nameqX	   my_metricqX
   item_indexqMX   endedq	âX   stream_resetq
âub.Äctensorwatch.lv_types
StreamItem
q )Åq}q(X   valueqMJis	 ÜqX	   exceptionqNX   stream_nameqX	   my_metricqX
   item_indexqMX   endedq	âX   stream_resetq
âub.Äctensorwatch.lv_types
StreamItem
q )Åq}q(X   valueqMJêy	 ÜqX	   exceptionqNX   stream_nameqX	   my_metricqX
   item_indexqMX   endedq	âX   stream_resetq
âub.Äctensorwatch.lv_types
StreamItem
q )Åq}q(X   valueqMJπ	 ÜqX	   exceptionqNX   stream_nameqX	   my_metricqX
   item_indexqMX   endedq	âX   stream_resetq
âub.Äctensorwatch.lv_types
StreamItem
q )Åq}q(X   valueqMJ‰Ö	 ÜqX	   exceptionqNX   stream_nameqX	   my_metricqX
   item_indexqMX   endedq	âX   stream_resetq
âub.Äctensorwatch.lv_types
StreamItem
q )Åq}q(X   valueqMJå	 ÜqX	   exceptionqNX   stream_nameqX	   my_metricqX
   item_indexqMX   endedq	âX   stream_resetq
âub.Äctensorwatch.lv_types
StreamItem
q )Åq}q(X   valueqMJ@í	 ÜqX	   exceptionqNX   stream_nameqX	   my_metricqX
   item_indexqMX   endedq	âX   stream_resetq
âub.Äctensorwatch.lv_types
StreamItem
q )Åq}q(X   valueqMJqò	 ÜqX	   exceptionqNX   stream_nameqX	   my_metricqX
   item_indexqMX   endedq	âX   stream_resetq
âub.Äctensorwatch.lv_types
StreamItem
q )Åq}q(X   valueqMJ§û	 ÜqX	   exceptionqNX   stream_nameqX	   my_metricqX
   item_indexqMX   endedq	âX   stream_resetq
âub.Äctensorwatch.lv_types
StreamItem
q )Åq}q(X   valueqMJŸ§	 ÜqX	   exceptionqNX   stream_nameqX	   my_metricqX
   item_indexqMX   endedq	âX   stream_resetq
âub.Äctensorwatch.lv_types
StreamItem
q )Åq}q(X   valueqMJ´	 ÜqX	   exceptionqNX   stream_nameqX	   my_metricqX
   item_indexqMX   endedq	âX   stream_resetq
âub.Äctensorwatch.lv_types
StreamItem
q )Åq}q(X   valueqMJI±	 ÜqX	   exceptionqNX   stream_nameqX	   my_metricqX
   item_indexqMX   endedq	âX   stream_resetq
âub.Äctensorwatch.lv_types
StreamItem
q )Åq}q(X   valueqMJÑ∑	 ÜqX	   exceptionqNX   stream_nameqX	   my_metricqX
   item_indexqMX   endedq	âX   stream_resetq
âub.Äctensorwatch.lv_types
StreamItem
q )Åq}q(X   valueqMJ¡Ω	 ÜqX	   exceptionqNX   stream_nameqX	   my_metricqX
   item_indexqMX   endedq	âX   stream_resetq
âub.Äctensorwatch.lv_types
StreamItem
q )Åq}q(X   valueqM J ƒ	 ÜqX	   exceptionqNX   stream_nameqX	   my_metricqX
   item_indexqM X   endedq	âX   stream_resetq
âub.Äctensorwatch.lv_types
StreamItem
q )Åq}q(X   valueqM!JA 	 ÜqX	   exceptionqNX   stream_nameqX	   my_metricqX
   item_indexqM!X   endedq	âX   stream_resetq
âub.Äctensorwatch.lv_types
StreamItem
q )Åq}q(X   valueqM"JÑ–	 ÜqX	   exceptionqNX   stream_nameqX	   my_metricqX
   item_indexqM"X   endedq	âX   stream_resetq
âub.Äctensorwatch.lv_types
StreamItem
q )Åq}q(X   valueqM#J…÷	 ÜqX	   exceptionqNX   stream_nameqX	   my_metricqX
   item_indexqM#X   endedq	âX   stream_resetq
âub.Äctensorwatch.lv_types
StreamItem
q )Åq}q(X   valueqM$J›	 ÜqX	   exceptionqNX   stream_nameqX	   my_metricqX
   item_indexqM$X   endedq	âX   stream_resetq
âub.Äctensorwatch.lv_types
StreamItem
q )Åq}q(X   valueqM%JY„	 ÜqX	   exceptionqNX   stream_nameqX	   my_metricqX
   item_indexqM%X   endedq	âX   stream_resetq
âub.Äctensorwatch.lv_types
StreamItem
q )Åq}q(X   valueqM&J§È	 ÜqX	   exceptionqNX   stream_nameqX	   my_metricqX
   item_indexqM&X   endedq	âX   stream_resetq
âub.Äctensorwatch.lv_types
StreamItem
q )Åq}q(X   valueqM'JÒÔ	 ÜqX	   exceptionqNX   stream_nameqX	   my_metricqX
   item_indexqM'X   endedq	âX   stream_resetq
âub.Äctensorwatch.lv_types
StreamItem
q )Åq}q(X   valueqM(J@ˆ	 ÜqX	   exceptionqNX   stream_nameqX	   my_metricqX
   item_indexqM(X   endedq	âX   stream_resetq
âub.Äctensorwatch.lv_types
StreamItem
q )Åq}q(X   valueqM)Jë¸	 ÜqX	   exceptionqNX   stream_nameqX	   my_metricqX
   item_indexqM)X   endedq	âX   stream_resetq
âub.Äctensorwatch.lv_types
StreamItem
q )Åq}q(X   valueqM*J‰
 ÜqX	   exceptionqNX   stream_nameqX	   my_metricqX
   item_indexqM*X   endedq	âX   stream_resetq
âub.Äctensorwatch.lv_types
StreamItem
q )Åq}q(X   valueqM+J9	
 ÜqX	   exceptionqNX   stream_nameqX	   my_metricqX
   item_indexqM+X   endedq	âX   stream_resetq
âub.Äctensorwatch.lv_types
StreamItem
q )Åq}q(X   valueqM,Jê
 ÜqX	   exceptionqNX   stream_nameqX	   my_metricqX
   item_indexqM,X   endedq	âX   stream_resetq
âub.Äctensorwatch.lv_types
StreamItem
q )Åq}q(X   valueqM-JÈ
 ÜqX	   exceptionqNX   stream_nameqX	   my_metricqX
   item_indexqM-X   endedq	âX   stream_resetq
âub.Äctensorwatch.lv_types
StreamItem
q )Åq}q(X   valueqM.JD
 ÜqX	   exceptionqNX   stream_nameqX	   my_metricqX
   item_indexqM.X   endedq	âX   stream_resetq
âub.Äctensorwatch.lv_types
StreamItem
q )Åq}q(X   valueqM/J°"
 ÜqX	   exceptionqNX   stream_nameqX	   my_metricqX
   item_indexqM/X   endedq	âX   stream_resetq
âub.Äctensorwatch.lv_types
StreamItem
q )Åq}q(X   valueqM0J )
 ÜqX	   exceptionqNX   stream_nameqX	   my_metricqX
   item_indexqM0X   endedq	âX   stream_resetq
âub.Äctensorwatch.lv_types
StreamItem
q )Åq}q(X   valueqM1Ja/
 ÜqX	   exceptionqNX   stream_nameqX	   my_metricqX
   item_indexqM1X   endedq	âX   stream_resetq
âub.Äctensorwatch.lv_types
StreamItem
q )Åq}q(X   valueqM2Jƒ5
 ÜqX	   exceptionqNX   stream_nameqX	   my_metricqX
   item_indexqM2X   endedq	âX   stream_resetq
âub.Äctensorwatch.lv_types
StreamItem
q )Åq}q(X   valueqM3J)<
 ÜqX	   exceptionqNX   stream_nameqX	   my_metricqX
   item_indexqM3X   endedq	âX   stream_resetq
âub.Äctensorwatch.lv_types
StreamItem
q )Åq}q(X   valueqM4JêB
 ÜqX	   exceptionqNX   stream_nameqX	   my_metricqX
   item_indexqM4X   endedq	âX   stream_resetq
âub.Äctensorwatch.lv_types
StreamItem
q )Åq}q(X   valueqM5J˘H
 ÜqX	   exceptionqNX   stream_nameqX	   my_metricqX
   item_indexqM5X   endedq	âX   stream_resetq
âub.Äctensorwatch.lv_types
StreamItem
q )Åq}q(X   valueqM6JdO
 ÜqX	   exceptionqNX   stream_nameqX	   my_metricqX
   item_indexqM6X   endedq	âX   stream_resetq
âub.Äctensorwatch.lv_types
StreamItem
q )Åq}q(X   valueqM7J—U
 ÜqX	   exceptionqNX   stream_nameqX	   my_metricqX
   item_indexqM7X   endedq	âX   stream_resetq
âub.Äctensorwatch.lv_types
StreamItem
q )Åq}q(X   valueqM8J@\
 ÜqX	   exceptionqNX   stream_nameqX	   my_metricqX
   item_indexqM8X   endedq	âX   stream_resetq
âub.Äctensorwatch.lv_types
StreamItem
q )Åq}q(X   valueqM9J±b
 ÜqX	   exceptionqNX   stream_nameqX	   my_metricqX
   item_indexqM9X   endedq	âX   stream_resetq
âub.Äctensorwatch.lv_types
StreamItem
q )Åq}q(X   valueqM:J$i
 ÜqX	   exceptionqNX   stream_nameqX	   my_metricqX
   item_indexqM:X   endedq	âX   stream_resetq
âub.Äctensorwatch.lv_types
StreamItem
q )Åq}q(X   valueqM;Jôo
 ÜqX	   exceptionqNX   stream_nameqX	   my_metricqX
   item_indexqM;X   endedq	âX   stream_resetq
âub.Äctensorwatch.lv_types
StreamItem
q )Åq}q(X   valueqM<Jv
 ÜqX	   exceptionqNX   stream_nameqX	   my_metricqX
   item_indexqM<X   endedq	âX   stream_resetq
âub.Äctensorwatch.lv_types
StreamItem
q )Åq}q(X   valueqM=Jâ|
 ÜqX	   exceptionqNX   stream_nameqX	   my_metricqX
   item_indexqM=X   endedq	âX   stream_resetq
âub.Äctensorwatch.lv_types
StreamItem
q )Åq}q(X   valueqM>JÉ
 ÜqX	   exceptionqNX   stream_nameqX	   my_metricqX
   item_indexqM>X   endedq	âX   stream_resetq
âub.Äctensorwatch.lv_types
StreamItem
q )Åq}q(X   valueqM?JÅâ
 ÜqX	   exceptionqNX   stream_nameqX	   my_metricqX
   item_indexqM?X   endedq	âX   stream_resetq
âub.Äctensorwatch.lv_types
StreamItem
q )Åq}q(X   valueqM@J ê
 ÜqX	   exceptionqNX   stream_nameqX	   my_metricqX
   item_indexqM@X   endedq	âX   stream_resetq
âub.Äctensorwatch.lv_types
StreamItem
q )Åq}q(X   valueqMAJÅñ
 ÜqX	   exceptionqNX   stream_nameqX	   my_metricqX
   item_indexqMAX   endedq	âX   stream_resetq
âub.Äctensorwatch.lv_types
StreamItem
q )Åq}q(X   valueqMBJù
 ÜqX	   exceptionqNX   stream_nameqX	   my_metricqX
   item_indexqMBX   endedq	âX   stream_resetq
âub.Äctensorwatch.lv_types
StreamItem
q )Åq}q(X   valueqMCJâ£
 ÜqX	   exceptionqNX   stream_nameqX	   my_metricqX
   item_indexqMCX   endedq	âX   stream_resetq
âub.Äctensorwatch.lv_types
StreamItem
q )Åq}q(X   valueqMDJ™
 ÜqX	   exceptionqNX   stream_nameqX	   my_metricqX
   item_indexqMDX   endedq	âX   stream_resetq
âub.Äctensorwatch.lv_types
StreamItem
q )Åq}q(X   valueqMEJô∞
 ÜqX	   exceptionqNX   stream_nameqX	   my_metricqX
   item_indexqMEX   endedq	âX   stream_resetq
âub.Äctensorwatch.lv_types
StreamItem
q )Åq}q(X   valueqMFJ$∑
 ÜqX	   exceptionqNX   stream_nameqX	   my_metricqX
   item_indexqMFX   endedq	âX   stream_resetq
âub.Äctensorwatch.lv_types
StreamItem
q )Åq}q(X   valueqMGJ±Ω
 ÜqX	   exceptionqNX   stream_nameqX	   my_metricqX
   item_indexqMGX   endedq	âX   stream_resetq
âub.Äctensorwatch.lv_types
StreamItem
q )Åq}q(X   valueqMHJ@ƒ
 ÜqX	   exceptionqNX   stream_nameqX	   my_metricqX
   item_indexqMHX   endedq	âX   stream_resetq
âub.Äctensorwatch.lv_types
StreamItem
q )Åq}q(X   valueqMIJ— 
 ÜqX	   exceptionqNX   stream_nameqX	   my_metricqX
   item_indexqMIX   endedq	âX   stream_resetq
âub.Äctensorwatch.lv_types
StreamItem
q )Åq}q(X   valueqMJJd—
 ÜqX	   exceptionqNX   stream_nameqX	   my_metricqX
   item_indexqMJX   endedq	âX   stream_resetq
âub.Äctensorwatch.lv_types
StreamItem
q )Åq}q(X   valueqMKJ˘◊
 ÜqX	   exceptionqNX   stream_nameqX	   my_metricqX
   item_indexqMKX   endedq	âX   stream_resetq
âub.Äctensorwatch.lv_types
StreamItem
q )Åq}q(X   valueqMLJêﬁ
 ÜqX	   exceptionqNX   stream_nameqX	   my_metricqX
   item_indexqMLX   endedq	âX   stream_resetq
âub.Äctensorwatch.lv_types
StreamItem
q )Åq}q(X   valueqMMJ)Â
 ÜqX	   exceptionqNX   stream_nameqX	   my_metricqX
   item_indexqMMX   endedq	âX   stream_resetq
âub.Äctensorwatch.lv_types
StreamItem
q )Åq}q(X   valueqMNJƒÎ
 ÜqX	   exceptionqNX   stream_nameqX	   my_metricqX
   item_indexqMNX   endedq	âX   stream_resetq
âub.Äctensorwatch.lv_types
StreamItem
q )Åq}q(X   valueqMOJaÚ
 ÜqX	   exceptionqNX   stream_nameqX	   my_metricqX
   item_indexqMOX   endedq	âX   stream_resetq
âub.Äctensorwatch.lv_types
StreamItem
q )Åq}q(X   valueqMPJ ˘
 ÜqX	   exceptionqNX   stream_nameqX	   my_metricqX
   item_indexqMPX   endedq	âX   stream_resetq
âub.Äctensorwatch.lv_types
StreamItem
q )Åq}q(X   valueqMQJ°ˇ
 ÜqX	   exceptionqNX   stream_nameqX	   my_metricqX
   item_indexqMQX   endedq	âX   stream_resetq
âub.Äctensorwatch.lv_types
StreamItem
q )Åq}q(X   valueqMRJD ÜqX	   exceptionqNX   stream_nameqX	   my_metricqX
   item_indexqMRX   endedq	âX   stream_resetq
âub.Äctensorwatch.lv_types
StreamItem
q )Åq}q(X   valueqMSJÈ ÜqX	   exceptionqNX   stream_nameqX	   my_metricqX
   item_indexqMSX   endedq	âX   stream_resetq
âub.Äctensorwatch.lv_types
StreamItem
q )Åq}q(X   valueqMTJê ÜqX	   exceptionqNX   stream_nameqX	   my_metricqX
   item_indexqMTX   endedq	âX   stream_resetq
âub.Äctensorwatch.lv_types
StreamItem
q )Åq}q(X   valueqMUJ9 ÜqX	   exceptionqNX   stream_nameqX	   my_metricqX
   item_indexqMUX   endedq	âX   stream_resetq
âub.Äctensorwatch.lv_types
StreamItem
q )Åq}q(X   valueqMVJ‰  ÜqX	   exceptionqNX   stream_nameqX	   my_metricqX
   item_indexqMVX   endedq	âX   stream_resetq
âub.Äctensorwatch.lv_types
StreamItem
q )Åq}q(X   valueqMWJë' ÜqX	   exceptionqNX   stream_nameqX	   my_metricqX
   item_indexqMWX   endedq	âX   stream_resetq
âub.Äctensorwatch.lv_types
StreamItem
q )Åq}q(X   valueqMXJ@. ÜqX	   exceptionqNX   stream_nameqX	   my_metricqX
   item_indexqMXX   endedq	âX   stream_resetq
âub.Äctensorwatch.lv_types
StreamItem
q )Åq}q(X   valueqMYJÒ4 ÜqX	   exceptionqNX   stream_nameqX	   my_metricqX
   item_indexqMYX   endedq	âX   stream_resetq
âub.Äctensorwatch.lv_types
StreamItem
q )Åq}q(X   valueqMZJ§; ÜqX	   exceptionqNX   stream_nameqX	   my_metricqX
   item_indexqMZX   endedq	âX   stream_resetq
âub.Äctensorwatch.lv_types
StreamItem
q )Åq}q(X   valueqM[JYB ÜqX	   exceptionqNX   stream_nameqX	   my_metricqX
   item_indexqM[X   endedq	âX   stream_resetq
âub.Äctensorwatch.lv_types
StreamItem
q )Åq}q(X   valueqM\JI ÜqX	   exceptionqNX   stream_nameqX	   my_metricqX
   item_indexqM\X   endedq	âX   stream_resetq
âub.Äctensorwatch.lv_types
StreamItem
q )Åq}q(X   valueqM]J…O ÜqX	   exceptionqNX   stream_nameqX	   my_metricqX
   item_indexqM]X   endedq	âX   stream_resetq
âub.Äctensorwatch.lv_types
StreamItem
q )Åq}q(X   valueqM^JÑV ÜqX	   exceptionqNX   stream_nameqX	   my_metricqX
   item_indexqM^X   endedq	âX   stream_resetq
âub.Äctensorwatch.lv_types
StreamItem
q )Åq}q(X   valueqM_JA] ÜqX	   exceptionqNX   stream_nameqX	   my_metricqX
   item_indexqM_X   endedq	âX   stream_resetq
âub.Äctensorwatch.lv_types
StreamItem
q )Åq}q(X   valueqM`J d ÜqX	   exceptionqNX   stream_nameqX	   my_metricqX
   item_indexqM`X   endedq	âX   stream_resetq
âub.Äctensorwatch.lv_types
StreamItem
q )Åq}q(X   valueqMaJ¡j ÜqX	   exceptionqNX   stream_nameqX	   my_metricqX
   item_indexqMaX   endedq	âX   stream_resetq
âub.Äctensorwatch.lv_types
StreamItem
q )Åq}q(X   valueqMbJÑq ÜqX	   exceptionqNX   stream_nameqX	   my_metricqX
   item_indexqMbX   endedq	âX   stream_resetq
âub.Äctensorwatch.lv_types
StreamItem
q )Åq}q(X   valueqMcJIx ÜqX	   exceptionqNX   stream_nameqX	   my_metricqX
   item_indexqMcX   endedq	âX   stream_resetq
âub.Äctensorwatch.lv_types
StreamItem
q )Åq}q(X   valueqMdJ ÜqX	   exceptionqNX   stream_nameqX	   my_metricqX
   item_indexqMdX   endedq	âX   stream_resetq
âub.Äctensorwatch.lv_types
StreamItem
q )Åq}q(X   valueqMeJŸÖ ÜqX	   exceptionqNX   stream_nameqX	   my_metricqX
   item_indexqMeX   endedq	âX   stream_resetq
âub.Äctensorwatch.lv_types
StreamItem
q )Åq}q(X   valueqMfJ§å ÜqX	   exceptionqNX   stream_nameqX	   my_metricqX
   item_indexqMfX   endedq	âX   stream_resetq
âub.Äctensorwatch.lv_types
StreamItem
q )Åq}q(X   valueqMgJqì ÜqX	   exceptionqNX   stream_nameqX	   my_metricqX
   item_indexqMgX   endedq	âX   stream_resetq
âub.Äctensorwatch.lv_types
StreamItem
q )Åq}q(X   valueqMhJ@ö ÜqX	   exceptionqNX   stream_nameqX	   my_metricqX
   item_indexqMhX   endedq	âX   stream_resetq
âub.Äctensorwatch.lv_types
StreamItem
q )Åq}q(X   valueqMiJ° ÜqX	   exceptionqNX   stream_nameqX	   my_metricqX
   item_indexqMiX   endedq	âX   stream_resetq
âub.Äctensorwatch.lv_types
StreamItem
q )Åq}q(X   valueqMjJ‰ß ÜqX	   exceptionqNX   stream_nameqX	   my_metricqX
   item_indexqMjX   endedq	âX   stream_resetq
âub.Äctensorwatch.lv_types
StreamItem
q )Åq}q(X   valueqMkJπÆ ÜqX	   exceptionqNX   stream_nameqX	   my_metricqX
   item_indexqMkX   endedq	âX   stream_resetq
âub.Äctensorwatch.lv_types
StreamItem
q )Åq}q(X   valueqMlJêµ ÜqX	   exceptionqNX   stream_nameqX	   my_metricqX
   item_indexqMlX   endedq	âX   stream_resetq
âub.Äctensorwatch.lv_types
StreamItem
q )Åq}q(X   valueqMmJiº ÜqX	   exceptionqNX   stream_nameqX	   my_metricqX
   item_indexqMmX   endedq	âX   stream_resetq
âub.Äctensorwatch.lv_types
StreamItem
q )Åq}q(X   valueqMnJD√ ÜqX	   exceptionqNX   stream_nameqX	   my_metricqX
   item_indexqMnX   endedq	âX   stream_resetq
âub.Äctensorwatch.lv_types
StreamItem
q )Åq}q(X   valueqMoJ!  ÜqX	   exceptionqNX   stream_nameqX	   my_metricqX
   item_indexqMoX   endedq	âX   stream_resetq
âub.Äctensorwatch.lv_types
StreamItem
q )Åq}q(X   valueqMpJ — ÜqX	   exceptionqNX   stream_nameqX	   my_metricqX
   item_indexqMpX   endedq	âX   stream_resetq
âub.Äctensorwatch.lv_types
StreamItem
q )Åq}q(X   valueqMqJ·◊ ÜqX	   exceptionqNX   stream_nameqX	   my_metricqX
   item_indexqMqX   endedq	âX   stream_resetq
âub.Äctensorwatch.lv_types
StreamItem
q )Åq}q(X   valueqMrJƒﬁ ÜqX	   exceptionqNX   stream_nameqX	   my_metricqX
   item_indexqMrX   endedq	âX   stream_resetq
âub.Äctensorwatch.lv_types
StreamItem
q )Åq}q(X   valueqMsJ©Â ÜqX	   exceptionqNX   stream_nameqX	   my_metricqX
   item_indexqMsX   endedq	âX   stream_resetq
âub.Äctensorwatch.lv_types
StreamItem
q )Åq}q(X   valueqMtJêÏ ÜqX	   exceptionqNX   stream_nameqX	   my_metricqX
   item_indexqMtX   endedq	âX   stream_resetq
âub.Äctensorwatch.lv_types
StreamItem
q )Åq}q(X   valueqMuJyÛ ÜqX	   exceptionqNX   stream_nameqX	   my_metricqX
   item_indexqMuX   endedq	âX   stream_resetq
âub.Äctensorwatch.lv_types
StreamItem
q )Åq}q(X   valueqMvJd˙ ÜqX	   exceptionqNX   stream_nameqX	   my_metricqX
   item_indexqMvX   endedq	âX   stream_resetq
âub.Äctensorwatch.lv_types
StreamItem
q )Åq}q(X   valueqMwJQ ÜqX	   exceptionqNX   stream_nameqX	   my_metricqX
   item_indexqMwX   endedq	âX   stream_resetq
âub.Äctensorwatch.lv_types
StreamItem
q )Åq}q(X   valueqMxJ@ ÜqX	   exceptionqNX   stream_nameqX	   my_metricqX
   item_indexqMxX   endedq	âX   stream_resetq
âub.Äctensorwatch.lv_types
StreamItem
q )Åq}q(X   valueqMyJ1 ÜqX	   exceptionqNX   stream_nameqX	   my_metricqX
   item_indexqMyX   endedq	âX   stream_resetq
âub.Äctensorwatch.lv_types
StreamItem
q )Åq}q(X   valueqMzJ$ ÜqX	   exceptionqNX   stream_nameqX	   my_metricqX
   item_indexqMzX   endedq	âX   stream_resetq
âub.Äctensorwatch.lv_types
StreamItem
q )Åq}q(X   valueqM{J ÜqX	   exceptionqNX   stream_nameqX	   my_metricqX
   item_indexqM{X   endedq	âX   stream_resetq
âub.Äctensorwatch.lv_types
StreamItem
q )Åq}q(X   valueqM|J$ ÜqX	   exceptionqNX   stream_nameqX	   my_metricqX
   item_indexqM|X   endedq	âX   stream_resetq
âub.Äctensorwatch.lv_types
StreamItem
q )Åq}q(X   valueqM}J	+ ÜqX	   exceptionqNX   stream_nameqX	   my_metricqX
   item_indexqM}X   endedq	âX   stream_resetq
âub.Äctensorwatch.lv_types
StreamItem
q )Åq}q(X   valueqM~J2 ÜqX	   exceptionqNX   stream_nameqX	   my_metricqX
   item_indexqM~X   endedq	âX   stream_resetq
âub.Äctensorwatch.lv_types
StreamItem
q )Åq}q(X   valueqMJ9 ÜqX	   exceptionqNX   stream_nameqX	   my_metricqX
   item_indexqMX   endedq	âX   stream_resetq
âub.Äctensorwatch.lv_types
StreamItem
q )Åq}q(X   valueqMÄJ @ ÜqX	   exceptionqNX   stream_nameqX	   my_metricqX
   item_indexqMÄX   endedq	âX   stream_resetq
âub.Äctensorwatch.lv_types
StreamItem
q )Åq}q(X   valueqMÅJG ÜqX	   exceptionqNX   stream_nameqX	   my_metricqX
   item_indexqMÅX   endedq	âX   stream_resetq
âub.Äctensorwatch.lv_types
StreamItem
q )Åq}q(X   valueqMÇJN ÜqX	   exceptionqNX   stream_nameqX	   my_metricqX
   item_indexqMÇX   endedq	âX   stream_resetq
âub.Äctensorwatch.lv_types
StreamItem
q )Åq}q(X   valueqMÉJ	U ÜqX	   exceptionqNX   stream_nameqX	   my_metricqX
   item_indexqMÉX   endedq	âX   stream_resetq
âub.Äctensorwatch.lv_types
StreamItem
q )Åq}q(X   valueqMÑJ\ ÜqX	   exceptionqNX   stream_nameqX	   my_metricqX
   item_indexqMÑX   endedq	âX   stream_resetq
âub.Äctensorwatch.lv_types
StreamItem
q )Åq}q(X   valueqMÖJc ÜqX	   exceptionqNX   stream_nameqX	   my_metricqX
   item_indexqMÖX   endedq	âX   stream_resetq
âub.Äctensorwatch.lv_types
StreamItem
q )Åq}q(X   valueqMÜJ$j ÜqX	   exceptionqNX   stream_nameqX	   my_metricqX
   item_indexqMÜX   endedq	âX   stream_resetq
âub.Äctensorwatch.lv_types
StreamItem
q )Åq}q(X   valueqMáJ1q ÜqX	   exceptionqNX   stream_nameqX	   my_metricqX
   item_indexqMáX   endedq	âX   stream_resetq
âub.Äctensorwatch.lv_types
StreamItem
q )Åq}q(X   valueqMàJ@x ÜqX	   exceptionqNX   stream_nameqX	   my_metricqX
   item_indexqMàX   endedq	âX   stream_resetq
âub.Äctensorwatch.lv_types
StreamItem
q )Åq}q(X   valueqMâJQ ÜqX	   exceptionqNX   stream_nameqX	   my_metricqX
   item_indexqMâX   endedq	âX   stream_resetq
âub.Äctensorwatch.lv_types
StreamItem
q )Åq}q(X   valueqMäJdÜ ÜqX	   exceptionqNX   stream_nameqX	   my_metricqX
   item_indexqMäX   endedq	âX   stream_resetq
âub.Äctensorwatch.lv_types
StreamItem
q )Åq}q(X   valueqMãJyç ÜqX	   exceptionqNX   stream_nameqX	   my_metricqX
   item_indexqMãX   endedq	âX   stream_resetq
âub.Äctensorwatch.lv_types
StreamItem
q )Åq}q(X   valueqMåJêî ÜqX	   exceptionqNX   stream_nameqX	   my_metricqX
   item_indexqMåX   endedq	âX   stream_resetq
âub.Äctensorwatch.lv_types
StreamItem
q )Åq}q(X   valueqMçJ©õ ÜqX	   exceptionqNX   stream_nameqX	   my_metricqX
   item_indexqMçX   endedq	âX   stream_resetq
âub.Äctensorwatch.lv_types
StreamItem
q )Åq}q(X   valueqMéJƒ¢ ÜqX	   exceptionqNX   stream_nameqX	   my_metricqX
   item_indexqMéX   endedq	âX   stream_resetq
âub.Äctensorwatch.lv_types
StreamItem
q )Åq}q(X   valueqMèJ·© ÜqX	   exceptionqNX   stream_nameqX	   my_metricqX
   item_indexqMèX   endedq	âX   stream_resetq
âub.Äctensorwatch.lv_types
StreamItem
q )Åq}q(X   valueqMêJ ± ÜqX	   exceptionqNX   stream_nameqX	   my_metricqX
   item_indexqMêX   endedq	âX   stream_resetq
âub.Äctensorwatch.lv_types
StreamItem
q )Åq}q(X   valueqMëJ!∏ ÜqX	   exceptionqNX   stream_nameqX	   my_metricqX
   item_indexqMëX   endedq	âX   stream_resetq
âub.Äctensorwatch.lv_types
StreamItem
q )Åq}q(X   valueqMíJDø ÜqX	   exceptionqNX   stream_nameqX	   my_metricqX
   item_indexqMíX   endedq	âX   stream_resetq
âub.Äctensorwatch.lv_types
StreamItem
q )Åq}q(X   valueqMìJi∆ ÜqX	   exceptionqNX   stream_nameqX	   my_metricqX
   item_indexqMìX   endedq	âX   stream_resetq
âub.Äctensorwatch.lv_types
StreamItem
q )Åq}q(X   valueqMîJêÕ ÜqX	   exceptionqNX   stream_nameqX	   my_metricqX
   item_indexqMîX   endedq	âX   stream_resetq
âub.Äctensorwatch.lv_types
StreamItem
q )Åq}q(X   valueqMïJπ‘ ÜqX	   exceptionqNX   stream_nameqX	   my_metricqX
   item_indexqMïX   endedq	âX   stream_resetq
âub.Äctensorwatch.lv_types
StreamItem
q )Åq}q(X   valueqMñJ‰€ ÜqX	   exceptionqNX   stream_nameqX	   my_metricqX
   item_indexqMñX   endedq	âX   stream_resetq
âub.Äctensorwatch.lv_types
StreamItem
q )Åq}q(X   valueqMóJ„ ÜqX	   exceptionqNX   stream_nameqX	   my_metricqX
   item_indexqMóX   endedq	âX   stream_resetq
âub.Äctensorwatch.lv_types
StreamItem
q )Åq}q(X   valueqMòJ@Í ÜqX	   exceptionqNX   stream_nameqX	   my_metricqX
   item_indexqMòX   endedq	âX   stream_resetq
âub.Äctensorwatch.lv_types
StreamItem
q )Åq}q(X   valueqMôJqÒ ÜqX	   exceptionqNX   stream_nameqX	   my_metricqX
   item_indexqMôX   endedq	âX   stream_resetq
âub.Äctensorwatch.lv_types
StreamItem
q )Åq}q(X   valueqMöJ§¯ ÜqX	   exceptionqNX   stream_nameqX	   my_metricqX
   item_indexqMöX   endedq	âX   stream_resetq
âub.Äctensorwatch.lv_types
StreamItem
q )Åq}q(X   valueqMõJŸˇ ÜqX	   exceptionqNX   stream_nameqX	   my_metricqX
   item_indexqMõX   endedq	âX   stream_resetq
âub.Äctensorwatch.lv_types
StreamItem
q )Åq}q(X   valueqMúJ ÜqX	   exceptionqNX   stream_nameqX	   my_metricqX
   item_indexqMúX   endedq	âX   stream_resetq
âub.Äctensorwatch.lv_types
StreamItem
q )Åq}q(X   valueqMùJI ÜqX	   exceptionqNX   stream_nameqX	   my_metricqX
   item_indexqMùX   endedq	âX   stream_resetq
âub.Äctensorwatch.lv_types
StreamItem
q )Åq}q(X   valueqMûJÑ ÜqX	   exceptionqNX   stream_nameqX	   my_metricqX
   item_indexqMûX   endedq	âX   stream_resetq
âub.Äctensorwatch.lv_types
StreamItem
q )Åq}q(X   valueqMüJ¡ ÜqX	   exceptionqNX   stream_nameqX	   my_metricqX
   item_indexqMüX   endedq	âX   stream_resetq
âub.Äctensorwatch.lv_types
StreamItem
q )Åq}q(X   valueqM†J $ ÜqX	   exceptionqNX   stream_nameqX	   my_metricqX
   item_indexqM†X   endedq	âX   stream_resetq
âub.Äctensorwatch.lv_types
StreamItem
q )Åq}q(X   valueqM°JA+ ÜqX	   exceptionqNX   stream_nameqX	   my_metricqX
   item_indexqM°X   endedq	âX   stream_resetq
âub.Äctensorwatch.lv_types
StreamItem
q )Åq}q(X   valueqM¢JÑ2 ÜqX	   exceptionqNX   stream_nameqX	   my_metricqX
   item_indexqM¢X   endedq	âX   stream_resetq
âub.Äctensorwatch.lv_types
StreamItem
q )Åq}q(X   valueqM£J…9 ÜqX	   exceptionqNX   stream_nameqX	   my_metricqX
   item_indexqM£X   endedq	âX   stream_resetq
âub.Äctensorwatch.lv_types
StreamItem
q )Åq}q(X   valueqM§JA ÜqX	   exceptionqNX   stream_nameqX	   my_metricqX
   item_indexqM§X   endedq	âX   stream_resetq
âub.Äctensorwatch.lv_types
StreamItem
q )Åq}q(X   valueqM•JYH ÜqX	   exceptionqNX   stream_nameqX	   my_metricqX
   item_indexqM•X   endedq	âX   stream_resetq
âub.Äctensorwatch.lv_types
StreamItem
q )Åq}q(X   valueqM¶J§O ÜqX	   exceptionqNX   stream_nameqX	   my_metricqX
   item_indexqM¶X   endedq	âX   stream_resetq
âub.Äctensorwatch.lv_types
StreamItem
q )Åq}q(X   valueqMßJÒV ÜqX	   exceptionqNX   stream_nameqX	   my_metricqX
   item_indexqMßX   endedq	âX   stream_resetq
âub.Äctensorwatch.lv_types
StreamItem
q )Åq}q(X   valueqM®J@^ ÜqX	   exceptionqNX   stream_nameqX	   my_metricqX
   item_indexqM®X   endedq	âX   stream_resetq
âub.Äctensorwatch.lv_types
StreamItem
q )Åq}q(X   valueqM©Jëe ÜqX	   exceptionqNX   stream_nameqX	   my_metricqX
   item_indexqM©X   endedq	âX   stream_resetq
âub.Äctensorwatch.lv_types
StreamItem
q )Åq}q(X   valueqM™J‰l ÜqX	   exceptionqNX   stream_nameqX	   my_metricqX
   item_indexqM™X   endedq	âX   stream_resetq
âub.Äctensorwatch.lv_types
StreamItem
q )Åq}q(X   valueqM´J9t ÜqX	   exceptionqNX   stream_nameqX	   my_metricqX
   item_indexqM´X   endedq	âX   stream_resetq
âub.Äctensorwatch.lv_types
StreamItem
q )Åq}q(X   valueqM¨Jê{ ÜqX	   exceptionqNX   stream_nameqX	   my_metricqX
   item_indexqM¨X   endedq	âX   stream_resetq
âub.Äctensorwatch.lv_types
StreamItem
q )Åq}q(X   valueqM≠JÈÇ ÜqX	   exceptionqNX   stream_nameqX	   my_metricqX
   item_indexqM≠X   endedq	âX   stream_resetq
âub.Äctensorwatch.lv_types
StreamItem
q )Åq}q(X   valueqMÆJDä ÜqX	   exceptionqNX   stream_nameqX	   my_metricqX
   item_indexqMÆX   endedq	âX   stream_resetq
âub.Äctensorwatch.lv_types
StreamItem
q )Åq}q(X   valueqMØJ°ë ÜqX	   exceptionqNX   stream_nameqX	   my_metricqX
   item_indexqMØX   endedq	âX   stream_resetq
âub.Äctensorwatch.lv_types
StreamItem
q )Åq}q(X   valueqM∞J ô ÜqX	   exceptionqNX   stream_nameqX	   my_metricqX
   item_indexqM∞X   endedq	âX   stream_resetq
âub.Äctensorwatch.lv_types
StreamItem
q )Åq}q(X   valueqM±Ja† ÜqX	   exceptionqNX   stream_nameqX	   my_metricqX
   item_indexqM±X   endedq	âX   stream_resetq
âub.Äctensorwatch.lv_types
StreamItem
q )Åq}q(X   valueqM≤Jƒß ÜqX	   exceptionqNX   stream_nameqX	   my_metricqX
   item_indexqM≤X   endedq	âX   stream_resetq
âub.Äctensorwatch.lv_types
StreamItem
q )Åq}q(X   valueqM≥J)Ø ÜqX	   exceptionqNX   stream_nameqX	   my_metricqX
   item_indexqM≥X   endedq	âX   stream_resetq
âub.Äctensorwatch.lv_types
StreamItem
q )Åq}q(X   valueqM¥Jê∂ ÜqX	   exceptionqNX   stream_nameqX	   my_metricqX
   item_indexqM¥X   endedq	âX   stream_resetq
âub.Äctensorwatch.lv_types
StreamItem
q )Åq}q(X   valueqMµJ˘Ω ÜqX	   exceptionqNX   stream_nameqX	   my_metricqX
   item_indexqMµX   endedq	âX   stream_resetq
âub.Äctensorwatch.lv_types
StreamItem
q )Åq}q(X   valueqM∂Jd≈ ÜqX	   exceptionqNX   stream_nameqX	   my_metricqX
   item_indexqM∂X   endedq	âX   stream_resetq
âub.Äctensorwatch.lv_types
StreamItem
q )Åq}q(X   valueqM∑J—Ã ÜqX	   exceptionqNX   stream_nameqX	   my_metricqX
   item_indexqM∑X   endedq	âX   stream_resetq
âub.Äctensorwatch.lv_types
StreamItem
q )Åq}q(X   valueqM∏J@‘ ÜqX	   exceptionqNX   stream_nameqX	   my_metricqX
   item_indexqM∏X   endedq	âX   stream_resetq
âub.Äctensorwatch.lv_types
StreamItem
q )Åq}q(X   valueqMπJ±€ ÜqX	   exceptionqNX   stream_nameqX	   my_metricqX
   item_indexqMπX   endedq	âX   stream_resetq
âub.Äctensorwatch.lv_types
StreamItem
q )Åq}q(X   valueqM∫J$„ ÜqX	   exceptionqNX   stream_nameqX	   my_metricqX
   item_indexqM∫X   endedq	âX   stream_resetq
âub.Äctensorwatch.lv_types
StreamItem
q )Åq}q(X   valueqMªJôÍ ÜqX	   exceptionqNX   stream_nameqX	   my_metricqX
   item_indexqMªX   endedq	âX   stream_resetq
âub.Äctensorwatch.lv_types
StreamItem
q )Åq}q(X   valueqMºJÚ ÜqX	   exceptionqNX   stream_nameqX	   my_metricqX
   item_indexqMºX   endedq	âX   stream_resetq
âub.Äctensorwatch.lv_types
StreamItem
q )Åq}q(X   valueqMΩJâ˘ ÜqX	   exceptionqNX   stream_nameqX	   my_metricqX
   item_indexqMΩX   endedq	âX   stream_resetq
âub.Äctensorwatch.lv_types
StreamItem
q )Åq}q(X   valueqMæJ ÜqX	   exceptionqNX   stream_nameqX	   my_metricqX
   item_indexqMæX   endedq	âX   stream_resetq
âub.Äctensorwatch.lv_types
StreamItem
q )Åq}q(X   valueqMøJÅ ÜqX	   exceptionqNX   stream_nameqX	   my_metricqX
   item_indexqMøX   endedq	âX   stream_resetq
âub.Äctensorwatch.lv_types
StreamItem
q )Åq}q(X   valueqM¿J  ÜqX	   exceptionqNX   stream_nameqX	   my_metricqX
   item_indexqM¿X   endedq	âX   stream_resetq
âub.Äctensorwatch.lv_types
StreamItem
q )Åq}q(X   valueqM¡JÅ ÜqX	   exceptionqNX   stream_nameqX	   my_metricqX
   item_indexqM¡X   endedq	âX   stream_resetq
âub.Äctensorwatch.lv_types
StreamItem
q )Åq}q(X   valueqM¬J ÜqX	   exceptionqNX   stream_nameqX	   my_metricqX
   item_indexqM¬X   endedq	âX   stream_resetq
âub.Äctensorwatch.lv_types
StreamItem
q )Åq}q(X   valueqM√Jâ& ÜqX	   exceptionqNX   stream_nameqX	   my_metricqX
   item_indexqM√X   endedq	âX   stream_resetq
âub.Äctensorwatch.lv_types
StreamItem
q )Åq}q(X   valueqMƒJ. ÜqX	   exceptionqNX   stream_nameqX	   my_metricqX
   item_indexqMƒX   endedq	âX   stream_resetq
âub.Äctensorwatch.lv_types
StreamItem
q )Åq}q(X   valueqM≈Jô5 ÜqX	   exceptionqNX   stream_nameqX	   my_metricqX
   item_indexqM≈X   endedq	âX   stream_resetq
âub.Äctensorwatch.lv_types
StreamItem
q )Åq}q(X   valueqM∆J$= ÜqX	   exceptionqNX   stream_nameqX	   my_metricqX
   item_indexqM∆X   endedq	âX   stream_resetq
âub.Äctensorwatch.lv_types
StreamItem
q )Åq}q(X   valueqM«J±D ÜqX	   exceptionqNX   stream_nameqX	   my_metricqX
   item_indexqM«X   endedq	âX   stream_resetq
âub.Äctensorwatch.lv_types
StreamItem
q )Åq}q(X   valueqM»J@L ÜqX	   exceptionqNX   stream_nameqX	   my_metricqX
   item_indexqM»X   endedq	âX   stream_resetq
âub.Äctensorwatch.lv_types
StreamItem
q )Åq}q(X   valueqM…J—S ÜqX	   exceptionqNX   stream_nameqX	   my_metricqX
   item_indexqM…X   endedq	âX   stream_resetq
âub.Äctensorwatch.lv_types
StreamItem
q )Åq}q(X   valueqM Jd[ ÜqX	   exceptionqNX   stream_nameqX	   my_metricqX
   item_indexqM X   endedq	âX   stream_resetq
âub.Äctensorwatch.lv_types
StreamItem
q )Åq}q(X   valueqMÀJ˘b ÜqX	   exceptionqNX   stream_nameqX	   my_metricqX
   item_indexqMÀX   endedq	âX   stream_resetq
âub.Äctensorwatch.lv_types
StreamItem
q )Åq}q(X   valueqMÃJêj ÜqX	   exceptionqNX   stream_nameqX	   my_metricqX
   item_indexqMÃX   endedq	âX   stream_resetq
âub.